<?xml version="1.0" encoding="ISO-8859-1" ?>
<link_info>
   <banner>TI ARM Clang Linker PC v3.2.1.LTS</banner>
   <copyright>Copyright (c) 1996-2018 Texas Instruments Incorporated</copyright>
   <link_time>0x66ab29b2</link_time>
   <link_errors>0x0</link_errors>
   <output_file>C:\Users\RATTAN\Desktop\ccs workspace\Car Ver2.0\Debug\Car Ver2.0.out</output_file>
   <entry_point>
      <name>_c_int00_noargs</name>
      <address>0x4771</address>
   </entry_point>
   <input_file_list>
      <input_file id="fl-1">
         <path>C:\Users\RATTAN\Desktop\ccs workspace\Car Ver2.0\Debug\.\</path>
         <kind>object</kind>
         <file>ti_msp_dl_config.o</file>
         <name>ti_msp_dl_config.o</name>
      </input_file>
      <input_file id="fl-2">
         <path>C:\Users\RATTAN\Desktop\ccs workspace\Car Ver2.0\Debug\.\</path>
         <kind>object</kind>
         <file>startup_mspm0g350x_ticlang.o</file>
         <name>startup_mspm0g350x_ticlang.o</name>
      </input_file>
      <input_file id="fl-3">
         <path>C:\Users\RATTAN\Desktop\ccs workspace\Car Ver2.0\Debug\.\</path>
         <kind>object</kind>
         <file>main.o</file>
         <name>main.o</name>
      </input_file>
      <input_file id="fl-4">
         <path>C:\Users\RATTAN\Desktop\ccs workspace\Car Ver2.0\Debug\.\APP\</path>
         <kind>object</kind>
         <file>alert.o</file>
         <name>alert.o</name>
      </input_file>
      <input_file id="fl-5">
         <path>C:\Users\RATTAN\Desktop\ccs workspace\Car Ver2.0\Debug\.\APP\</path>
         <kind>object</kind>
         <file>app.o</file>
         <name>app.o</name>
      </input_file>
      <input_file id="fl-6">
         <path>C:\Users\RATTAN\Desktop\ccs workspace\Car Ver2.0\Debug\.\APP\</path>
         <kind>object</kind>
         <file>encoder.o</file>
         <name>encoder.o</name>
      </input_file>
      <input_file id="fl-7">
         <path>C:\Users\RATTAN\Desktop\ccs workspace\Car Ver2.0\Debug\.\APP\</path>
         <kind>object</kind>
         <file>gy62.o</file>
         <name>gy62.o</name>
      </input_file>
      <input_file id="fl-8">
         <path>C:\Users\RATTAN\Desktop\ccs workspace\Car Ver2.0\Debug\.\APP\</path>
         <kind>object</kind>
         <file>motor_cycle.o</file>
         <name>motor_cycle.o</name>
      </input_file>
      <input_file id="fl-9">
         <path>C:\Users\RATTAN\Desktop\ccs workspace\Car Ver2.0\Debug\.\APP\</path>
         <kind>object</kind>
         <file>photocell.o</file>
         <name>photocell.o</name>
      </input_file>
      <input_file id="fl-a">
         <path>C:\Users\RATTAN\Desktop\ccs workspace\Car Ver2.0\Debug\.\APP\</path>
         <kind>object</kind>
         <file>pid.o</file>
         <name>pid.o</name>
      </input_file>
      <input_file id="fl-b">
         <path>C:\Users\RATTAN\Desktop\ccs workspace\Car Ver2.0\Debug\.\APP\</path>
         <kind>object</kind>
         <file>print.o</file>
         <name>print.o</name>
      </input_file>
      <input_file id="fl-c">
         <path>C:\Users\RATTAN\Desktop\ccs workspace\Car Ver2.0\Debug\.\APP\</path>
         <kind>object</kind>
         <file>process.o</file>
         <name>process.o</name>
      </input_file>
      <input_file id="fl-d">
         <path>C:\Users\RATTAN\Desktop\ccs workspace\Car Ver2.0\Debug\.\APP\</path>
         <kind>object</kind>
         <file>yaw_cycle.o</file>
         <name>yaw_cycle.o</name>
      </input_file>
      <input_file id="fl-e">
         <path>C:\Users\RATTAN\Desktop\ccs workspace\Car Ver2.0\Debug\.\Driver\</path>
         <kind>object</kind>
         <file>lib_i2c.o</file>
         <name>lib_i2c.o</name>
      </input_file>
      <input_file id="fl-f">
         <path>C:\Users\RATTAN\Desktop\ccs workspace\Car Ver2.0\Debug\.\Peri\OLED\</path>
         <kind>object</kind>
         <file>front.o</file>
         <name>front.o</name>
      </input_file>
      <input_file id="fl-10">
         <path>C:\Users\RATTAN\Desktop\ccs workspace\Car Ver2.0\Debug\.\Peri\OLED\</path>
         <kind>object</kind>
         <file>oled.o</file>
         <name>oled.o</name>
      </input_file>
      <input_file id="fl-11">
         <path>C:\Users\RATTAN\Desktop\ccs workspace\Car Ver2.0\Debug\.\Peri\TM1650\</path>
         <kind>object</kind>
         <file>tm1650.o</file>
         <name>tm1650.o</name>
      </input_file>
      <input_file id="fl-12">
         <path>C:\Users\RATTAN\Desktop\ccs workspace\Car Ver2.0\Debug\.\Peri\photocell8bits\</path>
         <kind>object</kind>
         <file>photocell.o</file>
         <name>photocell.o</name>
      </input_file>
      <input_file id="fl-1f">
         <path>C:\Users\RATTAN\Desktop\ccs workspace\Car Ver2.0\Debug\</path>
         <kind>object</kind>
         <file>&lt;internal&gt;</file>
         <name>&lt;internal&gt;</name>
      </input_file>
      <input_file id="fl-20">
         <path>C:\ti\mspm0_sdk_2_01_00_03\source\ti\driverlib\lib\ticlang\m0p\mspm0g1x0x_g3x0x\</path>
         <kind>archive</kind>
         <file>driverlib.a</file>
         <name>dl_common.o</name>
      </input_file>
      <input_file id="fl-21">
         <path>C:\ti\mspm0_sdk_2_01_00_03\source\ti\driverlib\lib\ticlang\m0p\mspm0g1x0x_g3x0x\</path>
         <kind>archive</kind>
         <file>driverlib.a</file>
         <name>dl_i2c.o</name>
      </input_file>
      <input_file id="fl-22">
         <path>C:\ti\mspm0_sdk_2_01_00_03\source\ti\driverlib\lib\ticlang\m0p\mspm0g1x0x_g3x0x\</path>
         <kind>archive</kind>
         <file>driverlib.a</file>
         <name>dl_timer.o</name>
      </input_file>
      <input_file id="fl-23">
         <path>C:\ti\mspm0_sdk_2_01_00_03\source\ti\driverlib\lib\ticlang\m0p\mspm0g1x0x_g3x0x\</path>
         <kind>archive</kind>
         <file>driverlib.a</file>
         <name>dl_uart.o</name>
      </input_file>
      <input_file id="fl-24">
         <path>C:\ti\mspm0_sdk_2_01_00_03\source\ti\driverlib\lib\ticlang\m0p\mspm0g1x0x_g3x0x\</path>
         <kind>archive</kind>
         <file>driverlib.a</file>
         <name>dl_sysctl_mspm0g1x0x_g3x0x.o</name>
      </input_file>
      <input_file id="fl-33">
         <path>D:\ti\ccs1260\ccs\tools\compiler\ti-cgt-armllvm_3.2.1.LTS\lib\armv6m-ti-none-eabi\c\</path>
         <kind>archive</kind>
         <file>libc.a</file>
         <name>sprintf.c.obj</name>
      </input_file>
      <input_file id="fl-34">
         <path>D:\ti\ccs1260\ccs\tools\compiler\ti-cgt-armllvm_3.2.1.LTS\lib\armv6m-ti-none-eabi\c\</path>
         <kind>archive</kind>
         <file>libc.a</file>
         <name>vsprintf.c.obj</name>
      </input_file>
      <input_file id="fl-35">
         <path>D:\ti\ccs1260\ccs\tools\compiler\ti-cgt-armllvm_3.2.1.LTS\lib\armv6m-ti-none-eabi\c\</path>
         <kind>archive</kind>
         <file>libc.a</file>
         <name>copy_zero_init.c.obj</name>
      </input_file>
      <input_file id="fl-36">
         <path>D:\ti\ccs1260\ccs\tools\compiler\ti-cgt-armllvm_3.2.1.LTS\lib\armv6m-ti-none-eabi\c\</path>
         <kind>archive</kind>
         <file>libc.a</file>
         <name>copy_decompress_none.c.obj</name>
      </input_file>
      <input_file id="fl-37">
         <path>D:\ti\ccs1260\ccs\tools\compiler\ti-cgt-armllvm_3.2.1.LTS\lib\armv6m-ti-none-eabi\c\</path>
         <kind>archive</kind>
         <file>libc.a</file>
         <name>copy_decompress_lzss.c.obj</name>
      </input_file>
      <input_file id="fl-38">
         <path>D:\ti\ccs1260\ccs\tools\compiler\ti-cgt-armllvm_3.2.1.LTS\lib\armv6m-ti-none-eabi\c\</path>
         <kind>archive</kind>
         <file>libc.a</file>
         <name>boot_cortex_m.c.obj</name>
      </input_file>
      <input_file id="fl-39">
         <path>D:\ti\ccs1260\ccs\tools\compiler\ti-cgt-armllvm_3.2.1.LTS\lib\armv6m-ti-none-eabi\c\</path>
         <kind>archive</kind>
         <file>libc.a</file>
         <name>mathacl_init.c.obj</name>
      </input_file>
      <input_file id="fl-3a">
         <path>D:\ti\ccs1260\ccs\tools\compiler\ti-cgt-armllvm_3.2.1.LTS\lib\armv6m-ti-none-eabi\c\</path>
         <kind>archive</kind>
         <file>libc.a</file>
         <name>_printfi.c.obj</name>
      </input_file>
      <input_file id="fl-3b">
         <path>D:\ti\ccs1260\ccs\tools\compiler\ti-cgt-armllvm_3.2.1.LTS\lib\armv6m-ti-none-eabi\c\</path>
         <kind>archive</kind>
         <file>libc.a</file>
         <name>s_frexp.c.obj</name>
      </input_file>
      <input_file id="fl-3c">
         <path>D:\ti\ccs1260\ccs\tools\compiler\ti-cgt-armllvm_3.2.1.LTS\lib\armv6m-ti-none-eabi\c\</path>
         <kind>archive</kind>
         <file>libc.a</file>
         <name>s_scalbn.c.obj</name>
      </input_file>
      <input_file id="fl-3d">
         <path>D:\ti\ccs1260\ccs\tools\compiler\ti-cgt-armllvm_3.2.1.LTS\lib\armv6m-ti-none-eabi\c\</path>
         <kind>archive</kind>
         <file>libc.a</file>
         <name>aeabi_portable.c.obj</name>
      </input_file>
      <input_file id="fl-3e">
         <path>D:\ti\ccs1260\ccs\tools\compiler\ti-cgt-armllvm_3.2.1.LTS\lib\armv6m-ti-none-eabi\c\</path>
         <kind>archive</kind>
         <file>libc.a</file>
         <name>exit.c.obj</name>
      </input_file>
      <input_file id="fl-3f">
         <path>D:\ti\ccs1260\ccs\tools\compiler\ti-cgt-armllvm_3.2.1.LTS\lib\armv6m-ti-none-eabi\c\</path>
         <kind>archive</kind>
         <file>libc.a</file>
         <name>_lock.c.obj</name>
      </input_file>
      <input_file id="fl-40">
         <path>D:\ti\ccs1260\ccs\tools\compiler\ti-cgt-armllvm_3.2.1.LTS\lib\armv6m-ti-none-eabi\c\</path>
         <kind>archive</kind>
         <file>libc.a</file>
         <name>_ltoa.c.obj</name>
      </input_file>
      <input_file id="fl-41">
         <path>D:\ti\ccs1260\ccs\tools\compiler\ti-cgt-armllvm_3.2.1.LTS\lib\armv6m-ti-none-eabi\c\</path>
         <kind>archive</kind>
         <file>libc.a</file>
         <name>args_main.c.obj</name>
      </input_file>
      <input_file id="fl-42">
         <path>D:\ti\ccs1260\ccs\tools\compiler\ti-cgt-armllvm_3.2.1.LTS\lib\armv6m-ti-none-eabi\c\</path>
         <kind>archive</kind>
         <file>libc.a</file>
         <name>assert.c.obj</name>
      </input_file>
      <input_file id="fl-43">
         <path>D:\ti\ccs1260\ccs\tools\compiler\ti-cgt-armllvm_3.2.1.LTS\lib\armv6m-ti-none-eabi\c\</path>
         <kind>archive</kind>
         <file>libc.a</file>
         <name>atoi.c.obj</name>
      </input_file>
      <input_file id="fl-44">
         <path>D:\ti\ccs1260\ccs\tools\compiler\ti-cgt-armllvm_3.2.1.LTS\lib\armv6m-ti-none-eabi\c\</path>
         <kind>archive</kind>
         <file>libc.a</file>
         <name>defs.c.obj</name>
      </input_file>
      <input_file id="fl-45">
         <path>D:\ti\ccs1260\ccs\tools\compiler\ti-cgt-armllvm_3.2.1.LTS\lib\armv6m-ti-none-eabi\c\</path>
         <kind>archive</kind>
         <file>libc.a</file>
         <name>memccpy.c.obj</name>
      </input_file>
      <input_file id="fl-46">
         <path>D:\ti\ccs1260\ccs\tools\compiler\ti-cgt-armllvm_3.2.1.LTS\lib\armv6m-ti-none-eabi\c\</path>
         <kind>archive</kind>
         <file>libc.a</file>
         <name>memory.c.obj</name>
      </input_file>
      <input_file id="fl-47">
         <path>D:\ti\ccs1260\ccs\tools\compiler\ti-cgt-armllvm_3.2.1.LTS\lib\armv6m-ti-none-eabi\c\</path>
         <kind>archive</kind>
         <file>libc.a</file>
         <name>autoinit.c.obj</name>
      </input_file>
      <input_file id="fl-48">
         <path>D:\ti\ccs1260\ccs\tools\compiler\ti-cgt-armllvm_3.2.1.LTS\lib\armv6m-ti-none-eabi\c\</path>
         <kind>archive</kind>
         <file>libc.a</file>
         <name>pre_init.c.obj</name>
      </input_file>
      <input_file id="fl-49">
         <path>D:\ti\ccs1260\ccs\tools\compiler\ti-cgt-armllvm_3.2.1.LTS\lib\armv6m-ti-none-eabi\c\</path>
         <kind>archive</kind>
         <file>libc.a</file>
         <name>cpy_tbl.c.obj</name>
      </input_file>
      <input_file id="fl-4a">
         <path>D:\ti\ccs1260\ccs\tools\compiler\ti-cgt-armllvm_3.2.1.LTS\lib\armv6m-ti-none-eabi\c\</path>
         <kind>archive</kind>
         <file>libc.a</file>
         <name>wcslen.c.obj</name>
      </input_file>
      <input_file id="fl-4b">
         <path>D:\ti\ccs1260\ccs\tools\compiler\ti-cgt-armllvm_3.2.1.LTS\lib\armv6m-ti-none-eabi\c\</path>
         <kind>archive</kind>
         <file>libc.a</file>
         <name>fflush.c.obj</name>
      </input_file>
      <input_file id="fl-4c">
         <path>D:\ti\ccs1260\ccs\tools\compiler\ti-cgt-armllvm_3.2.1.LTS\lib\armv6m-ti-none-eabi\c\</path>
         <kind>archive</kind>
         <file>libc.a</file>
         <name>fputs.c.obj</name>
      </input_file>
      <input_file id="fl-4d">
         <path>D:\ti\ccs1260\ccs\tools\compiler\ti-cgt-armllvm_3.2.1.LTS\lib\armv6m-ti-none-eabi\c\</path>
         <kind>archive</kind>
         <file>libc.a</file>
         <name>_io_perm.c.obj</name>
      </input_file>
      <input_file id="fl-4e">
         <path>D:\ti\ccs1260\ccs\tools\compiler\ti-cgt-armllvm_3.2.1.LTS\lib\armv6m-ti-none-eabi\c\</path>
         <kind>archive</kind>
         <file>libc.a</file>
         <name>setvbuf.c.obj</name>
      </input_file>
      <input_file id="fl-4f">
         <path>D:\ti\ccs1260\ccs\tools\compiler\ti-cgt-armllvm_3.2.1.LTS\lib\armv6m-ti-none-eabi\c\</path>
         <kind>archive</kind>
         <file>libc.a</file>
         <name>aeabi_ctype.S.obj</name>
      </input_file>
      <input_file id="fl-50">
         <path>D:\ti\ccs1260\ccs\tools\compiler\ti-cgt-armllvm_3.2.1.LTS\lib\armv6m-ti-none-eabi\c\</path>
         <kind>archive</kind>
         <file>libc.a</file>
         <name>fopen.c.obj</name>
      </input_file>
      <input_file id="fl-51">
         <path>D:\ti\ccs1260\ccs\tools\compiler\ti-cgt-armllvm_3.2.1.LTS\lib\armv6m-ti-none-eabi\c\</path>
         <kind>archive</kind>
         <file>libc.a</file>
         <name>fseek.c.obj</name>
      </input_file>
      <input_file id="fl-52">
         <path>D:\ti\ccs1260\ccs\tools\compiler\ti-cgt-armllvm_3.2.1.LTS\lib\armv6m-ti-none-eabi\c\</path>
         <kind>archive</kind>
         <file>libc.a</file>
         <name>fclose.c.obj</name>
      </input_file>
      <input_file id="fl-b8">
         <path>D:\ti\ccs1260\ccs\tools\compiler\ti-cgt-armllvm_3.2.1.LTS\lib\armv6m-ti-none-eabi\c\</path>
         <kind>archive</kind>
         <file>libsysbm.a</file>
         <name>write.c.obj</name>
      </input_file>
      <input_file id="fl-b9">
         <path>D:\ti\ccs1260\ccs\tools\compiler\ti-cgt-armllvm_3.2.1.LTS\lib\armv6m-ti-none-eabi\c\</path>
         <kind>archive</kind>
         <file>libsysbm.a</file>
         <name>host_device.c.obj</name>
      </input_file>
      <input_file id="fl-ba">
         <path>D:\ti\ccs1260\ccs\tools\compiler\ti-cgt-armllvm_3.2.1.LTS\lib\armv6m-ti-none-eabi\c\</path>
         <kind>archive</kind>
         <file>libsysbm.a</file>
         <name>remove.c.obj</name>
      </input_file>
      <input_file id="fl-bb">
         <path>D:\ti\ccs1260\ccs\tools\compiler\ti-cgt-armllvm_3.2.1.LTS\lib\armv6m-ti-none-eabi\c\</path>
         <kind>archive</kind>
         <file>libsysbm.a</file>
         <name>open.c.obj</name>
      </input_file>
      <input_file id="fl-bc">
         <path>D:\ti\ccs1260\ccs\tools\compiler\ti-cgt-armllvm_3.2.1.LTS\lib\armv6m-ti-none-eabi\c\</path>
         <kind>archive</kind>
         <file>libsysbm.a</file>
         <name>lseek.c.obj</name>
      </input_file>
      <input_file id="fl-bd">
         <path>D:\ti\ccs1260\ccs\tools\compiler\ti-cgt-armllvm_3.2.1.LTS\lib\armv6m-ti-none-eabi\c\</path>
         <kind>archive</kind>
         <file>libsysbm.a</file>
         <name>close.c.obj</name>
      </input_file>
      <input_file id="fl-be">
         <path>D:\ti\ccs1260\ccs\tools\compiler\ti-cgt-armllvm_3.2.1.LTS\lib\armv6m-ti-none-eabi\c\</path>
         <kind>archive</kind>
         <file>libsysbm.a</file>
         <name>unlink.c.obj</name>
      </input_file>
      <input_file id="fl-bf">
         <path>D:\ti\ccs1260\ccs\tools\compiler\ti-cgt-armllvm_3.2.1.LTS\lib\armv6m-ti-none-eabi\c\</path>
         <kind>archive</kind>
         <file>libsysbm.a</file>
         <name>hostclose.c.obj</name>
      </input_file>
      <input_file id="fl-c0">
         <path>D:\ti\ccs1260\ccs\tools\compiler\ti-cgt-armllvm_3.2.1.LTS\lib\armv6m-ti-none-eabi\c\</path>
         <kind>archive</kind>
         <file>libsysbm.a</file>
         <name>hostlseek.c.obj</name>
      </input_file>
      <input_file id="fl-c1">
         <path>D:\ti\ccs1260\ccs\tools\compiler\ti-cgt-armllvm_3.2.1.LTS\lib\armv6m-ti-none-eabi\c\</path>
         <kind>archive</kind>
         <file>libsysbm.a</file>
         <name>hostopen.c.obj</name>
      </input_file>
      <input_file id="fl-c2">
         <path>D:\ti\ccs1260\ccs\tools\compiler\ti-cgt-armllvm_3.2.1.LTS\lib\armv6m-ti-none-eabi\c\</path>
         <kind>archive</kind>
         <file>libsysbm.a</file>
         <name>hostread.c.obj</name>
      </input_file>
      <input_file id="fl-c3">
         <path>D:\ti\ccs1260\ccs\tools\compiler\ti-cgt-armllvm_3.2.1.LTS\lib\armv6m-ti-none-eabi\c\</path>
         <kind>archive</kind>
         <file>libsysbm.a</file>
         <name>hostrename.c.obj</name>
      </input_file>
      <input_file id="fl-c4">
         <path>D:\ti\ccs1260\ccs\tools\compiler\ti-cgt-armllvm_3.2.1.LTS\lib\armv6m-ti-none-eabi\c\</path>
         <kind>archive</kind>
         <file>libsysbm.a</file>
         <name>hostunlink.c.obj</name>
      </input_file>
      <input_file id="fl-c5">
         <path>D:\ti\ccs1260\ccs\tools\compiler\ti-cgt-armllvm_3.2.1.LTS\lib\armv6m-ti-none-eabi\c\</path>
         <kind>archive</kind>
         <file>libsysbm.a</file>
         <name>hostwrite.c.obj</name>
      </input_file>
      <input_file id="fl-c6">
         <path>D:\ti\ccs1260\ccs\tools\compiler\ti-cgt-armllvm_3.2.1.LTS\lib\armv6m-ti-none-eabi\c\</path>
         <kind>archive</kind>
         <file>libsysbm.a</file>
         <name>trgmsg.c.obj</name>
      </input_file>
      <input_file id="fl-c7">
         <path>D:\ti\ccs1260\ccs\tools\compiler\ti-cgt-armllvm_3.2.1.LTS\lib\clang\15.0.7\lib\armv6m-ti-none-eabi\</path>
         <kind>archive</kind>
         <file>libclang_rt.builtins.a</file>
         <name>addsf3.S.obj</name>
      </input_file>
      <input_file id="fl-c8">
         <path>D:\ti\ccs1260\ccs\tools\compiler\ti-cgt-armllvm_3.2.1.LTS\lib\clang\15.0.7\lib\armv6m-ti-none-eabi\</path>
         <kind>archive</kind>
         <file>libclang_rt.builtins.a</file>
         <name>adddf3.S.obj</name>
      </input_file>
      <input_file id="fl-c9">
         <path>D:\ti\ccs1260\ccs\tools\compiler\ti-cgt-armllvm_3.2.1.LTS\lib\clang\15.0.7\lib\armv6m-ti-none-eabi\</path>
         <kind>archive</kind>
         <file>libclang_rt.builtins.a</file>
         <name>muldf3.S.obj</name>
      </input_file>
      <input_file id="fl-ca">
         <path>D:\ti\ccs1260\ccs\tools\compiler\ti-cgt-armllvm_3.2.1.LTS\lib\clang\15.0.7\lib\armv6m-ti-none-eabi\</path>
         <kind>archive</kind>
         <file>libclang_rt.builtins.a</file>
         <name>muldsi3.S.obj</name>
      </input_file>
      <input_file id="fl-cb">
         <path>D:\ti\ccs1260\ccs\tools\compiler\ti-cgt-armllvm_3.2.1.LTS\lib\clang\15.0.7\lib\armv6m-ti-none-eabi\</path>
         <kind>archive</kind>
         <file>libclang_rt.builtins.a</file>
         <name>mulsf3.S.obj</name>
      </input_file>
      <input_file id="fl-cc">
         <path>D:\ti\ccs1260\ccs\tools\compiler\ti-cgt-armllvm_3.2.1.LTS\lib\clang\15.0.7\lib\armv6m-ti-none-eabi\</path>
         <kind>archive</kind>
         <file>libclang_rt.builtins.a</file>
         <name>divsf3.S.obj</name>
      </input_file>
      <input_file id="fl-cd">
         <path>D:\ti\ccs1260\ccs\tools\compiler\ti-cgt-armllvm_3.2.1.LTS\lib\clang\15.0.7\lib\armv6m-ti-none-eabi\</path>
         <kind>archive</kind>
         <file>libclang_rt.builtins.a</file>
         <name>divdf3.S.obj</name>
      </input_file>
      <input_file id="fl-ce">
         <path>D:\ti\ccs1260\ccs\tools\compiler\ti-cgt-armllvm_3.2.1.LTS\lib\clang\15.0.7\lib\armv6m-ti-none-eabi\</path>
         <kind>archive</kind>
         <file>libclang_rt.builtins.a</file>
         <name>extendsfdf2.S.obj</name>
      </input_file>
      <input_file id="fl-cf">
         <path>D:\ti\ccs1260\ccs\tools\compiler\ti-cgt-armllvm_3.2.1.LTS\lib\clang\15.0.7\lib\armv6m-ti-none-eabi\</path>
         <kind>archive</kind>
         <file>libclang_rt.builtins.a</file>
         <name>fixdfsi.S.obj</name>
      </input_file>
      <input_file id="fl-d0">
         <path>D:\ti\ccs1260\ccs\tools\compiler\ti-cgt-armllvm_3.2.1.LTS\lib\clang\15.0.7\lib\armv6m-ti-none-eabi\</path>
         <kind>archive</kind>
         <file>libclang_rt.builtins.a</file>
         <name>fixsfsi.S.obj</name>
      </input_file>
      <input_file id="fl-d1">
         <path>D:\ti\ccs1260\ccs\tools\compiler\ti-cgt-armllvm_3.2.1.LTS\lib\clang\15.0.7\lib\armv6m-ti-none-eabi\</path>
         <kind>archive</kind>
         <file>libclang_rt.builtins.a</file>
         <name>floatsidf.S.obj</name>
      </input_file>
      <input_file id="fl-d2">
         <path>D:\ti\ccs1260\ccs\tools\compiler\ti-cgt-armllvm_3.2.1.LTS\lib\clang\15.0.7\lib\armv6m-ti-none-eabi\</path>
         <kind>archive</kind>
         <file>libclang_rt.builtins.a</file>
         <name>floatsisf.S.obj</name>
      </input_file>
      <input_file id="fl-d3">
         <path>D:\ti\ccs1260\ccs\tools\compiler\ti-cgt-armllvm_3.2.1.LTS\lib\clang\15.0.7\lib\armv6m-ti-none-eabi\</path>
         <kind>archive</kind>
         <file>libclang_rt.builtins.a</file>
         <name>floatunsisf.S.obj</name>
      </input_file>
      <input_file id="fl-d4">
         <path>D:\ti\ccs1260\ccs\tools\compiler\ti-cgt-armllvm_3.2.1.LTS\lib\clang\15.0.7\lib\armv6m-ti-none-eabi\</path>
         <kind>archive</kind>
         <file>libclang_rt.builtins.a</file>
         <name>muldi3.S.obj</name>
      </input_file>
      <input_file id="fl-d5">
         <path>D:\ti\ccs1260\ccs\tools\compiler\ti-cgt-armllvm_3.2.1.LTS\lib\clang\15.0.7\lib\armv6m-ti-none-eabi\</path>
         <kind>archive</kind>
         <file>libclang_rt.builtins.a</file>
         <name>aeabi_dcmp.S.obj</name>
      </input_file>
      <input_file id="fl-d6">
         <path>D:\ti\ccs1260\ccs\tools\compiler\ti-cgt-armllvm_3.2.1.LTS\lib\clang\15.0.7\lib\armv6m-ti-none-eabi\</path>
         <kind>archive</kind>
         <file>libclang_rt.builtins.a</file>
         <name>aeabi_fcmp.S.obj</name>
      </input_file>
      <input_file id="fl-d7">
         <path>D:\ti\ccs1260\ccs\tools\compiler\ti-cgt-armllvm_3.2.1.LTS\lib\clang\15.0.7\lib\armv6m-ti-none-eabi\</path>
         <kind>archive</kind>
         <file>libclang_rt.builtins.a</file>
         <name>aeabi_idivmod.S.obj</name>
      </input_file>
      <input_file id="fl-d8">
         <path>D:\ti\ccs1260\ccs\tools\compiler\ti-cgt-armllvm_3.2.1.LTS\lib\clang\15.0.7\lib\armv6m-ti-none-eabi\</path>
         <kind>archive</kind>
         <file>libclang_rt.builtins.a</file>
         <name>aeabi_memcpy.S.obj</name>
      </input_file>
      <input_file id="fl-d9">
         <path>D:\ti\ccs1260\ccs\tools\compiler\ti-cgt-armllvm_3.2.1.LTS\lib\clang\15.0.7\lib\armv6m-ti-none-eabi\</path>
         <kind>archive</kind>
         <file>libclang_rt.builtins.a</file>
         <name>aeabi_memset.S.obj</name>
      </input_file>
      <input_file id="fl-da">
         <path>D:\ti\ccs1260\ccs\tools\compiler\ti-cgt-armllvm_3.2.1.LTS\lib\clang\15.0.7\lib\armv6m-ti-none-eabi\</path>
         <kind>archive</kind>
         <file>libclang_rt.builtins.a</file>
         <name>aeabi_uidivmod.S.obj</name>
      </input_file>
      <input_file id="fl-db">
         <path>D:\ti\ccs1260\ccs\tools\compiler\ti-cgt-armllvm_3.2.1.LTS\lib\clang\15.0.7\lib\armv6m-ti-none-eabi\</path>
         <kind>archive</kind>
         <file>libclang_rt.builtins.a</file>
         <name>aeabi_uldivmod.S.obj</name>
      </input_file>
      <input_file id="fl-dc">
         <path>D:\ti\ccs1260\ccs\tools\compiler\ti-cgt-armllvm_3.2.1.LTS\lib\clang\15.0.7\lib\armv6m-ti-none-eabi\</path>
         <kind>archive</kind>
         <file>libclang_rt.builtins.a</file>
         <name>comparesf2.S.obj</name>
      </input_file>
      <input_file id="fl-dd">
         <path>D:\ti\ccs1260\ccs\tools\compiler\ti-cgt-armllvm_3.2.1.LTS\lib\clang\15.0.7\lib\armv6m-ti-none-eabi\</path>
         <kind>archive</kind>
         <file>libclang_rt.builtins.a</file>
         <name>udivmoddi4.S.obj</name>
      </input_file>
      <input_file id="fl-de">
         <path>D:\ti\ccs1260\ccs\tools\compiler\ti-cgt-armllvm_3.2.1.LTS\lib\clang\15.0.7\lib\armv6m-ti-none-eabi\</path>
         <kind>archive</kind>
         <file>libclang_rt.builtins.a</file>
         <name>ashldi3.S.obj</name>
      </input_file>
      <input_file id="fl-df">
         <path>D:\ti\ccs1260\ccs\tools\compiler\ti-cgt-armllvm_3.2.1.LTS\lib\clang\15.0.7\lib\armv6m-ti-none-eabi\</path>
         <kind>archive</kind>
         <file>libclang_rt.builtins.a</file>
         <name>comparedf2.c.obj</name>
      </input_file>
      <input_file id="fl-e0">
         <path>D:\ti\ccs1260\ccs\tools\compiler\ti-cgt-armllvm_3.2.1.LTS\lib\clang\15.0.7\lib\armv6m-ti-none-eabi\</path>
         <kind>archive</kind>
         <file>libclang_rt.builtins.a</file>
         <name>aeabi_div0.c.obj</name>
      </input_file>
      <input_file id="fl-e1">
         <path>D:\ti\ccs1260\ccs\tools\compiler\ti-cgt-armllvm_3.2.1.LTS\lib\armv6m-ti-none-eabi\c\</path>
         <kind>archive</kind>
         <file>libc.a</file>
         <name>getdevice.c.obj</name>
      </input_file>
      <input_file id="fl-e2">
         <path>D:\ti\ccs1260\ccs\tools\compiler\ti-cgt-armllvm_3.2.1.LTS\lib\armv6m-ti-none-eabi\c\</path>
         <kind>archive</kind>
         <file>libc.a</file>
         <name>memcpy16.S.obj</name>
      </input_file>
      <input_file id="fl-e3">
         <path>D:\ti\ccs1260\ccs\tools\compiler\ti-cgt-armllvm_3.2.1.LTS\lib\armv6m-ti-none-eabi\c\</path>
         <kind>archive</kind>
         <file>libc.a</file>
         <name>memset16.S.obj</name>
      </input_file>
   </input_file_list>
   <object_component_list>
      <object_component id="oc-18">
         <name>.intvecs</name>
         <load_address>0x0</load_address>
         <readonly>true</readonly>
         <run_address>0x0</run_address>
         <size>0xc0</size>
         <alignment>0x4</alignment>
         <input_file_ref idref="fl-2"/>
      </object_component>
      <object_component id="oc-18e">
         <name>.text:__TI_printfi</name>
         <load_address>0xc0</load_address>
         <readonly>true</readonly>
         <executable>true</executable>
         <run_address>0xc0</run_address>
         <size>0xa00</size>
         <alignment>0x4</alignment>
         <input_file_ref idref="fl-3a"/>
      </object_component>
      <object_component id="oc-1ea">
         <name>.text.PHOTOCELL_FlushToggle</name>
         <load_address>0xac0</load_address>
         <readonly>true</readonly>
         <executable>true</executable>
         <run_address>0xac0</run_address>
         <size>0x6c8</size>
         <alignment>0x4</alignment>
         <input_file_ref idref="fl-9"/>
      </object_component>
      <object_component id="oc-f7">
         <name>.text.Oled_Init</name>
         <load_address>0x1188</load_address>
         <readonly>true</readonly>
         <executable>true</executable>
         <run_address>0x1188</run_address>
         <size>0x320</size>
         <alignment>0x4</alignment>
         <input_file_ref idref="fl-10"/>
      </object_component>
      <object_component id="oc-217">
         <name>.text._pconv_a</name>
         <load_address>0x14a8</load_address>
         <readonly>true</readonly>
         <executable>true</executable>
         <run_address>0x14a8</run_address>
         <size>0x220</size>
         <alignment>0x4</alignment>
         <input_file_ref idref="fl-3a"/>
      </object_component>
      <object_component id="oc-175">
         <name>.text.PROCESS_2</name>
         <load_address>0x16c8</load_address>
         <readonly>true</readonly>
         <executable>true</executable>
         <run_address>0x16c8</run_address>
         <size>0x214</size>
         <alignment>0x4</alignment>
         <input_file_ref idref="fl-c"/>
      </object_component>
      <object_component id="oc-177">
         <name>.text.PROCESS_4</name>
         <load_address>0x18dc</load_address>
         <readonly>true</readonly>
         <executable>true</executable>
         <run_address>0x18dc</run_address>
         <size>0x210</size>
         <alignment>0x4</alignment>
         <input_file_ref idref="fl-c"/>
      </object_component>
      <object_component id="oc-21a">
         <name>.text._pconv_g</name>
         <load_address>0x1aec</load_address>
         <readonly>true</readonly>
         <executable>true</executable>
         <run_address>0x1aec</run_address>
         <size>0x1dc</size>
         <alignment>0x4</alignment>
         <input_file_ref idref="fl-3a"/>
      </object_component>
      <object_component id="oc-3f">
         <name>.text.TIMA0_IRQHandler</name>
         <load_address>0x1cc8</load_address>
         <readonly>true</readonly>
         <executable>true</executable>
         <run_address>0x1cc8</run_address>
         <size>0x1c4</size>
         <alignment>0x4</alignment>
         <input_file_ref idref="fl-8"/>
      </object_component>
      <object_component id="oc-176">
         <name>.text.PROCESS_3</name>
         <load_address>0x1e8c</load_address>
         <readonly>true</readonly>
         <executable>true</executable>
         <run_address>0x1e8c</run_address>
         <size>0x1c0</size>
         <alignment>0x4</alignment>
         <input_file_ref idref="fl-c"/>
      </object_component>
      <object_component id="oc-275">
         <name>.text.adddf3_subdf3</name>
         <load_address>0x204c</load_address>
         <readonly>true</readonly>
         <executable>true</executable>
         <run_address>0x204c</run_address>
         <size>0x192</size>
         <alignment>0x4</alignment>
         <input_file_ref idref="fl-c8"/>
      </object_component>
      <object_component id="oc-33">
         <name>.text.Default_Handler</name>
         <load_address>0x21de</load_address>
         <readonly>true</readonly>
         <executable>true</executable>
         <run_address>0x21de</run_address>
         <size>0x2</size>
         <alignment>0x2</alignment>
         <input_file_ref idref="fl-2"/>
      </object_component>
      <object_component id="oc-138">
         <name>.text.LIB_I2CTransmitMemPoll</name>
         <load_address>0x21e0</load_address>
         <readonly>true</readonly>
         <executable>true</executable>
         <run_address>0x21e0</run_address>
         <size>0x190</size>
         <alignment>0x4</alignment>
         <input_file_ref idref="fl-e"/>
      </object_component>
      <object_component id="oc-274">
         <name>.text.fcvt</name>
         <load_address>0x2370</load_address>
         <readonly>true</readonly>
         <executable>true</executable>
         <run_address>0x2370</run_address>
         <size>0x13c</size>
         <alignment>0x4</alignment>
         <input_file_ref idref="fl-3a"/>
      </object_component>
      <object_component id="oc-b5">
         <name>.text.main</name>
         <load_address>0x24ac</load_address>
         <readonly>true</readonly>
         <executable>true</executable>
         <run_address>0x24ac</run_address>
         <size>0x138</size>
         <alignment>0x4</alignment>
         <input_file_ref idref="fl-3"/>
      </object_component>
      <object_component id="oc-218">
         <name>.text._pconv_e</name>
         <load_address>0x25e4</load_address>
         <readonly>true</readonly>
         <executable>true</executable>
         <run_address>0x25e4</run_address>
         <size>0x120</size>
         <alignment>0x4</alignment>
         <input_file_ref idref="fl-3a"/>
      </object_component>
      <object_component id="oc-270">
         <name>.text.__divdf3</name>
         <load_address>0x2704</load_address>
         <readonly>true</readonly>
         <executable>true</executable>
         <run_address>0x2704</run_address>
         <size>0x10c</size>
         <alignment>0x4</alignment>
         <input_file_ref idref="fl-cd"/>
      </object_component>
      <object_component id="oc-150">
         <name>.text.SYSCFG_DL_GPIO_init</name>
         <load_address>0x2810</load_address>
         <readonly>true</readonly>
         <executable>true</executable>
         <run_address>0x2810</run_address>
         <size>0xec</size>
         <alignment>0x4</alignment>
         <input_file_ref idref="fl-1"/>
      </object_component>
      <object_component id="oc-1b0">
         <name>.text.DL_Timer_initTimerMode</name>
         <load_address>0x28fc</load_address>
         <readonly>true</readonly>
         <executable>true</executable>
         <run_address>0x28fc</run_address>
         <size>0xe8</size>
         <alignment>0x4</alignment>
         <input_file_ref idref="fl-22"/>
      </object_component>
      <object_component id="oc-267">
         <name>.text.__muldf3</name>
         <load_address>0x29e4</load_address>
         <readonly>true</readonly>
         <executable>true</executable>
         <run_address>0x29e4</run_address>
         <size>0xe4</size>
         <alignment>0x4</alignment>
         <input_file_ref idref="fl-c9"/>
      </object_component>
      <object_component id="oc-1a6">
         <name>.text.DL_SYSCTL_configSYSPLL</name>
         <load_address>0x2ac8</load_address>
         <readonly>true</readonly>
         <executable>true</executable>
         <run_address>0x2ac8</run_address>
         <size>0xdc</size>
         <alignment>0x4</alignment>
         <input_file_ref idref="fl-24"/>
      </object_component>
      <object_component id="oc-1d6">
         <name>.text.MOTOR_SoftSpeed</name>
         <load_address>0x2ba4</load_address>
         <readonly>true</readonly>
         <executable>true</executable>
         <run_address>0x2ba4</run_address>
         <size>0xd8</size>
         <alignment>0x4</alignment>
         <input_file_ref idref="fl-8"/>
      </object_component>
      <object_component id="oc-34">
         <name>.text.UART2_IRQHandler</name>
         <load_address>0x2c7c</load_address>
         <readonly>true</readonly>
         <executable>true</executable>
         <run_address>0x2c7c</run_address>
         <size>0xd8</size>
         <alignment>0x4</alignment>
         <input_file_ref idref="fl-7"/>
      </object_component>
      <object_component id="oc-256">
         <name>.text.scalbn</name>
         <load_address>0x2d54</load_address>
         <readonly>true</readonly>
         <executable>true</executable>
         <run_address>0x2d54</run_address>
         <size>0xd8</size>
         <alignment>0x4</alignment>
         <input_file_ref idref="fl-3c"/>
      </object_component>
      <object_component id="oc-cf">
         <name>.text</name>
         <load_address>0x2e2c</load_address>
         <readonly>true</readonly>
         <executable>true</executable>
         <run_address>0x2e2c</run_address>
         <size>0xd8</size>
         <alignment>0x4</alignment>
         <input_file_ref idref="fl-c7"/>
      </object_component>
      <object_component id="oc-225">
         <name>.text.DL_Timer_initPWMMode</name>
         <load_address>0x2f04</load_address>
         <readonly>true</readonly>
         <executable>true</executable>
         <run_address>0x2f04</run_address>
         <size>0xc4</size>
         <alignment>0x4</alignment>
         <input_file_ref idref="fl-22"/>
      </object_component>
      <object_component id="oc-cc">
         <name>.text.Oled_ShowString</name>
         <load_address>0x2fc8</load_address>
         <readonly>true</readonly>
         <executable>true</executable>
         <run_address>0x2fc8</run_address>
         <size>0xb4</size>
         <alignment>0x4</alignment>
         <input_file_ref idref="fl-10"/>
      </object_component>
      <object_component id="oc-81">
         <name>.text.PID_Cuc</name>
         <load_address>0x307c</load_address>
         <readonly>true</readonly>
         <executable>true</executable>
         <run_address>0x307c</run_address>
         <size>0xae</size>
         <alignment>0x2</alignment>
         <input_file_ref idref="fl-a"/>
      </object_component>
      <object_component id="oc-21d">
         <name>.text.__aeabi_idiv0</name>
         <load_address>0x312a</load_address>
         <readonly>true</readonly>
         <executable>true</executable>
         <run_address>0x312a</run_address>
         <size>0x2</size>
         <alignment>0x2</alignment>
         <input_file_ref idref="fl-e0"/>
      </object_component>
      <object_component id="oc-1d7">
         <name>.text.PHOTOCELL_CheckUnWhite</name>
         <load_address>0x312c</load_address>
         <readonly>true</readonly>
         <executable>true</executable>
         <run_address>0x312c</run_address>
         <size>0xa8</size>
         <alignment>0x4</alignment>
         <input_file_ref idref="fl-9"/>
      </object_component>
      <object_component id="oc-1e6">
         <name>.text.PHOTOCELL_CheckWhite</name>
         <load_address>0x31d4</load_address>
         <readonly>true</readonly>
         <executable>true</executable>
         <run_address>0x31d4</run_address>
         <size>0xa8</size>
         <alignment>0x4</alignment>
         <input_file_ref idref="fl-9"/>
      </object_component>
      <object_component id="oc-174">
         <name>.text.PROCESS_1</name>
         <load_address>0x327c</load_address>
         <readonly>true</readonly>
         <executable>true</executable>
         <run_address>0x327c</run_address>
         <size>0xa4</size>
         <alignment>0x4</alignment>
         <input_file_ref idref="fl-c"/>
      </object_component>
      <object_component id="oc-245">
         <name>.text</name>
         <load_address>0x3320</load_address>
         <readonly>true</readonly>
         <executable>true</executable>
         <run_address>0x3320</run_address>
         <size>0xa2</size>
         <alignment>0x4</alignment>
         <input_file_ref idref="fl-dd"/>
      </object_component>
      <object_component id="oc-27d">
         <name>.text.__aeabi_ldiv0</name>
         <load_address>0x33c2</load_address>
         <readonly>true</readonly>
         <executable>true</executable>
         <run_address>0x33c2</run_address>
         <size>0x2</size>
         <alignment>0x2</alignment>
         <input_file_ref idref="fl-e0"/>
      </object_component>
      <object_component id="oc-1e9">
         <name>.text.PHOTOCELL_Cycle</name>
         <load_address>0x33c4</load_address>
         <readonly>true</readonly>
         <executable>true</executable>
         <run_address>0x33c4</run_address>
         <size>0x9c</size>
         <alignment>0x4</alignment>
         <input_file_ref idref="fl-9"/>
      </object_component>
      <object_component id="oc-e6">
         <name>.text:memcpy</name>
         <load_address>0x3460</load_address>
         <readonly>true</readonly>
         <executable>true</executable>
         <run_address>0x3460</run_address>
         <size>0x9a</size>
         <alignment>0x1</alignment>
         <input_file_ref idref="fl-e2"/>
      </object_component>
      <object_component id="oc-1c4">
         <name>.text.UART_Send</name>
         <load_address>0x34fa</load_address>
         <readonly>true</readonly>
         <executable>true</executable>
         <run_address>0x34fa</run_address>
         <size>0x94</size>
         <alignment>0x2</alignment>
         <input_file_ref idref="fl-b"/>
      </object_component>
      <object_component id="oc-161">
         <name>.text.MOTOR_Init</name>
         <load_address>0x3590</load_address>
         <readonly>true</readonly>
         <executable>true</executable>
         <run_address>0x3590</run_address>
         <size>0x90</size>
         <alignment>0x4</alignment>
         <input_file_ref idref="fl-8"/>
      </object_component>
      <object_component id="oc-151">
         <name>.text.SYSCFG_DL_SYSCTL_init</name>
         <load_address>0x3620</load_address>
         <readonly>true</readonly>
         <executable>true</executable>
         <run_address>0x3620</run_address>
         <size>0x90</size>
         <alignment>0x4</alignment>
         <input_file_ref idref="fl-1"/>
      </object_component>
      <object_component id="oc-153">
         <name>.text.SYSCFG_DL_MOTOR_PWM_init</name>
         <load_address>0x36b0</load_address>
         <readonly>true</readonly>
         <executable>true</executable>
         <run_address>0x36b0</run_address>
         <size>0x8c</size>
         <alignment>0x4</alignment>
         <input_file_ref idref="fl-1"/>
      </object_component>
      <object_component id="oc-6b">
         <name>.text.__mulsf3</name>
         <load_address>0x373c</load_address>
         <readonly>true</readonly>
         <executable>true</executable>
         <run_address>0x373c</run_address>
         <size>0x8c</size>
         <alignment>0x4</alignment>
         <input_file_ref idref="fl-cb"/>
      </object_component>
      <object_component id="oc-158">
         <name>.text.SYSCFG_DL_DEBUG_UART_init</name>
         <load_address>0x37c8</load_address>
         <readonly>true</readonly>
         <executable>true</executable>
         <run_address>0x37c8</run_address>
         <size>0x84</size>
         <alignment>0x4</alignment>
         <input_file_ref idref="fl-1"/>
      </object_component>
      <object_component id="oc-159">
         <name>.text.SYSCFG_DL_GY62_UART_init</name>
         <load_address>0x384c</load_address>
         <readonly>true</readonly>
         <executable>true</executable>
         <run_address>0x384c</run_address>
         <size>0x84</size>
         <alignment>0x4</alignment>
         <input_file_ref idref="fl-1"/>
      </object_component>
      <object_component id="oc-22e">
         <name>.text.__divsf3</name>
         <load_address>0x38d0</load_address>
         <readonly>true</readonly>
         <executable>true</executable>
         <run_address>0x38d0</run_address>
         <size>0x82</size>
         <alignment>0x4</alignment>
         <input_file_ref idref="fl-cc"/>
      </object_component>
      <object_component id="oc-1aa">
         <name>.text.DL_TimerA_initPWMMode</name>
         <load_address>0x3954</load_address>
         <readonly>true</readonly>
         <executable>true</executable>
         <run_address>0x3954</run_address>
         <size>0x80</size>
         <alignment>0x4</alignment>
         <input_file_ref idref="fl-22"/>
      </object_component>
      <object_component id="oc-14f">
         <name>.text.SYSCFG_DL_initPower</name>
         <load_address>0x39d4</load_address>
         <readonly>true</readonly>
         <executable>true</executable>
         <run_address>0x39d4</run_address>
         <size>0x7c</size>
         <alignment>0x4</alignment>
         <input_file_ref idref="fl-1"/>
      </object_component>
      <object_component id="oc-1c">
         <name>.text:decompress:lzss</name>
         <load_address>0x3a50</load_address>
         <readonly>true</readonly>
         <executable>true</executable>
         <run_address>0x3a50</run_address>
         <size>0x78</size>
         <alignment>0x4</alignment>
         <input_file_ref idref="fl-37"/>
      </object_component>
      <object_component id="oc-250">
         <name>.text.__gedf2</name>
         <load_address>0x3ac8</load_address>
         <readonly>true</readonly>
         <executable>true</executable>
         <run_address>0x3ac8</run_address>
         <size>0x70</size>
         <alignment>0x4</alignment>
         <input_file_ref idref="fl-df"/>
      </object_component>
      <object_component id="oc-162">
         <name>.text.GY62_Init</name>
         <load_address>0x3b38</load_address>
         <readonly>true</readonly>
         <executable>true</executable>
         <run_address>0x3b38</run_address>
         <size>0x6c</size>
         <alignment>0x4</alignment>
         <input_file_ref idref="fl-7"/>
      </object_component>
      <object_component id="oc-24a">
         <name>.text.__ledf2</name>
         <load_address>0x3ba4</load_address>
         <readonly>true</readonly>
         <executable>true</executable>
         <run_address>0x3ba4</run_address>
         <size>0x6c</size>
         <alignment>0x4</alignment>
         <input_file_ref idref="fl-df"/>
      </object_component>
      <object_component id="oc-26e">
         <name>.text._mcpy</name>
         <load_address>0x3c10</load_address>
         <readonly>true</readonly>
         <executable>true</executable>
         <run_address>0x3c10</run_address>
         <size>0x66</size>
         <alignment>0x2</alignment>
         <input_file_ref idref="fl-3a"/>
      </object_component>
      <object_component id="oc-1a0">
         <name>.text.DL_SYSCTL_setHFCLKSourceHFXTParams</name>
         <load_address>0x3c78</load_address>
         <readonly>true</readonly>
         <executable>true</executable>
         <run_address>0x3c78</run_address>
         <size>0x64</size>
         <alignment>0x4</alignment>
         <input_file_ref idref="fl-24"/>
      </object_component>
      <object_component id="oc-213">
         <name>.text.__aeabi_dcmp</name>
         <load_address>0x3cdc</load_address>
         <readonly>true</readonly>
         <executable>true</executable>
         <run_address>0x3cdc</run_address>
         <size>0x62</size>
         <alignment>0x4</alignment>
         <input_file_ref idref="fl-d5"/>
      </object_component>
      <object_component id="oc-d3">
         <name>.text.__aeabi_fcmp</name>
         <load_address>0x3d40</load_address>
         <readonly>true</readonly>
         <executable>true</executable>
         <run_address>0x3d40</run_address>
         <size>0x62</size>
         <alignment>0x4</alignment>
         <input_file_ref idref="fl-d6"/>
      </object_component>
      <object_component id="oc-14e">
         <name>.text:memset</name>
         <load_address>0x3da2</load_address>
         <readonly>true</readonly>
         <executable>true</executable>
         <run_address>0x3da2</run_address>
         <size>0x62</size>
         <alignment>0x1</alignment>
         <input_file_ref idref="fl-e3"/>
      </object_component>
      <object_component id="oc-fe">
         <name>.text.PHOTOCELL_GetError</name>
         <load_address>0x3e04</load_address>
         <readonly>true</readonly>
         <executable>true</executable>
         <run_address>0x3e04</run_address>
         <size>0x60</size>
         <alignment>0x4</alignment>
         <input_file_ref idref="fl-9"/>
      </object_component>
      <object_component id="oc-3a">
         <name>.text.UART0_IRQHandler</name>
         <load_address>0x3e64</load_address>
         <readonly>true</readonly>
         <executable>true</executable>
         <run_address>0x3e64</run_address>
         <size>0x60</size>
         <alignment>0x4</alignment>
         <input_file_ref idref="fl-3"/>
      </object_component>
      <object_component id="oc-252">
         <name>.text.frexp</name>
         <load_address>0x3ec4</load_address>
         <readonly>true</readonly>
         <executable>true</executable>
         <run_address>0x3ec4</run_address>
         <size>0x5c</size>
         <alignment>0x4</alignment>
         <input_file_ref idref="fl-3b"/>
      </object_component>
      <object_component id="oc-25e">
         <name>.text.__TI_ltoa</name>
         <load_address>0x3f20</load_address>
         <readonly>true</readonly>
         <executable>true</executable>
         <run_address>0x3f20</run_address>
         <size>0x58</size>
         <alignment>0x2</alignment>
         <input_file_ref idref="fl-40"/>
      </object_component>
      <object_component id="oc-219">
         <name>.text._pconv_f</name>
         <load_address>0x3f78</load_address>
         <readonly>true</readonly>
         <executable>true</executable>
         <run_address>0x3f78</run_address>
         <size>0x58</size>
         <alignment>0x2</alignment>
         <input_file_ref idref="fl-3a"/>
      </object_component>
      <object_component id="oc-28c">
         <name>.text.__aeabi_idivmod</name>
         <load_address>0x3fd0</load_address>
         <readonly>true</readonly>
         <executable>true</executable>
         <run_address>0x3fd0</run_address>
         <size>0x56</size>
         <alignment>0x4</alignment>
         <input_file_ref idref="fl-d7"/>
      </object_component>
      <object_component id="oc-168">
         <name>.text.Photocell_ReadDigitalValue</name>
         <load_address>0x4028</load_address>
         <readonly>true</readonly>
         <executable>true</executable>
         <run_address>0x4028</run_address>
         <size>0x54</size>
         <alignment>0x4</alignment>
         <input_file_ref idref="fl-12"/>
      </object_component>
      <object_component id="oc-154">
         <name>.text.SYSCFG_DL_MUX_QEI_init</name>
         <load_address>0x407c</load_address>
         <readonly>true</readonly>
         <executable>true</executable>
         <run_address>0x407c</run_address>
         <size>0x54</size>
         <alignment>0x4</alignment>
         <input_file_ref idref="fl-1"/>
      </object_component>
      <object_component id="oc-157">
         <name>.text.SYSCFG_DL_OLED_I2C_init</name>
         <load_address>0x40d0</load_address>
         <readonly>true</readonly>
         <executable>true</executable>
         <run_address>0x40d0</run_address>
         <size>0x54</size>
         <alignment>0x4</alignment>
         <input_file_ref idref="fl-1"/>
      </object_component>
      <object_component id="oc-26c">
         <name>.text._ecpy</name>
         <load_address>0x4124</load_address>
         <readonly>true</readonly>
         <executable>true</executable>
         <run_address>0x4124</run_address>
         <size>0x52</size>
         <alignment>0x2</alignment>
         <input_file_ref idref="fl-3a"/>
      </object_component>
      <object_component id="oc-155">
         <name>.text.SYSCFG_DL_TICKER_TIMER_init</name>
         <load_address>0x4178</load_address>
         <readonly>true</readonly>
         <executable>true</executable>
         <run_address>0x4178</run_address>
         <size>0x4c</size>
         <alignment>0x4</alignment>
         <input_file_ref idref="fl-1"/>
      </object_component>
      <object_component id="oc-eb">
         <name>.text.SYSCFG_DL_init</name>
         <load_address>0x41c4</load_address>
         <readonly>true</readonly>
         <executable>true</executable>
         <run_address>0x41c4</run_address>
         <size>0x4c</size>
         <alignment>0x4</alignment>
         <input_file_ref idref="fl-1"/>
      </object_component>
      <object_component id="oc-25a">
         <name>.text.__fixdfsi</name>
         <load_address>0x4210</load_address>
         <readonly>true</readonly>
         <executable>true</executable>
         <run_address>0x4210</run_address>
         <size>0x4a</size>
         <alignment>0x4</alignment>
         <input_file_ref idref="fl-cf"/>
      </object_component>
      <object_component id="oc-1bd">
         <name>.text.DL_UART_init</name>
         <load_address>0x425c</load_address>
         <readonly>true</readonly>
         <executable>true</executable>
         <run_address>0x425c</run_address>
         <size>0x48</size>
         <alignment>0x4</alignment>
         <input_file_ref idref="fl-23"/>
      </object_component>
      <object_component id="oc-10c">
         <name>.text.PROCESS_Main</name>
         <load_address>0x42a4</load_address>
         <readonly>true</readonly>
         <executable>true</executable>
         <run_address>0x42a4</run_address>
         <size>0x48</size>
         <alignment>0x4</alignment>
         <input_file_ref idref="fl-c"/>
      </object_component>
      <object_component id="oc-91">
         <name>.text.ALERT_Proxy</name>
         <load_address>0x42ec</load_address>
         <readonly>true</readonly>
         <executable>true</executable>
         <run_address>0x42ec</run_address>
         <size>0x44</size>
         <alignment>0x4</alignment>
         <input_file_ref idref="fl-4"/>
      </object_component>
      <object_component id="oc-1a7">
         <name>.text.DL_SYSCTL_switchMCLKfromSYSOSCtoHSCLK</name>
         <load_address>0x4330</load_address>
         <readonly>true</readonly>
         <executable>true</executable>
         <run_address>0x4330</run_address>
         <size>0x44</size>
         <alignment>0x4</alignment>
         <input_file_ref idref="fl-24"/>
      </object_component>
      <object_component id="oc-163">
         <name>.text.PHOTOCELL_Init</name>
         <load_address>0x4374</load_address>
         <readonly>true</readonly>
         <executable>true</executable>
         <run_address>0x4374</run_address>
         <size>0x44</size>
         <alignment>0x4</alignment>
         <input_file_ref idref="fl-9"/>
      </object_component>
      <object_component id="oc-76">
         <name>.text.Oled_Printf</name>
         <load_address>0x43b8</load_address>
         <readonly>true</readonly>
         <executable>true</executable>
         <run_address>0x43b8</run_address>
         <size>0x40</size>
         <alignment>0x2</alignment>
         <input_file_ref idref="fl-10"/>
      </object_component>
      <object_component id="oc-195">
         <name>.text.__aeabi_uidivmod</name>
         <load_address>0x43f8</load_address>
         <readonly>true</readonly>
         <executable>true</executable>
         <run_address>0x43f8</run_address>
         <size>0x40</size>
         <alignment>0x4</alignment>
         <input_file_ref idref="fl-da"/>
      </object_component>
      <object_component id="oc-105">
         <name>.text.__extendsfdf2</name>
         <load_address>0x4438</load_address>
         <readonly>true</readonly>
         <executable>true</executable>
         <run_address>0x4438</run_address>
         <size>0x40</size>
         <alignment>0x4</alignment>
         <input_file_ref idref="fl-ce"/>
      </object_component>
      <object_component id="oc-1fd">
         <name>.text.atoi</name>
         <load_address>0x4478</load_address>
         <readonly>true</readonly>
         <executable>true</executable>
         <run_address>0x4478</run_address>
         <size>0x40</size>
         <alignment>0x4</alignment>
         <input_file_ref idref="fl-43"/>
      </object_component>
      <object_component id="oc-18f">
         <name>.text.DL_I2C_flushControllerTXFIFO</name>
         <load_address>0x44b8</load_address>
         <readonly>true</readonly>
         <executable>true</executable>
         <run_address>0x44b8</run_address>
         <size>0x3c</size>
         <alignment>0x4</alignment>
         <input_file_ref idref="fl-21"/>
      </object_component>
      <object_component id="oc-1e7">
         <name>.text.YAW_Cycle</name>
         <load_address>0x44f4</load_address>
         <readonly>true</readonly>
         <executable>true</executable>
         <run_address>0x44f4</run_address>
         <size>0x3c</size>
         <alignment>0x4</alignment>
         <input_file_ref idref="fl-d"/>
      </object_component>
      <object_component id="oc-67">
         <name>.text.__floatsisf</name>
         <load_address>0x4530</load_address>
         <readonly>true</readonly>
         <executable>true</executable>
         <run_address>0x4530</run_address>
         <size>0x3c</size>
         <alignment>0x4</alignment>
         <input_file_ref idref="fl-d2"/>
      </object_component>
      <object_component id="oc-146">
         <name>.text.__gtsf2</name>
         <load_address>0x456c</load_address>
         <readonly>true</readonly>
         <executable>true</executable>
         <run_address>0x456c</run_address>
         <size>0x3c</size>
         <alignment>0x4</alignment>
         <input_file_ref idref="fl-dc"/>
      </object_component>
      <object_component id="oc-120">
         <name>.text:__TI_auto_init_nobinit_nopinit</name>
         <load_address>0x45a8</load_address>
         <readonly>true</readonly>
         <executable>true</executable>
         <run_address>0x45a8</run_address>
         <size>0x3c</size>
         <alignment>0x4</alignment>
         <input_file_ref idref="fl-47"/>
      </object_component>
      <object_component id="oc-141">
         <name>.text.__eqsf2</name>
         <load_address>0x45e4</load_address>
         <readonly>true</readonly>
         <executable>true</executable>
         <run_address>0x45e4</run_address>
         <size>0x3a</size>
         <alignment>0x4</alignment>
         <input_file_ref idref="fl-dc"/>
      </object_component>
      <object_component id="oc-c1">
         <name>.text.__muldsi3</name>
         <load_address>0x4620</load_address>
         <readonly>true</readonly>
         <executable>true</executable>
         <run_address>0x4620</run_address>
         <size>0x3a</size>
         <alignment>0x4</alignment>
         <input_file_ref idref="fl-ca"/>
      </object_component>
      <object_component id="oc-87">
         <name>.text.__fixsfsi</name>
         <load_address>0x465c</load_address>
         <readonly>true</readonly>
         <executable>true</executable>
         <run_address>0x465c</run_address>
         <size>0x38</size>
         <alignment>0x4</alignment>
         <input_file_ref idref="fl-d0"/>
      </object_component>
      <object_component id="oc-26d">
         <name>.text._fcpy</name>
         <load_address>0x4694</load_address>
         <readonly>true</readonly>
         <executable>true</executable>
         <run_address>0x4694</run_address>
         <size>0x30</size>
         <alignment>0x2</alignment>
         <input_file_ref idref="fl-3a"/>
      </object_component>
      <object_component id="oc-156">
         <name>.text.SYSCFG_DL_TIMER_0_init</name>
         <load_address>0x46c4</load_address>
         <readonly>true</readonly>
         <executable>true</executable>
         <run_address>0x46c4</run_address>
         <size>0x2c</size>
         <alignment>0x4</alignment>
         <input_file_ref idref="fl-1"/>
      </object_component>
      <object_component id="oc-262">
         <name>.text.__floatsidf</name>
         <load_address>0x46f0</load_address>
         <readonly>true</readonly>
         <executable>true</executable>
         <run_address>0x46f0</run_address>
         <size>0x2c</size>
         <alignment>0x4</alignment>
         <input_file_ref idref="fl-d1"/>
      </object_component>
      <object_component id="oc-c6">
         <name>.text.vsprintf</name>
         <load_address>0x471c</load_address>
         <readonly>true</readonly>
         <executable>true</executable>
         <run_address>0x471c</run_address>
         <size>0x2c</size>
         <alignment>0x4</alignment>
         <input_file_ref idref="fl-34"/>
      </object_component>
      <object_component id="oc-1d0">
         <name>.text.__floatunsisf</name>
         <load_address>0x4748</load_address>
         <readonly>true</readonly>
         <executable>true</executable>
         <run_address>0x4748</run_address>
         <size>0x28</size>
         <alignment>0x4</alignment>
         <input_file_ref idref="fl-d3"/>
      </object_component>
      <object_component id="oc-60">
         <name>.text:_c_int00_noargs</name>
         <load_address>0x4770</load_address>
         <readonly>true</readonly>
         <executable>true</executable>
         <run_address>0x4770</run_address>
         <size>0x28</size>
         <alignment>0x4</alignment>
         <input_file_ref idref="fl-38"/>
      </object_component>
      <object_component id="oc-1b5">
         <name>.text.DL_I2C_setClockConfig</name>
         <load_address>0x4798</load_address>
         <readonly>true</readonly>
         <executable>true</executable>
         <run_address>0x4798</run_address>
         <size>0x26</size>
         <alignment>0x2</alignment>
         <input_file_ref idref="fl-21"/>
      </object_component>
      <object_component id="oc-1dd">
         <name>.text.GY62_YawZero</name>
         <load_address>0x47c0</load_address>
         <readonly>true</readonly>
         <executable>true</executable>
         <run_address>0x47c0</run_address>
         <size>0x24</size>
         <alignment>0x4</alignment>
         <input_file_ref idref="fl-7"/>
      </object_component>
      <object_component id="oc-20a">
         <name>.text.__muldi3</name>
         <load_address>0x47e4</load_address>
         <readonly>true</readonly>
         <executable>true</executable>
         <run_address>0x47e4</run_address>
         <size>0x24</size>
         <alignment>0x4</alignment>
         <input_file_ref idref="fl-d4"/>
      </object_component>
      <object_component id="oc-1f6">
         <name>.text.memccpy</name>
         <load_address>0x4808</load_address>
         <readonly>true</readonly>
         <executable>true</executable>
         <run_address>0x4808</run_address>
         <size>0x22</size>
         <alignment>0x2</alignment>
         <input_file_ref idref="fl-45"/>
      </object_component>
      <object_component id="oc-228">
         <name>.text.DL_UART_transmitDataBlocking</name>
         <load_address>0x482c</load_address>
         <readonly>true</readonly>
         <executable>true</executable>
         <run_address>0x482c</run_address>
         <size>0x20</size>
         <alignment>0x4</alignment>
         <input_file_ref idref="fl-23"/>
      </object_component>
      <object_component id="oc-27e">
         <name>.text.__ashldi3</name>
         <load_address>0x484c</load_address>
         <readonly>true</readonly>
         <executable>true</executable>
         <run_address>0x484c</run_address>
         <size>0x1e</size>
         <alignment>0x4</alignment>
         <input_file_ref idref="fl-de"/>
      </object_component>
      <object_component id="oc-1ac">
         <name>.text.DL_Timer_setCaptCompUpdateMethod</name>
         <load_address>0x486c</load_address>
         <readonly>true</readonly>
         <executable>true</executable>
         <run_address>0x486c</run_address>
         <size>0x1c</size>
         <alignment>0x4</alignment>
         <input_file_ref idref="fl-22"/>
      </object_component>
      <object_component id="oc-1a9">
         <name>.text.DL_Timer_setClockConfig</name>
         <load_address>0x4888</load_address>
         <readonly>true</readonly>
         <executable>true</executable>
         <run_address>0x4888</run_address>
         <size>0x1c</size>
         <alignment>0x4</alignment>
         <input_file_ref idref="fl-22"/>
      </object_component>
      <object_component id="oc-1d8">
         <name>.text.MOTOR_GetAbsEncoderLine</name>
         <load_address>0x48a4</load_address>
         <readonly>true</readonly>
         <executable>true</executable>
         <run_address>0x48a4</run_address>
         <size>0x1c</size>
         <alignment>0x4</alignment>
         <input_file_ref idref="fl-8"/>
      </object_component>
      <object_component id="oc-1ab">
         <name>.text.DL_Timer_setCaptureCompareOutCtl</name>
         <load_address>0x48c0</load_address>
         <readonly>true</readonly>
         <executable>true</executable>
         <run_address>0x48c0</run_address>
         <size>0x18</size>
         <alignment>0x4</alignment>
         <input_file_ref idref="fl-22"/>
      </object_component>
      <object_component id="oc-134">
         <name>.text._outs</name>
         <load_address>0x48d8</load_address>
         <readonly>true</readonly>
         <executable>true</executable>
         <run_address>0x48d8</run_address>
         <size>0x18</size>
         <alignment>0x2</alignment>
         <input_file_ref idref="fl-34"/>
      </object_component>
      <object_component id="oc-57">
         <name>.text:decompress:ZI:__TI_zero_init_nomemset</name>
         <load_address>0x48f0</load_address>
         <readonly>true</readonly>
         <executable>true</executable>
         <run_address>0x48f0</run_address>
         <size>0x16</size>
         <alignment>0x2</alignment>
         <input_file_ref idref="fl-35"/>
      </object_component>
      <object_component id="oc-1e3">
         <name>.text.ISR_Set</name>
         <load_address>0x4908</load_address>
         <readonly>true</readonly>
         <executable>true</executable>
         <run_address>0x4908</run_address>
         <size>0x14</size>
         <alignment>0x4</alignment>
         <input_file_ref idref="fl-8"/>
      </object_component>
      <object_component id="oc-1d5">
         <name>.text.MOTOR_SetAbsEncoderZero</name>
         <load_address>0x491c</load_address>
         <readonly>true</readonly>
         <executable>true</executable>
         <run_address>0x491c</run_address>
         <size>0x14</size>
         <alignment>0x4</alignment>
         <input_file_ref idref="fl-8"/>
      </object_component>
      <object_component id="oc-1d4">
         <name>.text.MOTOR_SetExpSpeed</name>
         <load_address>0x4930</load_address>
         <readonly>true</readonly>
         <executable>true</executable>
         <run_address>0x4930</run_address>
         <size>0x14</size>
         <alignment>0x4</alignment>
         <input_file_ref idref="fl-8"/>
      </object_component>
      <object_component id="oc-1da">
         <name>.text.MOTOR_SetExpSpeedOffset</name>
         <load_address>0x4944</load_address>
         <readonly>true</readonly>
         <executable>true</executable>
         <run_address>0x4944</run_address>
         <size>0x14</size>
         <alignment>0x4</alignment>
         <input_file_ref idref="fl-8"/>
      </object_component>
      <object_component id="oc-20f">
         <name>.text.__aeabi_uldivmod</name>
         <load_address>0x4958</load_address>
         <readonly>true</readonly>
         <executable>true</executable>
         <run_address>0x4958</run_address>
         <size>0x14</size>
         <alignment>0x4</alignment>
         <input_file_ref idref="fl-db"/>
      </object_component>
      <object_component id="oc-26b">
         <name>.text.strchr</name>
         <load_address>0x496c</load_address>
         <readonly>true</readonly>
         <executable>true</executable>
         <run_address>0x496c</run_address>
         <size>0x14</size>
         <alignment>0x2</alignment>
         <input_file_ref idref="fl-3a"/>
      </object_component>
      <object_component id="oc-1b7">
         <name>.text.DL_UART_setClockConfig</name>
         <load_address>0x4980</load_address>
         <readonly>true</readonly>
         <executable>true</executable>
         <run_address>0x4980</run_address>
         <size>0x12</size>
         <alignment>0x2</alignment>
         <input_file_ref idref="fl-23"/>
      </object_component>
      <object_component id="oc-1c2">
         <name>.text.PID_Init</name>
         <load_address>0x4992</load_address>
         <readonly>true</readonly>
         <executable>true</executable>
         <run_address>0x4992</run_address>
         <size>0x12</size>
         <alignment>0x2</alignment>
         <input_file_ref idref="fl-a"/>
      </object_component>
      <object_component id="oc-20">
         <name>.text:decompress:none</name>
         <load_address>0x49a4</load_address>
         <readonly>true</readonly>
         <executable>true</executable>
         <run_address>0x49a4</run_address>
         <size>0x12</size>
         <alignment>0x2</alignment>
         <input_file_ref idref="fl-36"/>
      </object_component>
      <object_component id="oc-f6">
         <name>.text.APP_Init</name>
         <load_address>0x49b6</load_address>
         <readonly>true</readonly>
         <executable>true</executable>
         <run_address>0x49b6</run_address>
         <size>0x10</size>
         <alignment>0x2</alignment>
         <input_file_ref idref="fl-5"/>
      </object_component>
      <object_component id="oc-8b">
         <name>.text.DL_Timer_setCaptureCompareValue</name>
         <load_address>0x49c8</load_address>
         <readonly>true</readonly>
         <executable>true</executable>
         <run_address>0x49c8</run_address>
         <size>0x10</size>
         <alignment>0x4</alignment>
         <input_file_ref idref="fl-22"/>
      </object_component>
      <object_component id="oc-f0">
         <name>.text.Delay_ms</name>
         <load_address>0x49d8</load_address>
         <readonly>true</readonly>
         <executable>true</executable>
         <run_address>0x49d8</run_address>
         <size>0x10</size>
         <alignment>0x4</alignment>
         <input_file_ref idref="fl-5"/>
      </object_component>
      <object_component id="oc-1e5">
         <name>.text.PHOTOCELL_ClearPid</name>
         <load_address>0x49e8</load_address>
         <readonly>true</readonly>
         <executable>true</executable>
         <run_address>0x49e8</run_address>
         <size>0x10</size>
         <alignment>0x4</alignment>
         <input_file_ref idref="fl-9"/>
      </object_component>
      <object_component id="oc-1e2">
         <name>.text.YAW_ClearPid</name>
         <load_address>0x49f8</load_address>
         <readonly>true</readonly>
         <executable>true</executable>
         <run_address>0x49f8</run_address>
         <size>0x10</size>
         <alignment>0x4</alignment>
         <input_file_ref idref="fl-d"/>
      </object_component>
      <object_component id="oc-201">
         <name>.text.wcslen</name>
         <load_address>0x4a08</load_address>
         <readonly>true</readonly>
         <executable>true</executable>
         <run_address>0x4a08</run_address>
         <size>0x10</size>
         <alignment>0x2</alignment>
         <input_file_ref idref="fl-4a"/>
      </object_component>
      <object_component id="oc-1f5">
         <name>.text.__aeabi_memset</name>
         <load_address>0x4a18</load_address>
         <readonly>true</readonly>
         <executable>true</executable>
         <run_address>0x4a18</run_address>
         <size>0xe</size>
         <alignment>0x4</alignment>
         <input_file_ref idref="fl-d9"/>
      </object_component>
      <object_component id="oc-1f4">
         <name>.text.strlen</name>
         <load_address>0x4a26</load_address>
         <readonly>true</readonly>
         <executable>true</executable>
         <run_address>0x4a26</run_address>
         <size>0xe</size>
         <alignment>0x2</alignment>
         <input_file_ref idref="fl-3a"/>
      </object_component>
      <object_component id="oc-1db">
         <name>.text.ALERT_SetAlert</name>
         <load_address>0x4a34</load_address>
         <readonly>true</readonly>
         <executable>true</executable>
         <run_address>0x4a34</run_address>
         <size>0xc</size>
         <alignment>0x4</alignment>
         <input_file_ref idref="fl-4"/>
      </object_component>
      <object_component id="oc-104">
         <name>.text.GY62_GetYaw</name>
         <load_address>0x4a40</load_address>
         <readonly>true</readonly>
         <executable>true</executable>
         <run_address>0x4a40</run_address>
         <size>0xc</size>
         <alignment>0x4</alignment>
         <input_file_ref idref="fl-7"/>
      </object_component>
      <object_component id="oc-1d9">
         <name>.text.ISR_Disable</name>
         <load_address>0x4a4c</load_address>
         <readonly>true</readonly>
         <executable>true</executable>
         <run_address>0x4a4c</run_address>
         <size>0xc</size>
         <alignment>0x4</alignment>
         <input_file_ref idref="fl-8"/>
      </object_component>
      <object_component id="oc-1e4">
         <name>.text.ISR_Enable</name>
         <load_address>0x4a58</load_address>
         <readonly>true</readonly>
         <executable>true</executable>
         <run_address>0x4a58</run_address>
         <size>0xc</size>
         <alignment>0x4</alignment>
         <input_file_ref idref="fl-8"/>
      </object_component>
      <object_component id="oc-fd">
         <name>.text.MOTOR_DisablePid</name>
         <load_address>0x4a64</load_address>
         <readonly>true</readonly>
         <executable>true</executable>
         <run_address>0x4a64</run_address>
         <size>0xc</size>
         <alignment>0x4</alignment>
         <input_file_ref idref="fl-8"/>
      </object_component>
      <object_component id="oc-1cf">
         <name>.text.MOTOR_EnablePid</name>
         <load_address>0x4a70</load_address>
         <readonly>true</readonly>
         <executable>true</executable>
         <run_address>0x4a70</run_address>
         <size>0xc</size>
         <alignment>0x4</alignment>
         <input_file_ref idref="fl-8"/>
      </object_component>
      <object_component id="oc-10a">
         <name>.text.MOTOR_GetLeftAbsEncoder</name>
         <load_address>0x4a7c</load_address>
         <readonly>true</readonly>
         <executable>true</executable>
         <run_address>0x4a7c</run_address>
         <size>0xc</size>
         <alignment>0x4</alignment>
         <input_file_ref idref="fl-8"/>
      </object_component>
      <object_component id="oc-10b">
         <name>.text.MOTOR_GetRightAbsEncoder</name>
         <load_address>0x4a88</load_address>
         <readonly>true</readonly>
         <executable>true</executable>
         <run_address>0x4a88</run_address>
         <size>0xc</size>
         <alignment>0x4</alignment>
         <input_file_ref idref="fl-8"/>
      </object_component>
      <object_component id="oc-109">
         <name>.text.PROCESS_Get</name>
         <load_address>0x4a94</load_address>
         <readonly>true</readonly>
         <executable>true</executable>
         <run_address>0x4a94</run_address>
         <size>0xc</size>
         <alignment>0x4</alignment>
         <input_file_ref idref="fl-c"/>
      </object_component>
      <object_component id="oc-f8">
         <name>.text.PROCESS_Set</name>
         <load_address>0x4aa0</load_address>
         <readonly>true</readonly>
         <executable>true</executable>
         <run_address>0x4aa0</run_address>
         <size>0xc</size>
         <alignment>0x4</alignment>
         <input_file_ref idref="fl-c"/>
      </object_component>
      <object_component id="oc-1de">
         <name>.text.YAW_SetExpYaw</name>
         <load_address>0x4aac</load_address>
         <readonly>true</readonly>
         <executable>true</executable>
         <run_address>0x4aac</run_address>
         <size>0xc</size>
         <alignment>0x4</alignment>
         <input_file_ref idref="fl-d"/>
      </object_component>
      <object_component id="oc-ac">
         <name>.text.__aeabi_memclr</name>
         <load_address>0x4ab8</load_address>
         <readonly>true</readonly>
         <executable>true</executable>
         <run_address>0x4ab8</run_address>
         <size>0xc</size>
         <alignment>0x4</alignment>
         <input_file_ref idref="fl-d9"/>
      </object_component>
      <object_component id="oc-10d">
         <name>.text.DL_Common_delayCycles</name>
         <load_address>0x4ac4</load_address>
         <readonly>true</readonly>
         <executable>true</executable>
         <run_address>0x4ac4</run_address>
         <size>0xa</size>
         <alignment>0x2</alignment>
         <input_file_ref idref="fl-20"/>
      </object_component>
      <object_component id="oc-266">
         <name>.text.OUTLINED_FUNCTION_0</name>
         <load_address>0x4ace</load_address>
         <readonly>true</readonly>
         <executable>true</executable>
         <run_address>0x4ace</run_address>
         <size>0xa</size>
         <alignment>0x2</alignment>
         <input_file_ref idref="fl-3a"/>
      </object_component>
      <object_component id="oc-2e0">
         <name>.tramp.__aeabi_dsub.1</name>
         <load_address>0x4ad8</load_address>
         <readonly>true</readonly>
         <executable>true</executable>
         <run_address>0x4ad8</run_address>
         <size>0x10</size>
         <alignment>0x4</alignment>
         <input_file_ref idref="fl-c8"/>
      </object_component>
      <object_component id="oc-26f">
         <name>.text.OUTLINED_FUNCTION_1</name>
         <load_address>0x4ae8</load_address>
         <readonly>true</readonly>
         <executable>true</executable>
         <run_address>0x4ae8</run_address>
         <size>0xa</size>
         <alignment>0x2</alignment>
         <input_file_ref idref="fl-3a"/>
      </object_component>
      <object_component id="oc-233">
         <name>.text.PID_Clear</name>
         <load_address>0x4af2</load_address>
         <readonly>true</readonly>
         <executable>true</executable>
         <run_address>0x4af2</run_address>
         <size>0xa</size>
         <alignment>0x2</alignment>
         <input_file_ref idref="fl-a"/>
      </object_component>
      <object_component id="oc-135">
         <name>.text._outc</name>
         <load_address>0x4afc</load_address>
         <readonly>true</readonly>
         <executable>true</executable>
         <run_address>0x4afc</run_address>
         <size>0xa</size>
         <alignment>0x2</alignment>
         <input_file_ref idref="fl-34"/>
      </object_component>
      <object_component id="oc-205">
         <name>.text.__aeabi_errno_addr</name>
         <load_address>0x4b08</load_address>
         <readonly>true</readonly>
         <executable>true</executable>
         <run_address>0x4b08</run_address>
         <size>0x8</size>
         <alignment>0x4</alignment>
         <input_file_ref idref="fl-3d"/>
      </object_component>
      <object_component id="oc-50">
         <name>.text.__aeabi_memcpy</name>
         <load_address>0x4b10</load_address>
         <readonly>true</readonly>
         <executable>true</executable>
         <run_address>0x4b10</run_address>
         <size>0x8</size>
         <alignment>0x4</alignment>
         <input_file_ref idref="fl-d8"/>
      </object_component>
      <object_component id="oc-1c3">
         <name>.text.PID_SetPid</name>
         <load_address>0x4b18</load_address>
         <readonly>true</readonly>
         <executable>true</executable>
         <run_address>0x4b18</run_address>
         <size>0x4</size>
         <alignment>0x2</alignment>
         <input_file_ref idref="fl-a"/>
      </object_component>
      <object_component id="oc-2f">
         <name>.text.Reset_Handler</name>
         <load_address>0x4b1c</load_address>
         <readonly>true</readonly>
         <executable>true</executable>
         <run_address>0x4b1c</run_address>
         <size>0x4</size>
         <alignment>0x2</alignment>
         <input_file_ref idref="fl-2"/>
      </object_component>
      <object_component id="oc-b1">
         <name>.text._system_pre_init</name>
         <load_address>0x4b20</load_address>
         <readonly>true</readonly>
         <executable>true</executable>
         <run_address>0x4b20</run_address>
         <size>0x4</size>
         <alignment>0x2</alignment>
         <input_file_ref idref="fl-48"/>
      </object_component>
      <object_component id="oc-119">
         <name>.text:abort</name>
         <load_address>0x4b24</load_address>
         <readonly>true</readonly>
         <executable>true</executable>
         <run_address>0x4b24</run_address>
         <size>0x4</size>
         <alignment>0x2</alignment>
         <input_file_ref idref="fl-3e"/>
      </object_component>
      <object_component id="oc-2dc">
         <name>.cinit..data.load</name>
         <load_address>0x4f60</load_address>
         <readonly>true</readonly>
         <run_address>0x4f60</run_address>
         <size>0xf</size>
         <alignment>0x1</alignment>
      </object_component>
[...]
         <object_component_ref idref="oc-168"/>
      </symbol>
      <symbol id="sm-21f">
         <name>__TI_ATRegion0_src_addr</name>
         <value>0x0</value>
      </symbol>
      <symbol id="sm-220">
         <name>__TI_ATRegion0_trg_addr</name>
         <value>0x0</value>
      </symbol>
      <symbol id="sm-221">
         <name>__TI_ATRegion0_region_sz</name>
         <value>0x0</value>
      </symbol>
      <symbol id="sm-222">
         <name>__TI_ATRegion1_src_addr</name>
         <value>0x0</value>
      </symbol>
      <symbol id="sm-223">
         <name>__TI_ATRegion1_trg_addr</name>
         <value>0x0</value>
      </symbol>
      <symbol id="sm-224">
         <name>__TI_ATRegion1_region_sz</name>
         <value>0x0</value>
      </symbol>
      <symbol id="sm-225">
         <name>__TI_ATRegion2_src_addr</name>
         <value>0x0</value>
      </symbol>
      <symbol id="sm-226">
         <name>__TI_ATRegion2_trg_addr</name>
         <value>0x0</value>
      </symbol>
      <symbol id="sm-227">
         <name>__TI_ATRegion2_region_sz</name>
         <value>0x0</value>
      </symbol>
      <symbol id="sm-230">
         <name>DL_Common_delayCycles</name>
         <value>0x4ac5</value>
         <object_component_ref idref="oc-10d"/>
      </symbol>
      <symbol id="sm-23d">
         <name>DL_I2C_setClockConfig</name>
         <value>0x4799</value>
         <object_component_ref idref="oc-1b5"/>
      </symbol>
      <symbol id="sm-23e">
         <name>DL_I2C_flushControllerTXFIFO</name>
         <value>0x44b9</value>
         <object_component_ref idref="oc-18f"/>
      </symbol>
      <symbol id="sm-25d">
         <name>DL_Timer_setClockConfig</name>
         <value>0x4889</value>
         <object_component_ref idref="oc-1a9"/>
      </symbol>
      <symbol id="sm-25e">
         <name>DL_Timer_initTimerMode</name>
         <value>0x28fd</value>
         <object_component_ref idref="oc-1b0"/>
      </symbol>
      <symbol id="sm-25f">
         <name>DL_Timer_setCaptureCompareValue</name>
         <value>0x49c9</value>
         <object_component_ref idref="oc-8b"/>
      </symbol>
      <symbol id="sm-260">
         <name>DL_Timer_initPWMMode</name>
         <value>0x2f05</value>
         <object_component_ref idref="oc-225"/>
      </symbol>
      <symbol id="sm-261">
         <name>DL_Timer_setCaptureCompareOutCtl</name>
         <value>0x48c1</value>
         <object_component_ref idref="oc-1ab"/>
      </symbol>
      <symbol id="sm-262">
         <name>DL_Timer_setCaptCompUpdateMethod</name>
         <value>0x486d</value>
         <object_component_ref idref="oc-1ac"/>
      </symbol>
      <symbol id="sm-263">
         <name>DL_TimerA_initPWMMode</name>
         <value>0x3955</value>
         <object_component_ref idref="oc-1aa"/>
      </symbol>
      <symbol id="sm-273">
         <name>DL_UART_init</name>
         <value>0x425d</value>
         <object_component_ref idref="oc-1bd"/>
      </symbol>
      <symbol id="sm-274">
         <name>DL_UART_setClockConfig</name>
         <value>0x4981</value>
         <object_component_ref idref="oc-1b7"/>
      </symbol>
      <symbol id="sm-275">
         <name>DL_UART_transmitDataBlocking</name>
         <value>0x482d</value>
         <object_component_ref idref="oc-228"/>
      </symbol>
      <symbol id="sm-286">
         <name>DL_SYSCTL_configSYSPLL</name>
         <value>0x2ac9</value>
         <object_component_ref idref="oc-1a6"/>
      </symbol>
      <symbol id="sm-287">
         <name>DL_SYSCTL_switchMCLKfromSYSOSCtoHSCLK</name>
         <value>0x4331</value>
         <object_component_ref idref="oc-1a7"/>
      </symbol>
      <symbol id="sm-288">
         <name>DL_SYSCTL_setHFCLKSourceHFXTParams</name>
         <value>0x3c79</value>
         <object_component_ref idref="oc-1a0"/>
      </symbol>
      <symbol id="sm-29a">
         <name>vsprintf</name>
         <value>0x471d</value>
         <object_component_ref idref="oc-c6"/>
      </symbol>
      <symbol id="sm-2a4">
         <name>__TI_zero_init_nomemset</name>
         <value>0x48f1</value>
         <object_component_ref idref="oc-57"/>
      </symbol>
      <symbol id="sm-2ad">
         <name>__TI_decompress_none</name>
         <value>0x49a5</value>
         <object_component_ref idref="oc-20"/>
      </symbol>
      <symbol id="sm-2b8">
         <name>__TI_decompress_lzss</name>
         <value>0x3a51</value>
         <object_component_ref idref="oc-1c"/>
      </symbol>
      <symbol id="sm-2c3">
         <name>_c_int00_noargs</name>
         <value>0x4771</value>
         <object_component_ref idref="oc-60"/>
      </symbol>
      <symbol id="sm-2c4">
         <name>__stack</name>
         <value>0x20207e00</value>
         <object_component_ref idref="oc-1a"/>
      </symbol>
      <symbol id="sm-30e">
         <name>__TI_printfi</name>
         <value>0xc1</value>
         <object_component_ref idref="oc-18e"/>
      </symbol>
      <symbol id="sm-318">
         <name>frexp</name>
         <value>0x3ec5</value>
         <object_component_ref idref="oc-252"/>
      </symbol>
      <symbol id="sm-319">
         <name>frexpl</name>
         <value>0x3ec5</value>
         <object_component_ref idref="oc-252"/>
      </symbol>
      <symbol id="sm-323">
         <name>scalbn</name>
         <value>0x2d55</value>
         <object_component_ref idref="oc-256"/>
      </symbol>
      <symbol id="sm-324">
         <name>ldexp</name>
         <value>0x2d55</value>
         <object_component_ref idref="oc-256"/>
      </symbol>
      <symbol id="sm-325">
         <name>scalbnl</name>
         <value>0x2d55</value>
         <object_component_ref idref="oc-256"/>
      </symbol>
      <symbol id="sm-326">
         <name>ldexpl</name>
         <value>0x2d55</value>
         <object_component_ref idref="oc-256"/>
      </symbol>
      <symbol id="sm-331">
         <name>__aeabi_errno_addr</name>
         <value>0x4b09</value>
         <object_component_ref idref="oc-205"/>
      </symbol>
      <symbol id="sm-332">
         <name>__aeabi_errno</name>
         <value>0x202002d8</value>
         <object_component_ref idref="oc-240"/>
      </symbol>
      <symbol id="sm-33c">
         <name>abort</name>
         <value>0x4b25</value>
         <object_component_ref idref="oc-119"/>
      </symbol>
      <symbol id="sm-33d">
         <name>C$$EXIT</name>
         <value>0x4b24</value>
         <object_component_ref idref="oc-119"/>
      </symbol>
      <symbol id="sm-347">
         <name>__TI_ltoa</name>
         <value>0x3f21</value>
         <object_component_ref idref="oc-25e"/>
      </symbol>
      <symbol id="sm-353">
         <name>atoi</name>
         <value>0x4479</value>
         <object_component_ref idref="oc-1fd"/>
      </symbol>
      <symbol id="sm-35d">
         <name>memccpy</name>
         <value>0x4809</value>
         <object_component_ref idref="oc-1f6"/>
      </symbol>
      <symbol id="sm-369">
         <name>__TI_auto_init_nobinit_nopinit</name>
         <value>0x45a9</value>
         <object_component_ref idref="oc-120"/>
      </symbol>
      <symbol id="sm-371">
         <name>_system_pre_init</name>
         <value>0x4b21</value>
         <object_component_ref idref="oc-b1"/>
      </symbol>
      <symbol id="sm-37b">
         <name>wcslen</name>
         <value>0x4a09</value>
         <object_component_ref idref="oc-201"/>
      </symbol>
      <symbol id="sm-380">
         <name>__aeabi_ctype_table_</name>
         <value>0x4d60</value>
         <object_component_ref idref="oc-239"/>
      </symbol>
      <symbol id="sm-381">
         <name>__aeabi_ctype_table_C</name>
         <value>0x4d60</value>
         <object_component_ref idref="oc-239"/>
      </symbol>
      <symbol id="sm-399">
         <name>__aeabi_fadd</name>
         <value>0x2e37</value>
         <object_component_ref idref="oc-cf"/>
      </symbol>
      <symbol id="sm-39a">
         <name>__addsf3</name>
         <value>0x2e37</value>
         <object_component_ref idref="oc-cf"/>
      </symbol>
      <symbol id="sm-39b">
         <name>__aeabi_fsub</name>
         <value>0x2e2d</value>
         <object_component_ref idref="oc-cf"/>
      </symbol>
      <symbol id="sm-39c">
         <name>__subsf3</name>
         <value>0x2e2d</value>
         <object_component_ref idref="oc-cf"/>
      </symbol>
      <symbol id="sm-3a2">
         <name>__aeabi_dadd</name>
         <value>0x2057</value>
         <object_component_ref idref="oc-275"/>
      </symbol>
      <symbol id="sm-3a3">
         <name>__adddf3</name>
         <value>0x2057</value>
         <object_component_ref idref="oc-275"/>
      </symbol>
      <symbol id="sm-3a4">
         <name>__aeabi_dsub</name>
         <value>0x204d</value>
         <object_component_ref idref="oc-275"/>
      </symbol>
      <symbol id="sm-3a5">
         <name>__subdf3</name>
         <value>0x204d</value>
         <object_component_ref idref="oc-275"/>
      </symbol>
      <symbol id="sm-3ae">
         <name>__aeabi_dmul</name>
         <value>0x29e5</value>
         <object_component_ref idref="oc-267"/>
      </symbol>
      <symbol id="sm-3af">
         <name>__muldf3</name>
         <value>0x29e5</value>
         <object_component_ref idref="oc-267"/>
      </symbol>
      <symbol id="sm-3b5">
         <name>__muldsi3</name>
         <value>0x4621</value>
         <object_component_ref idref="oc-c1"/>
      </symbol>
      <symbol id="sm-3bb">
         <name>__aeabi_fmul</name>
         <value>0x373d</value>
         <object_component_ref idref="oc-6b"/>
      </symbol>
      <symbol id="sm-3bc">
         <name>__mulsf3</name>
         <value>0x373d</value>
         <object_component_ref idref="oc-6b"/>
      </symbol>
      <symbol id="sm-3c2">
         <name>__aeabi_fdiv</name>
         <value>0x38d1</value>
         <object_component_ref idref="oc-22e"/>
      </symbol>
      <symbol id="sm-3c3">
         <name>__divsf3</name>
         <value>0x38d1</value>
         <object_component_ref idref="oc-22e"/>
      </symbol>
      <symbol id="sm-3c9">
         <name>__aeabi_ddiv</name>
         <value>0x2705</value>
         <object_component_ref idref="oc-270"/>
      </symbol>
      <symbol id="sm-3ca">
         <name>__divdf3</name>
         <value>0x2705</value>
         <object_component_ref idref="oc-270"/>
      </symbol>
      <symbol id="sm-3d0">
         <name>__aeabi_f2d</name>
         <value>0x4439</value>
         <object_component_ref idref="oc-105"/>
      </symbol>
      <symbol id="sm-3d1">
         <name>__extendsfdf2</name>
         <value>0x4439</value>
         <object_component_ref idref="oc-105"/>
      </symbol>
      <symbol id="sm-3d7">
         <name>__aeabi_d2iz</name>
         <value>0x4211</value>
         <object_component_ref idref="oc-25a"/>
      </symbol>
      <symbol id="sm-3d8">
         <name>__fixdfsi</name>
         <value>0x4211</value>
         <object_component_ref idref="oc-25a"/>
      </symbol>
      <symbol id="sm-3de">
         <name>__aeabi_f2iz</name>
         <value>0x465d</value>
         <object_component_ref idref="oc-87"/>
      </symbol>
      <symbol id="sm-3df">
         <name>__fixsfsi</name>
         <value>0x465d</value>
         <object_component_ref idref="oc-87"/>
      </symbol>
      <symbol id="sm-3e5">
         <name>__aeabi_i2d</name>
         <value>0x46f1</value>
         <object_component_ref idref="oc-262"/>
      </symbol>
      <symbol id="sm-3e6">
         <name>__floatsidf</name>
         <value>0x46f1</value>
         <object_component_ref idref="oc-262"/>
      </symbol>
      <symbol id="sm-3ec">
         <name>__aeabi_i2f</name>
         <value>0x4531</value>
         <object_component_ref idref="oc-67"/>
      </symbol>
      <symbol id="sm-3ed">
         <name>__floatsisf</name>
         <value>0x4531</value>
         <object_component_ref idref="oc-67"/>
      </symbol>
      <symbol id="sm-3f3">
         <name>__aeabi_ui2f</name>
         <value>0x4749</value>
         <object_component_ref idref="oc-1d0"/>
      </symbol>
      <symbol id="sm-3f4">
         <name>__floatunsisf</name>
         <value>0x4749</value>
         <object_component_ref idref="oc-1d0"/>
      </symbol>
      <symbol id="sm-3fa">
         <name>__aeabi_lmul</name>
         <value>0x47e5</value>
         <object_component_ref idref="oc-20a"/>
      </symbol>
      <symbol id="sm-3fb">
         <name>__muldi3</name>
         <value>0x47e5</value>
         <object_component_ref idref="oc-20a"/>
      </symbol>
      <symbol id="sm-401">
         <name>__aeabi_dcmpeq</name>
         <value>0x3cdd</value>
         <object_component_ref idref="oc-213"/>
      </symbol>
      <symbol id="sm-402">
         <name>__aeabi_dcmplt</name>
         <value>0x3cf1</value>
         <object_component_ref idref="oc-213"/>
      </symbol>
      <symbol id="sm-403">
         <name>__aeabi_dcmple</name>
         <value>0x3d05</value>
         <object_component_ref idref="oc-213"/>
      </symbol>
      <symbol id="sm-404">
         <name>__aeabi_dcmpge</name>
         <value>0x3d19</value>
         <object_component_ref idref="oc-213"/>
      </symbol>
      <symbol id="sm-405">
         <name>__aeabi_dcmpgt</name>
         <value>0x3d2d</value>
         <object_component_ref idref="oc-213"/>
      </symbol>
      <symbol id="sm-40b">
         <name>__aeabi_fcmpeq</name>
         <value>0x3d41</value>
         <object_component_ref idref="oc-d3"/>
      </symbol>
      <symbol id="sm-40c">
         <name>__aeabi_fcmplt</name>
         <value>0x3d55</value>
         <object_component_ref idref="oc-d3"/>
      </symbol>
      <symbol id="sm-40d">
         <name>__aeabi_fcmple</name>
         <value>0x3d69</value>
         <object_component_ref idref="oc-d3"/>
      </symbol>
      <symbol id="sm-40e">
         <name>__aeabi_fcmpge</name>
         <value>0x3d7d</value>
         <object_component_ref idref="oc-d3"/>
      </symbol>
      <symbol id="sm-40f">
         <name>__aeabi_fcmpgt</name>
         <value>0x3d91</value>
         <object_component_ref idref="oc-d3"/>
      </symbol>
      <symbol id="sm-415">
         <name>__aeabi_idiv</name>
         <value>0x3fd1</value>
         <object_component_ref idref="oc-28c"/>
      </symbol>
      <symbol id="sm-416">
         <name>__aeabi_idivmod</name>
         <value>0x3fd1</value>
         <object_component_ref idref="oc-28c"/>
      </symbol>
      <symbol id="sm-41c">
         <name>__aeabi_memcpy</name>
         <value>0x4b11</value>
         <object_component_ref idref="oc-50"/>
      </symbol>
      <symbol id="sm-41d">
         <name>__aeabi_memcpy4</name>
         <value>0x4b11</value>
         <object_component_ref idref="oc-50"/>
      </symbol>
      <symbol id="sm-41e">
         <name>__aeabi_memcpy8</name>
         <value>0x4b11</value>
         <object_component_ref idref="oc-50"/>
      </symbol>
      <symbol id="sm-427">
         <name>__aeabi_memset</name>
         <value>0x4a19</value>
         <object_component_ref idref="oc-1f5"/>
      </symbol>
      <symbol id="sm-428">
         <name>__aeabi_memset4</name>
         <value>0x4a19</value>
         <object_component_ref idref="oc-1f5"/>
      </symbol>
      <symbol id="sm-429">
         <name>__aeabi_memset8</name>
         <value>0x4a19</value>
         <object_component_ref idref="oc-1f5"/>
      </symbol>
      <symbol id="sm-42a">
         <name>__aeabi_memclr</name>
         <value>0x4ab9</value>
         <object_component_ref idref="oc-ac"/>
      </symbol>
      <symbol id="sm-42b">
         <name>__aeabi_memclr4</name>
         <value>0x4ab9</value>
         <object_component_ref idref="oc-ac"/>
      </symbol>
      <symbol id="sm-42c">
         <name>__aeabi_memclr8</name>
         <value>0x4ab9</value>
         <object_component_ref idref="oc-ac"/>
      </symbol>
      <symbol id="sm-432">
         <name>__aeabi_uidiv</name>
         <value>0x43f9</value>
         <object_component_ref idref="oc-195"/>
      </symbol>
      <symbol id="sm-433">
         <name>__aeabi_uidivmod</name>
         <value>0x43f9</value>
         <object_component_ref idref="oc-195"/>
      </symbol>
      <symbol id="sm-439">
         <name>__aeabi_uldivmod</name>
         <value>0x4959</value>
         <object_component_ref idref="oc-20f"/>
      </symbol>
      <symbol id="sm-442">
         <name>__eqsf2</name>
         <value>0x45e5</value>
         <object_component_ref idref="oc-141"/>
      </symbol>
      <symbol id="sm-443">
         <name>__lesf2</name>
         <value>0x45e5</value>
         <object_component_ref idref="oc-141"/>
      </symbol>
      <symbol id="sm-444">
         <name>__ltsf2</name>
         <value>0x45e5</value>
         <object_component_ref idref="oc-141"/>
      </symbol>
      <symbol id="sm-445">
         <name>__nesf2</name>
         <value>0x45e5</value>
         <object_component_ref idref="oc-141"/>
      </symbol>
      <symbol id="sm-446">
         <name>__cmpsf2</name>
         <value>0x45e5</value>
         <object_component_ref idref="oc-141"/>
      </symbol>
      <symbol id="sm-447">
         <name>__gtsf2</name>
         <value>0x456d</value>
         <object_component_ref idref="oc-146"/>
      </symbol>
      <symbol id="sm-448">
         <name>__gesf2</name>
         <value>0x456d</value>
         <object_component_ref idref="oc-146"/>
      </symbol>
      <symbol id="sm-44e">
         <name>__udivmoddi4</name>
         <value>0x3321</value>
         <object_component_ref idref="oc-245"/>
      </symbol>
      <symbol id="sm-454">
         <name>__aeabi_llsl</name>
         <value>0x484d</value>
         <object_component_ref idref="oc-27e"/>
      </symbol>
      <symbol id="sm-455">
         <name>__ashldi3</name>
         <value>0x484d</value>
         <object_component_ref idref="oc-27e"/>
      </symbol>
      <symbol id="sm-463">
         <name>__ledf2</name>
         <value>0x3ba5</value>
         <object_component_ref idref="oc-24a"/>
      </symbol>
      <symbol id="sm-464">
         <name>__gedf2</name>
         <value>0x3ac9</value>
         <object_component_ref idref="oc-250"/>
      </symbol>
      <symbol id="sm-465">
         <name>__cmpdf2</name>
         <value>0x3ba5</value>
         <object_component_ref idref="oc-24a"/>
      </symbol>
      <symbol id="sm-466">
         <name>__eqdf2</name>
         <value>0x3ba5</value>
         <object_component_ref idref="oc-24a"/>
      </symbol>
      <symbol id="sm-467">
         <name>__ltdf2</name>
         <value>0x3ba5</value>
         <object_component_ref idref="oc-24a"/>
      </symbol>
      <symbol id="sm-468">
         <name>__nedf2</name>
         <value>0x3ba5</value>
         <object_component_ref idref="oc-24a"/>
      </symbol>
      <symbol id="sm-469">
         <name>__gtdf2</name>
         <value>0x3ac9</value>
         <object_component_ref idref="oc-250"/>
      </symbol>
      <symbol id="sm-475">
         <name>__aeabi_idiv0</name>
         <value>0x312b</value>
         <object_component_ref idref="oc-21d"/>
      </symbol>
      <symbol id="sm-476">
         <name>__aeabi_ldiv0</name>
         <value>0x33c3</value>
         <object_component_ref idref="oc-27d"/>
      </symbol>
      <symbol id="sm-490">
         <name>memcpy</name>
         <value>0x3461</value>
         <object_component_ref idref="oc-e6"/>
      </symbol>
      <symbol id="sm-49f">
         <name>memset</name>
         <value>0x3da3</value>
         <object_component_ref idref="oc-14e"/>
      </symbol>
      <symbol id="sm-4a0">
         <name>__TI_static_base__</name>
         <value>0x0</value>
      </symbol>
      <symbol id="sm-4a4">
         <name>__mpu_init</name>
         <value>0x0</value>
      </symbol>
      <symbol id="sm-4a5">
         <name>_system_post_cinit</name>
         <value>0x0</value>
      </symbol>
   </symbol_table>
   <title>Link successful</title>
</link_info>
