******************************************************************************
            TI ARM Clang Linker PC v3.2.1                      
******************************************************************************
>> Linked Wed Jul 31 04:03:59 2024

OUTPUT FILE NAME:   <Car Ver1.0.out>
ENTRY POINT SYMBOL: "_c_int00_noargs"  address: 00004b1d


MEMORY CONFIGURATION

         name            origin    length      used     unused   attr    fill
----------------------  --------  ---------  --------  --------  ----  --------
  FLASH                 00000000   00020000  00005390  0001ac70  R  X
  SRAM                  20200000   00008000  000004f7  00007b09  RW X
  BCR_CONFIG            41c00000   00000080  00000000  00000080  R   
  BSL_CONFIG            41c00100   00000080  00000000  00000080  R   


SEGMENT ALLOCATION MAP

run origin  load origin   length   init length attrs members
----------  ----------- ---------- ----------- ----- -------
00000000    00000000    00004f28   00004f28    r-x
  00000000    00000000    000000c0   000000c0    r-- .intvecs
  000000c0    000000c0    00004e68   00004e68    r-x .text
00004f30    00004f30    00000468   00000468    r--
  00004f30    00004f30    00000430   00000430    r-- .rodata
  00005360    00005360    00000038   00000038    r-- .cinit
20200000    20200000    000002f9   00000000    rw-
  20200000    20200000    0000026e   00000000    rw- .bss
  20200270    20200270    00000089   00000000    rw- .data
20207e00    20207e00    00000200   00000000    rw-
  20207e00    20207e00    00000200   00000000    rw- .stack


SECTION ALLOCATION MAP

 output                                  attributes/
section   page    origin      length       input sections
--------  ----  ----------  ----------   ----------------
.intvecs   0    00000000    000000c0     
                  00000000    000000c0     startup_mspm0g350x_ticlang.o (.intvecs)

.text      0    000000c0    00004e68     
                  000000c0    00000a00     libc.a : _printfi.c.obj (.text:__TI_printfi)
                  00000ac0    0000086c     photocell.o (.text.PHOTOCELL_FlushToggle)
                  0000132c    000003c0     process.o (.text.PROCESS_4)
                  000016ec    00000320     oled.o (.text.Oled_Init)
                  00001a0c    00000264     process.o (.text.PROCESS_3)
                  00001c70    00000220     libc.a : _printfi.c.obj (.text._pconv_a)
                  00001e90    00000200     process.o (.text.PROCESS_2)
                  00002090    000001dc     libc.a : _printfi.c.obj (.text._pconv_g)
                  0000226c    000001c4     motor_cycle.o (.text.TIMA0_IRQHandler)
                  00002430    000001bc     lib_i2c.o (.text.LIB_I2CReciveMemPoll)
                  000025ec    00000192     libclang_rt.builtins.a : adddf3.S.obj (.text.adddf3_subdf3)
                  0000277e    00000002     startup_mspm0g350x_ticlang.o (.text.Default_Handler)
                  00002780    00000190     lib_i2c.o (.text.LIB_I2CTransmitMemPoll)
                  00002910    00000144     process.o (.text.PROCESS_1)
                  00002a54    0000013c     libc.a : _printfi.c.obj (.text.fcvt)
                  00002b90    00000134     main.o (.text.main)
                  00002cc4    00000120     libc.a : _printfi.c.obj (.text._pconv_e)
                  00002de4    0000010c     libclang_rt.builtins.a : divdf3.S.obj (.text.__divdf3)
                  00002ef0    000000e8     driverlib.a : dl_timer.o (.text.DL_Timer_initTimerMode)
                  00002fd8    000000e4     libclang_rt.builtins.a : muldf3.S.obj (.text.__muldf3)
                  000030bc    000000dc     driverlib.a : dl_sysctl_mspm0g1x0x_g3x0x.o (.text.DL_SYSCTL_configSYSPLL)
                  00003198    000000d8     gy62.o (.text.UART2_IRQHandler)
                  00003270    000000d8     libc.a : s_scalbn.c.obj (.text.scalbn)
                  00003348    000000d8     libclang_rt.builtins.a : addsf3.S.obj (.text)
                  00003420    000000c4     driverlib.a : dl_timer.o (.text.DL_Timer_initPWMMode)
                  000034e4    000000b4     oled.o (.text.Oled_ShowString)
                  00003598    000000b4     ti_msp_dl_config.o (.text.SYSCFG_DL_GPIO_init)
                  0000364c    000000ae     pid.o (.text.PID_Cuc)
                  000036fa    00000002     libclang_rt.builtins.a : aeabi_div0.c.obj (.text.__aeabi_idiv0)
                  000036fc    000000a8     photocell.o (.text.PHOTOCELL_Cycle)
                  000037a4    000000a2     libclang_rt.builtins.a : udivmoddi4.S.obj (.text)
                  00003846    0000009a     libc.a : memcpy16.S.obj (.text:memcpy)
                  000038e0    00000094     print.o (.text.UART_Send)
                  00003974    00000090     motor_cycle.o (.text.MOTOR_Init)
                  00003a04    00000090     ti_msp_dl_config.o (.text.SYSCFG_DL_SYSCTL_init)
                  00003a94    0000008c     ti_msp_dl_config.o (.text.SYSCFG_DL_MOTOR_PWM_init)
                  00003b20    0000008c     libclang_rt.builtins.a : mulsf3.S.obj (.text.__mulsf3)
                  00003bac    00000088     ti_msp_dl_config.o (.text.SYSCFG_DL_initPower)
                  00003c34    00000084     ti_msp_dl_config.o (.text.SYSCFG_DL_DEBUG_UART_init)
                  00003cb8    00000084     ti_msp_dl_config.o (.text.SYSCFG_DL_GY62_UART_init)
                  00003d3c    00000080     driverlib.a : dl_timer.o (.text.DL_TimerA_initPWMMode)
                  00003dbc    00000078     libc.a : copy_decompress_lzss.c.obj (.text:decompress:lzss)
                  00003e34    00000070     libclang_rt.builtins.a : comparedf2.c.obj (.text.__gedf2)
                  00003ea4    0000006c     gy62.o (.text.GY62_Init)
                  00003f10    0000006c     photocell.o (.text.PHOTOCELL_GetError)
                  00003f7c    0000006c     libclang_rt.builtins.a : comparedf2.c.obj (.text.__ledf2)
                  00003fe8    00000066     libc.a : _printfi.c.obj (.text._mcpy)
                  0000404e    00000002     libclang_rt.builtins.a : aeabi_div0.c.obj (.text.__aeabi_ldiv0)
                  00004050    00000064     driverlib.a : dl_sysctl_mspm0g1x0x_g3x0x.o (.text.DL_SYSCTL_setHFCLKSourceHFXTParams)
                  000040b4    00000062     libclang_rt.builtins.a : aeabi_dcmp.S.obj (.text.__aeabi_dcmp)
                  00004116    00000002     --HOLE-- [fill = 0]
                  00004118    00000062                            : aeabi_fcmp.S.obj (.text.__aeabi_fcmp)
                  0000417a    00000062     libc.a : memset16.S.obj (.text:memset)
                  000041dc    00000060     main.o (.text.UART0_IRQHandler)
                  0000423c    0000005c     libc.a : s_frexp.c.obj (.text.frexp)
                  00004298    00000058            : _ltoa.c.obj (.text.__TI_ltoa)
                  000042f0    00000058            : _printfi.c.obj (.text._pconv_f)
                  00004348    00000056     libclang_rt.builtins.a : aeabi_idivmod.S.obj (.text.__aeabi_idivmod)
                  0000439e    00000002     --HOLE-- [fill = 0]
                  000043a0    00000054     ti_msp_dl_config.o (.text.SYSCFG_DL_MUX_QEI_init)
                  000043f4    00000054     ti_msp_dl_config.o (.text.SYSCFG_DL_OLED_I2C_init)
                  00004448    00000054     ti_msp_dl_config.o (.text.SYSCFG_DL_PHOTOCELL_init)
                  0000449c    00000052     libc.a : _printfi.c.obj (.text._ecpy)
                  000044ee    00000002     --HOLE-- [fill = 0]
                  000044f0    00000050     ti_msp_dl_config.o (.text.SYSCFG_DL_init)
                  00004540    0000004c     ti_msp_dl_config.o (.text.SYSCFG_DL_TICKER_TIMER_init)
                  0000458c    0000004a     libclang_rt.builtins.a : fixdfsi.S.obj (.text.__fixdfsi)
                  000045d6    00000002     --HOLE-- [fill = 0]
                  000045d8    00000048     driverlib.a : dl_uart.o (.text.DL_UART_init)
                  00004620    00000048     process.o (.text.PROCESS_Main)
                  00004668    00000044     alert.o (.text.ALERT_Proxy)
                  000046ac    00000044     driverlib.a : dl_sysctl_mspm0g1x0x_g3x0x.o (.text.DL_SYSCTL_switchMCLKfromSYSOSCtoHSCLK)
                  000046f0    00000044     photocell.o (.text.PHOTOCELL_Init)
                  00004734    00000040     oled.o (.text.Oled_Printf)
                  00004774    00000040     libclang_rt.builtins.a : aeabi_uidivmod.S.obj (.text.__aeabi_uidivmod)
                  000047b4    00000040                            : extendsfdf2.S.obj (.text.__extendsfdf2)
                  000047f4    00000040     libc.a : atoi.c.obj (.text.atoi)
                  00004834    0000003c     driverlib.a : dl_i2c.o (.text.DL_I2C_flushControllerTXFIFO)
                  00004870    0000003c     yaw_cycle.o (.text.YAW_Cycle)
                  000048ac    0000003c     libclang_rt.builtins.a : floatsisf.S.obj (.text.__floatsisf)
                  000048e8    0000003c                            : comparesf2.S.obj (.text.__gtsf2)
                  00004924    0000003c     libc.a : autoinit.c.obj (.text:__TI_auto_init_nobinit_nopinit)
                  00004960    0000003a     libclang_rt.builtins.a : comparesf2.S.obj (.text.__eqsf2)
                  0000499a    00000002     --HOLE-- [fill = 0]
                  0000499c    0000003a                            : muldsi3.S.obj (.text.__muldsi3)
                  000049d6    00000002     --HOLE-- [fill = 0]
                  000049d8    00000038                            : fixsfsi.S.obj (.text.__fixsfsi)
                  00004a10    00000030     driverlib.a : dl_i2c.o (.text.DL_I2C_flushControllerRXFIFO)
                  00004a40    00000030     libc.a : _printfi.c.obj (.text._fcpy)
                  00004a70    0000002c     ti_msp_dl_config.o (.text.SYSCFG_DL_TIMER_0_init)
                  00004a9c    0000002c     libclang_rt.builtins.a : floatsidf.S.obj (.text.__floatsidf)
                  00004ac8    0000002c     libc.a : vsprintf.c.obj (.text.vsprintf)
                  00004af4    00000028     libclang_rt.builtins.a : floatunsisf.S.obj (.text.__floatunsisf)
                  00004b1c    00000028     libc.a : boot_cortex_m.c.obj (.text:_c_int00_noargs)
                  00004b44    00000026     driverlib.a : dl_i2c.o (.text.DL_I2C_setClockConfig)
                  00004b6a    00000002     --HOLE-- [fill = 0]
                  00004b6c    00000024     gy62.o (.text.GY62_YawZero)
                  00004b90    00000024     photocell.o (.text.Photocell_ReadDigitalValue)
                  00004bb4    00000024     libclang_rt.builtins.a : floatunsidf.S.obj (.text.__floatunsidf)
                  00004bd8    00000024                            : muldi3.S.obj (.text.__muldi3)
                  00004bfc    00000022     libc.a : memccpy.c.obj (.text.memccpy)
                  00004c1e    00000002     --HOLE-- [fill = 0]
                  00004c20    00000020     driverlib.a : dl_uart.o (.text.DL_UART_transmitDataBlocking)
                  00004c40    0000001e     libclang_rt.builtins.a : ashldi3.S.obj (.text.__ashldi3)
                  00004c5e    00000002     --HOLE-- [fill = 0]
                  00004c60    0000001c     driverlib.a : dl_timer.o (.text.DL_Timer_setCaptCompUpdateMethod)
                  00004c7c    0000001c                 : dl_timer.o (.text.DL_Timer_setClockConfig)
                  00004c98    0000001c     motor_cycle.o (.text.MOTOR_GetAbsEncoderLine)
                  00004cb4    00000018     driverlib.a : dl_timer.o (.text.DL_Timer_setCaptureCompareOutCtl)
                  00004ccc    00000018     libc.a : vsprintf.c.obj (.text._outs)
                  00004ce4    00000016            : copy_zero_init.c.obj (.text:decompress:ZI:__TI_zero_init_nomemset)
                  00004cfa    00000002     --HOLE-- [fill = 0]
                  00004cfc    00000014     motor_cycle.o (.text.ISR_Set)
                  00004d10    00000014     motor_cycle.o (.text.MOTOR_SetAbsEncoderZero)
                  00004d24    00000014     motor_cycle.o (.text.MOTOR_SetExpSpeed)
                  00004d38    00000014     motor_cycle.o (.text.MOTOR_SetExpSpeedOffset)
                  00004d4c    00000014     libclang_rt.builtins.a : aeabi_uldivmod.S.obj (.text.__aeabi_uldivmod)
                  00004d60    00000014     libc.a : _printfi.c.obj (.text.strchr)
                  00004d74    00000012     driverlib.a : dl_uart.o (.text.DL_UART_setClockConfig)
                  00004d86    00000012     pid.o (.text.PID_Init)
                  00004d98    00000012     libc.a : copy_decompress_none.c.obj (.text:decompress:none)
                  00004daa    00000010     app.o (.text.APP_Init)
                  00004dba    00000002     --HOLE-- [fill = 0]
                  00004dbc    00000010     driverlib.a : dl_timer.o (.text.DL_Timer_setCaptureCompareValue)
                  00004dcc    00000010     app.o (.text.Delay_ms)
                  00004ddc    00000010     photocell.o (.text.PHOTOCELL_ClearPid)
                  00004dec    00000010     yaw_cycle.o (.text.YAW_ClearPid)
                  00004dfc    00000010     libc.a : wcslen.c.obj (.text.wcslen)
                  00004e0c    0000000e     libclang_rt.builtins.a : aeabi_memset.S.obj (.text.__aeabi_memset)
                  00004e1a    0000000e     libc.a : _printfi.c.obj (.text.strlen)
                  00004e28    0000000c     alert.o (.text.ALERT_SetAlert)
                  00004e34    0000000c     gy62.o (.text.GY62_GetYaw)
                  00004e40    0000000c     motor_cycle.o (.text.ISR_Disable)
                  00004e4c    0000000c     motor_cycle.o (.text.ISR_Enable)
                  00004e58    0000000c     motor_cycle.o (.text.MOTOR_DisablePid)
                  00004e64    0000000c     motor_cycle.o (.text.MOTOR_EnablePid)
                  00004e70    0000000c     motor_cycle.o (.text.MOTOR_GetLeftAbsEncoder)
                  00004e7c    0000000c     motor_cycle.o (.text.MOTOR_GetRightAbsEncoder)
                  00004e88    0000000c     photocell.o (.text.PHOTOCELL_GetToggle)
                  00004e94    0000000c     process.o (.text.PROCESS_Get)
                  00004ea0    0000000c     process.o (.text.PROCESS_Set)
                  00004eac    0000000c     yaw_cycle.o (.text.YAW_SetExpYaw)
                  00004eb8    0000000c     libclang_rt.builtins.a : aeabi_memset.S.obj (.text.__aeabi_memclr)
                  00004ec4    0000000a     driverlib.a : dl_common.o (.text.DL_Common_delayCycles)
                  00004ece    0000000a     libc.a : _printfi.c.obj (.text.OUTLINED_FUNCTION_0)
                  00004ed8    00000010     libclang_rt.builtins.a : adddf3.S.obj (.tramp.__aeabi_dsub.1)
                  00004ee8    0000000a     libc.a : _printfi.c.obj (.text.OUTLINED_FUNCTION_1)
                  00004ef2    0000000a     pid.o (.text.PID_Clear)
                  00004efc    0000000a     libc.a : vsprintf.c.obj (.text._outc)
                  00004f06    00000002     --HOLE-- [fill = 0]
                  00004f08    00000008            : aeabi_portable.c.obj (.text.__aeabi_errno_addr)
                  00004f10    00000008     libclang_rt.builtins.a : aeabi_memcpy.S.obj (.text.__aeabi_memcpy)
                  00004f18    00000004     pid.o (.text.PID_SetPid)
                  00004f1c    00000004     startup_mspm0g350x_ticlang.o (.text.Reset_Handler)
                  00004f20    00000004     libc.a : pre_init.c.obj (.text._system_pre_init)
                  00004f24    00000004            : exit.c.obj (.text:abort)

.cinit     0    00005360    00000038     
                  00005360    0000000f     (.cinit..data.load) [load image, compression = lzss]
                  0000536f    00000001     --HOLE-- [fill = 0]
                  00005370    0000000c     (__TI_handler_table)
                  0000537c    00000008     (.cinit..bss.load) [load image, compression = zero_init]
                  00005384    00000010     (__TI_cinit_table)
                  00005394    00000004     --HOLE-- [fill = 0]

.rodata    0    00004f30    00000430     
                  00004f30    00000228     front.o (.rodata.F6x8)
                  00005158    00000008     ti_msp_dl_config.o (.rodata.gMOTOR_PWMConfig)
                  00005160    00000101     libc.a : aeabi_ctype.S.obj (.rodata:__aeabi_ctype_table_)
                  00005261    00000003     ti_msp_dl_config.o (.rodata.gMOTOR_PWMClockConfig)
                  00005264    00000028     ti_msp_dl_config.o (.rodata.gSYSPLLConfig)
                  0000528c    0000001e     main.o (.rodata.str1.79551435545072341851)
                  000052aa    00000002     ti_msp_dl_config.o (.rodata.gDEBUG_UARTClockConfig)
                  000052ac    00000014     ti_msp_dl_config.o (.rodata.gTICKER_TIMERTimerConfig)
                  000052c0    00000014     ti_msp_dl_config.o (.rodata.gTIMER_0TimerConfig)
                  000052d4    00000011     libc.a : _printfi.c.obj (.rodata.str1.11645776875810915891)
                  000052e5    00000011            : _printfi.c.obj (.rodata.str1.44690500295887128011)
                  000052f6    0000000c     main.o (.rodata.str1.176328792963337784071)
                  00005302    0000000c     main.o (.rodata.str1.55841430354152434161)
                  0000530e    0000000c     main.o (.rodata.str1.97993385775340092391)
                  0000531a    0000000b     main.o (.rodata.str1.42969106790848045441)
                  00005325    0000000b     main.o (.rodata.str1.52501554851255701521)
                  00005330    0000000a     ti_msp_dl_config.o (.rodata.gDEBUG_UARTConfig)
                  0000533a    0000000a     ti_msp_dl_config.o (.rodata.gGY62_UARTConfig)
                  00005344    00000003     ti_msp_dl_config.o (.rodata.gMUX_QEIClockConfig)
                  00005347    00000003     ti_msp_dl_config.o (.rodata.gTICKER_TIMERClockConfig)
                  0000534a    00000003     ti_msp_dl_config.o (.rodata.gTIMER_0ClockConfig)
                  0000534d    00000002     ti_msp_dl_config.o (.rodata.gGY62_UARTClockConfig)
                  0000534f    00000002     ti_msp_dl_config.o (.rodata.gOLED_I2CClockConfig)
                  00005351    00000002     ti_msp_dl_config.o (.rodata.gPHOTOCELLClockConfig)
                  00005353    0000000d     --HOLE-- [fill = 0]

.init_array 
*          0    00000000    00000000     UNINITIALIZED

.binit     0    00000000    00000000     

.bss       0    20200000    0000026e     UNINITIALIZED
                  20200000    000000bc     (.common:gMOTOR_PWMBackup)
                  202000bc    000000bc     (.common:gTICKER_TIMERBackup)
                  20200178    00000078     (.common:gMUX_QEIBackup)
                  202001f0    00000028     motor_cycle.o (.bss.left_pid)
                  20200218    00000028     motor_cycle.o (.bss.right_pid)
                  20200240    00000028     (.common:yaw_pid)
                  20200268    00000006     main.o (.bss.UART0_IRQHandler.buffer)

.data      0    20200270    00000089     UNINITIALIZED
                  20200270    00000028     photocell.o (.data.gray_pid)
                  20200298    0000000b     gy62.o (.data.recive_buffer)
                  202002a3    0000000a     photocell.o (.data.last_state)
                  202002ad    00000001     motor_cycle.o (.data.CallBackCtrl)
                  202002ae    00000002     photocell.o (.data.ActGry)
                  202002b0    00000008     motor_cycle.o (.data.tick)
                  202002b8    00000004     alert.o (.data.ALERT_Proxy.tick)
                  202002bc    00000004     motor_cycle.o (.data.AbsMotorLeftPulse)
                  202002c0    00000004     motor_cycle.o (.data.AbsMotorRightPulse)
                  202002c4    00000004     yaw_cycle.o (.data.ExpYaw)
                  202002c8    00000004     gy62.o (.data.Pitch)
                  202002cc    00000004     gy62.o (.data.Roll)
                  202002d0    00000004     motor_cycle.o (.data.TickerISRCallbcak)
                  202002d4    00000004     gy62.o (.data.Yaw)
                  202002d8    00000004     libc.a : aeabi_portable.c.obj (.data.__aeabi_errno)
                  202002dc    00000002     motor_cycle.o (.data.ActMotorLeftPulse)
                  202002de    00000002     motor_cycle.o (.data.ActMotorRightPulse)
                  202002e0    00000002     photocell.o (.data.ExpGry)
                  202002e2    00000002     motor_cycle.o (.data.ExpMotorLeftPulse)
                  202002e4    00000002     motor_cycle.o (.data.ExpMotorLeftPulseOffset)
                  202002e6    00000002     motor_cycle.o (.data.ExpMotorRightPulse)
                  202002e8    00000002     motor_cycle.o (.data.ExpMotorRightPulseOffset)
                  202002ea    00000002     process.o (.data.SetSpeed)
                  202002ec    00000002     gy62.o (.data.UART2_IRQHandler.counter)
                  202002ee    00000002     alert.o (.data.counter)
                  202002f0    00000001     photocell.o (.data.GrayError)
                  202002f1    00000001     photocell.o (.data.GrayToggle)
                  202002f2    00000001     main.o (.data.Key_Get.i)
                  202002f3    00000001     motor_cycle.o (.data.PointerUnsafe)
                  202002f4    00000001     process.o (.data.Start)
                  202002f5    00000001     motor_cycle.o (.data.TIMA0_IRQHandler.LR)
                  202002f6    00000001     main.o (.data.UART0_IRQHandler.counter)
                  202002f7    00000001     motor_cycle.o (.data.motor_enablepid)
                  202002f8    00000001     process.o (.data.process)

.stack     0    20207e00    00000200     UNINITIALIZED
                  20207e00    00000004     libc.a : boot_cortex_m.c.obj (.stack)
                  20207e04    000001fc     --HOLE--

__llvm_prf_cnts 
*          0    20200000    00000000     UNINITIALIZED

__llvm_prf_bits 
*          0    20200000    00000000     UNINITIALIZED

MODULE SUMMARY

       Module                         code    ro data   rw data
       ------                         ----    -------   -------
    .\
       ti_msp_dl_config.o             1316    128       496    
       main.o                         404     88        8      
       startup_mspm0g350x_ticlang.o   6       192       0      
    +--+------------------------------+-------+---------+---------+
       Total:                         1726    408       504    
                                                               
    .\APP\
       photocell.o                    2528    0         56     
       process.o                      2504    0         4      
       motor_cycle.o                  776     0         116    
       gy62.o                         372     0         25     
       pid.o                          206     0         0      
       print.o                        148     0         0      
       yaw_cycle.o                    88      0         44     
       alert.o                        80      0         6      
       app.o                          32      0         0      
    +--+------------------------------+-------+---------+---------+
       Total:                         6734    0         251    
                                                               
    .\Driver\
       lib_i2c.o                      844     0         0      
    +--+------------------------------+-------+---------+---------+
       Total:                         844     0         0      
                                                               
    .\Peri\OLED\
       oled.o                         1044    0         0      
       front.o                        0       552       0      
    +--+------------------------------+-------+---------+---------+
       Total:                         1044    552       0      
                                                               
    .\Peri\photocell8bits\
       photocell.o                    36      0         0      
    +--+------------------------------+-------+---------+---------+
       Total:                         36      0         0      
                                                               
    C:/ti/mspm0_sdk_2_01_00_03/source/ti/driverlib/lib/ticlang/m0p/mspm0g1x0x_g3x0x/driverlib.a
       dl_timer.o                     652     0         0      
       dl_sysctl_mspm0g1x0x_g3x0x.o   388     0         0      
       dl_i2c.o                       146     0         0      
       dl_uart.o                      122     0         0      
       dl_common.o                    10      0         0      
    +--+------------------------------+-------+---------+---------+
       Total:                         1318    0         0      
                                                               
    D:\ti\ccs1260\ccs\tools\compiler\ti-cgt-armllvm_3.2.1.LTS\lib\armv6m-ti-none-eabi/c/libc.a
       _printfi.c.obj                 4558    34        0      
       aeabi_ctype.S.obj              0       257       0      
       s_scalbn.c.obj                 216     0         0      
       memcpy16.S.obj                 154     0         0      
       copy_decompress_lzss.c.obj     120     0         0      
       memset16.S.obj                 98      0         0      
       s_frexp.c.obj                  92      0         0      
       _ltoa.c.obj                    88      0         0      
       vsprintf.c.obj                 78      0         0      
       atoi.c.obj                     64      0         0      
       autoinit.c.obj                 60      0         0      
       boot_cortex_m.c.obj            40      0         0      
       memccpy.c.obj                  34      0         0      
       copy_zero_init.c.obj           22      0         0      
       copy_decompress_none.c.obj     18      0         0      
       wcslen.c.obj                   16      0         0      
       aeabi_portable.c.obj           8       0         4      
       exit.c.obj                     4       0         0      
       pre_init.c.obj                 4       0         0      
    +--+------------------------------+-------+---------+---------+
       Total:                         5674    291       4      
                                                               
    D:\ti\ccs1260\ccs\tools\compiler\ti-cgt-armllvm_3.2.1.LTS\lib\clang/15.0.7/lib/armv6m-ti-none-eabi/libclang_rt.builtins.a
       adddf3.S.obj                   418     0         0      
       divdf3.S.obj                   268     0         0      
       muldf3.S.obj                   228     0         0      
       comparedf2.c.obj               220     0         0      
       addsf3.S.obj                   216     0         0      
       udivmoddi4.S.obj               162     0         0      
       mulsf3.S.obj                   140     0         0      
       comparesf2.S.obj               118     0         0      
       aeabi_dcmp.S.obj               98      0         0      
       aeabi_fcmp.S.obj               98      0         0      
       aeabi_idivmod.S.obj            86      0         0      
       fixdfsi.S.obj                  74      0         0      
       aeabi_uidivmod.S.obj           64      0         0      
       extendsfdf2.S.obj              64      0         0      
       floatsisf.S.obj                60      0         0      
       muldsi3.S.obj                  58      0         0      
       fixsfsi.S.obj                  56      0         0      
       floatsidf.S.obj                44      0         0      
       floatunsisf.S.obj              40      0         0      
       floatunsidf.S.obj              36      0         0      
       muldi3.S.obj                   36      0         0      
       ashldi3.S.obj                  30      0         0      
       aeabi_memset.S.obj             26      0         0      
       aeabi_uldivmod.S.obj           20      0         0      
       aeabi_memcpy.S.obj             8       0         0      
       aeabi_div0.c.obj               4       0         0      
    +--+------------------------------+-------+---------+---------+
       Total:                         2672    0         0      
                                                               
       Stack:                         0       0         512    
       Linker Generated:              0       51        0      
    +--+------------------------------+-------+---------+---------+
       Grand Total:                   20048   1302      1271   


LINKER GENERATED COPY TABLES

__TI_cinit_table @ 00005384 records: 2, size/record: 8, table size: 16
	.data: load addr=00005360, load size=0000000f bytes, run addr=20200270, run size=00000089 bytes, compression=lzss
	.bss: load addr=0000537c, load size=00000008 bytes, run addr=20200000, run size=0000026e bytes, compression=zero_init


LINKER GENERATED HANDLER TABLE

__TI_handler_table @ 00005370 records: 3, size/record: 4, table size: 12
	index: 0, handler: __TI_decompress_lzss
	index: 1, handler: __TI_decompress_none
	index: 2, handler: __TI_zero_init


FAR CALL TRAMPOLINES

callee name               trampoline name
   callee addr  tramp addr   call addr  call info
--------------  -----------  ---------  ----------------
__aeabi_dsub              $Tramp$TT$L$PI$$__aeabi_dsub
   000025ed     00004ed8     00004ed6   libc.a : _printfi.c.obj (.text.OUTLINED_FUNCTION_0)

[1 trampolines]
[1 trampoline calls]


GLOBAL SYMBOLS: SORTED ALPHABETICALLY BY Name 

address   name                                 
-------   ----                                 
0000277f  ADC0_IRQHandler                      
0000277f  ADC1_IRQHandler                      
0000277f  AES_IRQHandler                       
00004669  ALERT_Proxy                          
00004e29  ALERT_SetAlert                       
00004dab  APP_Init                             
202002bc  AbsMotorLeftPulse                    
202002c0  AbsMotorRightPulse                   
202002ae  ActGry                               
202002dc  ActMotorLeftPulse                    
202002de  ActMotorRightPulse                   
00004f24  C$$EXIT                              
0000277f  CANFD0_IRQHandler                    
0000277f  DAC0_IRQHandler                      
00004ec5  DL_Common_delayCycles                
00004a11  DL_I2C_flushControllerRXFIFO         
00004835  DL_I2C_flushControllerTXFIFO         
00004b45  DL_I2C_setClockConfig                
000030bd  DL_SYSCTL_configSYSPLL               
00004051  DL_SYSCTL_setHFCLKSourceHFXTParams   
000046ad  DL_SYSCTL_switchMCLKfromSYSOSCtoHSCLK
00003d3d  DL_TimerA_initPWMMode                
00003421  DL_Timer_initPWMMode                 
00002ef1  DL_Timer_initTimerMode               
00004c61  DL_Timer_setCaptCompUpdateMethod     
00004cb5  DL_Timer_setCaptureCompareOutCtl     
00004dbd  DL_Timer_setCaptureCompareValue      
00004c7d  DL_Timer_setClockConfig              
000045d9  DL_UART_init                         
00004d75  DL_UART_setClockConfig               
00004c21  DL_UART_transmitDataBlocking         
0000277f  DMA_IRQHandler                       
0000277f  Default_Handler                      
00004dcd  Delay_ms                             
202002e0  ExpGry                               
202002e2  ExpMotorLeftPulse                    
202002e4  ExpMotorLeftPulseOffset              
202002e6  ExpMotorRightPulse                   
202002e8  ExpMotorRightPulseOffset             
00004f30  F6x8                                 
0000277f  GROUP0_IRQHandler                    
0000277f  GROUP1_IRQHandler                    
00004e35  GY62_GetYaw                          
00003ea5  GY62_Init                            
00004b6d  GY62_YawZero                         
202002f0  GrayError                            
202002f1  GrayToggle                           
0000277f  HardFault_Handler                    
0000277f  I2C0_IRQHandler                      
0000277f  I2C1_IRQHandler                      
00004e41  ISR_Disable                          
00004e4d  ISR_Enable                           
00004cfd  ISR_Set                              
00002431  LIB_I2CReciveMemPoll                 
00002781  LIB_I2CTransmitMemPoll               
00004e59  MOTOR_DisablePid                     
00004e65  MOTOR_EnablePid                      
00004c99  MOTOR_GetAbsEncoderLine              
00004e71  MOTOR_GetLeftAbsEncoder              
00004e7d  MOTOR_GetRightAbsEncoder             
00003975  MOTOR_Init                           
00004d11  MOTOR_SetAbsEncoderZero              
00004d25  MOTOR_SetExpSpeed                    
00004d39  MOTOR_SetExpSpeedOffset              
0000277f  NMI_Handler                          
000016ed  Oled_Init                            
00004735  Oled_Printf                          
000034e5  Oled_ShowString                      
00004ddd  PHOTOCELL_ClearPid                   
000036fd  PHOTOCELL_Cycle                      
00000ac1  PHOTOCELL_FlushToggle                
00003f11  PHOTOCELL_GetError                   
00004e89  PHOTOCELL_GetToggle                  
000046f1  PHOTOCELL_Init                       
00004ef3  PID_Clear                            
0000364d  PID_Cuc                              
00004d87  PID_Init                             
00004f19  PID_SetPid                           
00002911  PROCESS_1                            
00001e91  PROCESS_2                            
00001a0d  PROCESS_3                            
0000132d  PROCESS_4                            
00004e95  PROCESS_Get                          
00004621  PROCESS_Main                         
00004ea1  PROCESS_Set                          
0000277f  PendSV_Handler                       
00004b91  Photocell_ReadDigitalValue           
202002c8  Pitch                                
0000277f  RTC_IRQHandler                       
00004f1d  Reset_Handler                        
202002cc  Roll                                 
0000277f  SPI0_IRQHandler                      
0000277f  SPI1_IRQHandler                      
0000277f  SVC_Handler                          
00003c35  SYSCFG_DL_DEBUG_UART_init            
00003599  SYSCFG_DL_GPIO_init                  
00003cb9  SYSCFG_DL_GY62_UART_init             
00003a95  SYSCFG_DL_MOTOR_PWM_init             
000043a1  SYSCFG_DL_MUX_QEI_init               
000043f5  SYSCFG_DL_OLED_I2C_init              
00004449  SYSCFG_DL_PHOTOCELL_init             
00003a05  SYSCFG_DL_SYSCTL_init                
00004541  SYSCFG_DL_TICKER_TIMER_init          
00004a71  SYSCFG_DL_TIMER_0_init               
000044f1  SYSCFG_DL_init                       
00003bad  SYSCFG_DL_initPower                  
202002ea  SetSpeed                             
202002f4  Start                                
0000277f  SysTick_Handler                      
0000226d  TIMA0_IRQHandler                     
0000277f  TIMA1_IRQHandler                     
0000277f  TIMG0_IRQHandler                     
0000277f  TIMG12_IRQHandler                    
0000277f  TIMG6_IRQHandler                     
0000277f  TIMG7_IRQHandler                     
0000277f  TIMG8_IRQHandler                     
000041dd  UART0_IRQHandler                     
0000277f  UART1_IRQHandler                     
00003199  UART2_IRQHandler                     
0000277f  UART3_IRQHandler                     
000038e1  UART_Send                            
00004ded  YAW_ClearPid                         
00004871  YAW_Cycle                            
00004ead  YAW_SetExpYaw                        
202002d4  Yaw                                  
20208000  __STACK_END                          
00000200  __STACK_SIZE                         
00000000  __TI_ATRegion0_region_sz             
00000000  __TI_ATRegion0_src_addr              
00000000  __TI_ATRegion0_trg_addr              
00000000  __TI_ATRegion1_region_sz             
00000000  __TI_ATRegion1_src_addr              
00000000  __TI_ATRegion1_trg_addr              
00000000  __TI_ATRegion2_region_sz             
00000000  __TI_ATRegion2_src_addr              
00000000  __TI_ATRegion2_trg_addr              
00005384  __TI_CINIT_Base                      
00005394  __TI_CINIT_Limit                     
00005394  __TI_CINIT_Warm                      
00005370  __TI_Handler_Table_Base              
0000537c  __TI_Handler_Table_Limit             
00004925  __TI_auto_init_nobinit_nopinit       
00003dbd  __TI_decompress_lzss                 
00004d99  __TI_decompress_none                 
00004299  __TI_ltoa                            
ffffffff  __TI_pprof_out_hndl                  
000000c1  __TI_printfi                         
ffffffff  __TI_prof_data_size                  
ffffffff  __TI_prof_data_start                 
00000000  __TI_static_base__                   
00004ce5  __TI_zero_init_nomemset              
000025f7  __adddf3                             
00003353  __addsf3                             
00005160  __aeabi_ctype_table_                 
00005160  __aeabi_ctype_table_C                
0000458d  __aeabi_d2iz                         
000025f7  __aeabi_dadd                         
000040b5  __aeabi_dcmpeq                       
000040f1  __aeabi_dcmpge                       
00004105  __aeabi_dcmpgt                       
000040dd  __aeabi_dcmple                       
000040c9  __aeabi_dcmplt                       
00002de5  __aeabi_ddiv                         
00002fd9  __aeabi_dmul                         
000025ed  __aeabi_dsub                         
202002d8  __aeabi_errno                        
00004f09  __aeabi_errno_addr                   
000047b5  __aeabi_f2d                          
000049d9  __aeabi_f2iz                         
00003353  __aeabi_fadd                         
00004119  __aeabi_fcmpeq                       
00004155  __aeabi_fcmpge                       
00004169  __aeabi_fcmpgt                       
00004141  __aeabi_fcmple                       
0000412d  __aeabi_fcmplt                       
00003b21  __aeabi_fmul                         
00003349  __aeabi_fsub                         
00004a9d  __aeabi_i2d                          
000048ad  __aeabi_i2f                          
00004349  __aeabi_idiv                         
000036fb  __aeabi_idiv0                        
00004349  __aeabi_idivmod                      
0000404f  __aeabi_ldiv0                        
00004c41  __aeabi_llsl                         
00004bd9  __aeabi_lmul                         
00004eb9  __aeabi_memclr                       
00004eb9  __aeabi_memclr4                      
00004eb9  __aeabi_memclr8                      
00004f11  __aeabi_memcpy                       
00004f11  __aeabi_memcpy4                      
00004f11  __aeabi_memcpy8                      
00004e0d  __aeabi_memset                       
00004e0d  __aeabi_memset4                      
00004e0d  __aeabi_memset8                      
00004bb5  __aeabi_ui2d                         
00004af5  __aeabi_ui2f                         
00004775  __aeabi_uidiv                        
00004775  __aeabi_uidivmod                     
00004d4d  __aeabi_uldivmod                     
00004c41  __ashldi3                            
ffffffff  __binit__                            
00003f7d  __cmpdf2                             
00004961  __cmpsf2                             
00002de5  __divdf3                             
00003f7d  __eqdf2                              
00004961  __eqsf2                              
000047b5  __extendsfdf2                        
0000458d  __fixdfsi                            
000049d9  __fixsfsi                            
00004a9d  __floatsidf                          
000048ad  __floatsisf                          
00004bb5  __floatunsidf                        
00004af5  __floatunsisf                        
00003e35  __gedf2                              
000048e9  __gesf2                              
00003e35  __gtdf2                              
000048e9  __gtsf2                              
00003f7d  __ledf2                              
00004961  __lesf2                              
00003f7d  __ltdf2                              
00004961  __ltsf2                              
UNDEFED   __mpu_init                           
00002fd9  __muldf3                             
00004bd9  __muldi3                             
0000499d  __muldsi3                            
00003b21  __mulsf3                             
00003f7d  __nedf2                              
00004961  __nesf2                              
20207e00  __stack                              
20200000  __start___llvm_prf_bits              
20200000  __start___llvm_prf_cnts              
20200000  __stop___llvm_prf_bits               
20200000  __stop___llvm_prf_cnts               
000025ed  __subdf3                             
00003349  __subsf3                             
000037a5  __udivmoddi4                         
00004b1d  _c_int00_noargs                      
UNDEFED   _system_post_cinit                   
00004f21  _system_pre_init                     
00004f25  abort                                
000047f5  atoi                                 
ffffffff  binit                                
202002ee  counter                              
0000423d  frexp                                
0000423d  frexpl                               
20200000  gMOTOR_PWMBackup                     
20200178  gMUX_QEIBackup                       
202000bc  gTICKER_TIMERBackup                  
20200270  gray_pid                             
00000000  interruptVectors                     
202002a3  last_state                           
00003271  ldexp                                
00003271  ldexpl                               
00002b91  main                                 
00004bfd  memccpy                              
00003847  memcpy                               
0000417b  memset                               
20200298  recive_buffer                        
00003271  scalbn                               
00003271  scalbnl                              
00004ac9  vsprintf                             
00004dfd  wcslen                               
20200240  yaw_pid                              


GLOBAL SYMBOLS: SORTED BY Symbol Address 

address   name                                 
-------   ----                                 
00000000  __TI_ATRegion0_region_sz             
00000000  __TI_ATRegion0_src_addr              
00000000  __TI_ATRegion0_trg_addr              
00000000  __TI_ATRegion1_region_sz             
00000000  __TI_ATRegion1_src_addr              
00000000  __TI_ATRegion1_trg_addr              
00000000  __TI_ATRegion2_region_sz             
00000000  __TI_ATRegion2_src_addr              
00000000  __TI_ATRegion2_trg_addr              
00000000  __TI_static_base__                   
00000000  interruptVectors                     
000000c1  __TI_printfi                         
00000200  __STACK_SIZE                         
00000ac1  PHOTOCELL_FlushToggle                
0000132d  PROCESS_4                            
000016ed  Oled_Init                            
00001a0d  PROCESS_3                            
00001e91  PROCESS_2                            
0000226d  TIMA0_IRQHandler                     
00002431  LIB_I2CReciveMemPoll                 
000025ed  __aeabi_dsub                         
000025ed  __subdf3                             
000025f7  __adddf3                             
000025f7  __aeabi_dadd                         
0000277f  ADC0_IRQHandler                      
0000277f  ADC1_IRQHandler                      
0000277f  AES_IRQHandler                       
0000277f  CANFD0_IRQHandler                    
0000277f  DAC0_IRQHandler                      
0000277f  DMA_IRQHandler                       
0000277f  Default_Handler                      
0000277f  GROUP0_IRQHandler                    
0000277f  GROUP1_IRQHandler                    
0000277f  HardFault_Handler                    
0000277f  I2C0_IRQHandler                      
0000277f  I2C1_IRQHandler                      
0000277f  NMI_Handler                          
0000277f  PendSV_Handler                       
0000277f  RTC_IRQHandler                       
0000277f  SPI0_IRQHandler                      
0000277f  SPI1_IRQHandler                      
0000277f  SVC_Handler                          
0000277f  SysTick_Handler                      
0000277f  TIMA1_IRQHandler                     
0000277f  TIMG0_IRQHandler                     
0000277f  TIMG12_IRQHandler                    
0000277f  TIMG6_IRQHandler                     
0000277f  TIMG7_IRQHandler                     
0000277f  TIMG8_IRQHandler                     
0000277f  UART1_IRQHandler                     
0000277f  UART3_IRQHandler                     
00002781  LIB_I2CTransmitMemPoll               
00002911  PROCESS_1                            
00002b91  main                                 
00002de5  __aeabi_ddiv                         
00002de5  __divdf3                             
00002ef1  DL_Timer_initTimerMode               
00002fd9  __aeabi_dmul                         
00002fd9  __muldf3                             
000030bd  DL_SYSCTL_configSYSPLL               
00003199  UART2_IRQHandler                     
00003271  ldexp                                
00003271  ldexpl                               
00003271  scalbn                               
00003271  scalbnl                              
00003349  __aeabi_fsub                         
00003349  __subsf3                             
00003353  __addsf3                             
00003353  __aeabi_fadd                         
00003421  DL_Timer_initPWMMode                 
000034e5  Oled_ShowString                      
00003599  SYSCFG_DL_GPIO_init                  
0000364d  PID_Cuc                              
000036fb  __aeabi_idiv0                        
000036fd  PHOTOCELL_Cycle                      
000037a5  __udivmoddi4                         
00003847  memcpy                               
000038e1  UART_Send                            
00003975  MOTOR_Init                           
00003a05  SYSCFG_DL_SYSCTL_init                
00003a95  SYSCFG_DL_MOTOR_PWM_init             
00003b21  __aeabi_fmul                         
00003b21  __mulsf3                             
00003bad  SYSCFG_DL_initPower                  
00003c35  SYSCFG_DL_DEBUG_UART_init            
00003cb9  SYSCFG_DL_GY62_UART_init             
00003d3d  DL_TimerA_initPWMMode                
00003dbd  __TI_decompress_lzss                 
00003e35  __gedf2                              
00003e35  __gtdf2                              
00003ea5  GY62_Init                            
00003f11  PHOTOCELL_GetError                   
00003f7d  __cmpdf2                             
00003f7d  __eqdf2                              
00003f7d  __ledf2                              
00003f7d  __ltdf2                              
00003f7d  __nedf2                              
0000404f  __aeabi_ldiv0                        
00004051  DL_SYSCTL_setHFCLKSourceHFXTParams   
000040b5  __aeabi_dcmpeq                       
000040c9  __aeabi_dcmplt                       
000040dd  __aeabi_dcmple                       
000040f1  __aeabi_dcmpge                       
00004105  __aeabi_dcmpgt                       
00004119  __aeabi_fcmpeq                       
0000412d  __aeabi_fcmplt                       
00004141  __aeabi_fcmple                       
00004155  __aeabi_fcmpge                       
00004169  __aeabi_fcmpgt                       
0000417b  memset                               
000041dd  UART0_IRQHandler                     
0000423d  frexp                                
0000423d  frexpl                               
00004299  __TI_ltoa                            
00004349  __aeabi_idiv                         
00004349  __aeabi_idivmod                      
000043a1  SYSCFG_DL_MUX_QEI_init               
000043f5  SYSCFG_DL_OLED_I2C_init              
00004449  SYSCFG_DL_PHOTOCELL_init             
000044f1  SYSCFG_DL_init                       
00004541  SYSCFG_DL_TICKER_TIMER_init          
0000458d  __aeabi_d2iz                         
0000458d  __fixdfsi                            
000045d9  DL_UART_init                         
00004621  PROCESS_Main                         
00004669  ALERT_Proxy                          
000046ad  DL_SYSCTL_switchMCLKfromSYSOSCtoHSCLK
000046f1  PHOTOCELL_Init                       
00004735  Oled_Printf                          
00004775  __aeabi_uidiv                        
00004775  __aeabi_uidivmod                     
000047b5  __aeabi_f2d                          
000047b5  __extendsfdf2                        
000047f5  atoi                                 
00004835  DL_I2C_flushControllerTXFIFO         
00004871  YAW_Cycle                            
000048ad  __aeabi_i2f                          
000048ad  __floatsisf                          
000048e9  __gesf2                              
000048e9  __gtsf2                              
00004925  __TI_auto_init_nobinit_nopinit       
00004961  __cmpsf2                             
00004961  __eqsf2                              
00004961  __lesf2                              
00004961  __ltsf2                              
00004961  __nesf2                              
0000499d  __muldsi3                            
000049d9  __aeabi_f2iz                         
000049d9  __fixsfsi                            
00004a11  DL_I2C_flushControllerRXFIFO         
00004a71  SYSCFG_DL_TIMER_0_init               
00004a9d  __aeabi_i2d                          
00004a9d  __floatsidf                          
00004ac9  vsprintf                             
00004af5  __aeabi_ui2f                         
00004af5  __floatunsisf                        
00004b1d  _c_int00_noargs                      
00004b45  DL_I2C_setClockConfig                
00004b6d  GY62_YawZero                         
00004b91  Photocell_ReadDigitalValue           
00004bb5  __aeabi_ui2d                         
00004bb5  __floatunsidf                        
00004bd9  __aeabi_lmul                         
00004bd9  __muldi3                             
00004bfd  memccpy                              
00004c21  DL_UART_transmitDataBlocking         
00004c41  __aeabi_llsl                         
00004c41  __ashldi3                            
00004c61  DL_Timer_setCaptCompUpdateMethod     
00004c7d  DL_Timer_setClockConfig              
00004c99  MOTOR_GetAbsEncoderLine              
00004cb5  DL_Timer_setCaptureCompareOutCtl     
00004ce5  __TI_zero_init_nomemset              
00004cfd  ISR_Set                              
00004d11  MOTOR_SetAbsEncoderZero              
00004d25  MOTOR_SetExpSpeed                    
00004d39  MOTOR_SetExpSpeedOffset              
00004d4d  __aeabi_uldivmod                     
00004d75  DL_UART_setClockConfig               
00004d87  PID_Init                             
00004d99  __TI_decompress_none                 
00004dab  APP_Init                             
00004dbd  DL_Timer_setCaptureCompareValue      
00004dcd  Delay_ms                             
00004ddd  PHOTOCELL_ClearPid                   
00004ded  YAW_ClearPid                         
00004dfd  wcslen                               
00004e0d  __aeabi_memset                       
00004e0d  __aeabi_memset4                      
00004e0d  __aeabi_memset8                      
00004e29  ALERT_SetAlert                       
00004e35  GY62_GetYaw                          
00004e41  ISR_Disable                          
00004e4d  ISR_Enable                           
00004e59  MOTOR_DisablePid                     
00004e65  MOTOR_EnablePid                      
00004e71  MOTOR_GetLeftAbsEncoder              
00004e7d  MOTOR_GetRightAbsEncoder             
00004e89  PHOTOCELL_GetToggle                  
00004e95  PROCESS_Get                          
00004ea1  PROCESS_Set                          
00004ead  YAW_SetExpYaw                        
00004eb9  __aeabi_memclr                       
00004eb9  __aeabi_memclr4                      
00004eb9  __aeabi_memclr8                      
00004ec5  DL_Common_delayCycles                
00004ef3  PID_Clear                            
00004f09  __aeabi_errno_addr                   
00004f11  __aeabi_memcpy                       
00004f11  __aeabi_memcpy4                      
00004f11  __aeabi_memcpy8                      
00004f19  PID_SetPid                           
00004f1d  Reset_Handler                        
00004f21  _system_pre_init                     
00004f24  C$$EXIT                              
00004f25  abort                                
00004f30  F6x8                                 
00005160  __aeabi_ctype_table_                 
00005160  __aeabi_ctype_table_C                
00005370  __TI_Handler_Table_Base              
0000537c  __TI_Handler_Table_Limit             
00005384  __TI_CINIT_Base                      
00005394  __TI_CINIT_Limit                     
00005394  __TI_CINIT_Warm                      
20200000  __start___llvm_prf_bits              
20200000  __start___llvm_prf_cnts              
20200000  __stop___llvm_prf_bits               
20200000  __stop___llvm_prf_cnts               
20200000  gMOTOR_PWMBackup                     
202000bc  gTICKER_TIMERBackup                  
20200178  gMUX_QEIBackup                       
20200240  yaw_pid                              
20200270  gray_pid                             
20200298  recive_buffer                        
202002a3  last_state                           
202002ae  ActGry                               
202002bc  AbsMotorLeftPulse                    
202002c0  AbsMotorRightPulse                   
202002c8  Pitch                                
202002cc  Roll                                 
202002d4  Yaw                                  
202002d8  __aeabi_errno                        
202002dc  ActMotorLeftPulse                    
202002de  ActMotorRightPulse                   
202002e0  ExpGry                               
202002e2  ExpMotorLeftPulse                    
202002e4  ExpMotorLeftPulseOffset              
202002e6  ExpMotorRightPulse                   
202002e8  ExpMotorRightPulseOffset             
202002ea  SetSpeed                             
202002ee  counter                              
202002f0  GrayError                            
202002f1  GrayToggle                           
202002f4  Start                                
20207e00  __stack                              
20208000  __STACK_END                          
ffffffff  __TI_pprof_out_hndl                  
ffffffff  __TI_prof_data_size                  
ffffffff  __TI_prof_data_start                 
ffffffff  __binit__                            
ffffffff  binit                                
UNDEFED   __mpu_init                           
UNDEFED   _system_post_cinit                   

[263 symbols]
