******************************************************************************
            TI ARM Clang Linker PC v3.2.1                      
******************************************************************************
>> Linked Thu Aug  1 14:29:24 2024

OUTPUT FILE NAME:   <Car Ver3.0.out>
ENTRY POINT SYMBOL: "_c_int00_noargs"  address: 00004771


MEMORY CONFIGURATION

         name            origin    length      used     unused   attr    fill
----------------------  --------  ---------  --------  --------  ----  --------
  FLASH                 00000000   00020000  00004f90  0001b070  R  X
  SRAM                  20200000   00008000  000004f8  00007b08  RW X
  BCR_CONFIG            41c00000   00000080  00000000  00000080  R   
  BSL_CONFIG            41c00100   00000080  00000000  00000080  R   


SEGMENT ALLOCATION MAP

run origin  load origin   length   init length attrs members
----------  ----------- ---------- ----------- ----- -------
00000000    00000000    00004b28   00004b28    r-x
  00000000    00000000    000000c0   000000c0    r-- .intvecs
  000000c0    000000c0    00004a68   00004a68    r-x .text
00004b30    00004b30    00000468   00000468    r--
  00004b30    00004b30    00000430   00000430    r-- .rodata
  00004f60    00004f60    00000038   00000038    r-- .cinit
20200000    20200000    000002fa   00000000    rw-
  20200000    20200000    0000026e   00000000    rw- .bss
  20200270    20200270    0000008a   00000000    rw- .data
20207e00    20207e00    00000200   00000000    rw-
  20207e00    20207e00    00000200   00000000    rw- .stack


SECTION ALLOCATION MAP

 output                                  attributes/
section   page    origin      length       input sections
--------  ----  ----------  ----------   ----------------
.intvecs   0    00000000    000000c0     
                  00000000    000000c0     startup_mspm0g350x_ticlang.o (.intvecs)

.text      0    000000c0    00004a68     
                  000000c0    00000a00     libc.a : _printfi.c.obj (.text:__TI_printfi)
                  00000ac0    000006c8     photocell.o (.text.PHOTOCELL_FlushToggle)
                  00001188    00000320     oled.o (.text.Oled_Init)
                  000014a8    00000220     libc.a : _printfi.c.obj (.text._pconv_a)
                  000016c8    00000214     process.o (.text.PROCESS_2)
                  000018dc    00000210     process.o (.text.PROCESS_4)
                  00001aec    000001dc     libc.a : _printfi.c.obj (.text._pconv_g)
                  00001cc8    000001c4     motor_cycle.o (.text.TIMA0_IRQHandler)
                  00001e8c    000001c0     process.o (.text.PROCESS_3)
                  0000204c    00000192     libclang_rt.builtins.a : adddf3.S.obj (.text.adddf3_subdf3)
                  000021de    00000002     startup_mspm0g350x_ticlang.o (.text.Default_Handler)
                  000021e0    00000190     lib_i2c.o (.text.LIB_I2CTransmitMemPoll)
                  00002370    0000013c     libc.a : _printfi.c.obj (.text.fcvt)
                  000024ac    00000138     main.o (.text.main)
                  000025e4    00000120     libc.a : _printfi.c.obj (.text._pconv_e)
                  00002704    0000010c     libclang_rt.builtins.a : divdf3.S.obj (.text.__divdf3)
                  00002810    000000ec     ti_msp_dl_config.o (.text.SYSCFG_DL_GPIO_init)
                  000028fc    000000e8     driverlib.a : dl_timer.o (.text.DL_Timer_initTimerMode)
                  000029e4    000000e4     libclang_rt.builtins.a : muldf3.S.obj (.text.__muldf3)
                  00002ac8    000000dc     driverlib.a : dl_sysctl_mspm0g1x0x_g3x0x.o (.text.DL_SYSCTL_configSYSPLL)
                  00002ba4    000000d8     motor_cycle.o (.text.MOTOR_SoftSpeed)
                  00002c7c    000000d8     gy62.o (.text.UART2_IRQHandler)
                  00002d54    000000d8     libc.a : s_scalbn.c.obj (.text.scalbn)
                  00002e2c    000000d8     libclang_rt.builtins.a : addsf3.S.obj (.text)
                  00002f04    000000c4     driverlib.a : dl_timer.o (.text.DL_Timer_initPWMMode)
                  00002fc8    000000b4     oled.o (.text.Oled_ShowString)
                  0000307c    000000ae     pid.o (.text.PID_Cuc)
                  0000312a    00000002     libclang_rt.builtins.a : aeabi_div0.c.obj (.text.__aeabi_idiv0)
                  0000312c    000000a8     photocell.o (.text.PHOTOCELL_CheckUnWhite)
                  000031d4    000000a8     photocell.o (.text.PHOTOCELL_CheckWhite)
                  0000327c    000000a4     process.o (.text.PROCESS_1)
                  00003320    000000a2     libclang_rt.builtins.a : udivmoddi4.S.obj (.text)
                  000033c2    00000002                            : aeabi_div0.c.obj (.text.__aeabi_ldiv0)
                  000033c4    0000009c     photocell.o (.text.PHOTOCELL_Cycle)
                  00003460    0000009a     libc.a : memcpy16.S.obj (.text:memcpy)
                  000034fa    00000094     print.o (.text.UART_Send)
                  0000358e    00000002     --HOLE-- [fill = 0]
                  00003590    00000090     motor_cycle.o (.text.MOTOR_Init)
                  00003620    00000090     ti_msp_dl_config.o (.text.SYSCFG_DL_SYSCTL_init)
                  000036b0    0000008c     ti_msp_dl_config.o (.text.SYSCFG_DL_MOTOR_PWM_init)
                  0000373c    0000008c     libclang_rt.builtins.a : mulsf3.S.obj (.text.__mulsf3)
                  000037c8    00000084     ti_msp_dl_config.o (.text.SYSCFG_DL_DEBUG_UART_init)
                  0000384c    00000084     ti_msp_dl_config.o (.text.SYSCFG_DL_GY62_UART_init)
                  000038d0    00000082     libclang_rt.builtins.a : divsf3.S.obj (.text.__divsf3)
                  00003952    00000002     --HOLE-- [fill = 0]
                  00003954    00000080     driverlib.a : dl_timer.o (.text.DL_TimerA_initPWMMode)
                  000039d4    0000007c     ti_msp_dl_config.o (.text.SYSCFG_DL_initPower)
                  00003a50    00000078     libc.a : copy_decompress_lzss.c.obj (.text:decompress:lzss)
                  00003ac8    00000070     libclang_rt.builtins.a : comparedf2.c.obj (.text.__gedf2)
                  00003b38    0000006c     gy62.o (.text.GY62_Init)
                  00003ba4    0000006c     libclang_rt.builtins.a : comparedf2.c.obj (.text.__ledf2)
                  00003c10    00000066     libc.a : _printfi.c.obj (.text._mcpy)
                  00003c76    00000002     --HOLE-- [fill = 0]
                  00003c78    00000064     driverlib.a : dl_sysctl_mspm0g1x0x_g3x0x.o (.text.DL_SYSCTL_setHFCLKSourceHFXTParams)
                  00003cdc    00000062     libclang_rt.builtins.a : aeabi_dcmp.S.obj (.text.__aeabi_dcmp)
                  00003d3e    00000002     --HOLE-- [fill = 0]
                  00003d40    00000062                            : aeabi_fcmp.S.obj (.text.__aeabi_fcmp)
                  00003da2    00000062     libc.a : memset16.S.obj (.text:memset)
                  00003e04    00000060     photocell.o (.text.PHOTOCELL_GetError)
                  00003e64    00000060     main.o (.text.UART0_IRQHandler)
                  00003ec4    0000005c     libc.a : s_frexp.c.obj (.text.frexp)
                  00003f20    00000058            : _ltoa.c.obj (.text.__TI_ltoa)
                  00003f78    00000058            : _printfi.c.obj (.text._pconv_f)
                  00003fd0    00000056     libclang_rt.builtins.a : aeabi_idivmod.S.obj (.text.__aeabi_idivmod)
                  00004026    00000002     --HOLE-- [fill = 0]
                  00004028    00000054     photocell.o (.text.Photocell_ReadDigitalValue)
                  0000407c    00000054     ti_msp_dl_config.o (.text.SYSCFG_DL_MUX_QEI_init)
                  000040d0    00000054     ti_msp_dl_config.o (.text.SYSCFG_DL_OLED_I2C_init)
                  00004124    00000052     libc.a : _printfi.c.obj (.text._ecpy)
                  00004176    00000002     --HOLE-- [fill = 0]
                  00004178    0000004c     ti_msp_dl_config.o (.text.SYSCFG_DL_TICKER_TIMER_init)
                  000041c4    0000004c     ti_msp_dl_config.o (.text.SYSCFG_DL_init)
                  00004210    0000004a     libclang_rt.builtins.a : fixdfsi.S.obj (.text.__fixdfsi)
                  0000425a    00000002     --HOLE-- [fill = 0]
                  0000425c    00000048     driverlib.a : dl_uart.o (.text.DL_UART_init)
                  000042a4    00000048     process.o (.text.PROCESS_Main)
                  000042ec    00000044     alert.o (.text.ALERT_Proxy)
                  00004330    00000044     driverlib.a : dl_sysctl_mspm0g1x0x_g3x0x.o (.text.DL_SYSCTL_switchMCLKfromSYSOSCtoHSCLK)
                  00004374    00000044     photocell.o (.text.PHOTOCELL_Init)
                  000043b8    00000040     oled.o (.text.Oled_Printf)
                  000043f8    00000040     libclang_rt.builtins.a : aeabi_uidivmod.S.obj (.text.__aeabi_uidivmod)
                  00004438    00000040                            : extendsfdf2.S.obj (.text.__extendsfdf2)
                  00004478    00000040     libc.a : atoi.c.obj (.text.atoi)
                  000044b8    0000003c     driverlib.a : dl_i2c.o (.text.DL_I2C_flushControllerTXFIFO)
                  000044f4    0000003c     yaw_cycle.o (.text.YAW_Cycle)
                  00004530    0000003c     libclang_rt.builtins.a : floatsisf.S.obj (.text.__floatsisf)
                  0000456c    0000003c                            : comparesf2.S.obj (.text.__gtsf2)
                  000045a8    0000003c     libc.a : autoinit.c.obj (.text:__TI_auto_init_nobinit_nopinit)
                  000045e4    0000003a     libclang_rt.builtins.a : comparesf2.S.obj (.text.__eqsf2)
                  0000461e    00000002     --HOLE-- [fill = 0]
                  00004620    0000003a                            : muldsi3.S.obj (.text.__muldsi3)
                  0000465a    00000002     --HOLE-- [fill = 0]
                  0000465c    00000038                            : fixsfsi.S.obj (.text.__fixsfsi)
                  00004694    00000030     libc.a : _printfi.c.obj (.text._fcpy)
                  000046c4    0000002c     ti_msp_dl_config.o (.text.SYSCFG_DL_TIMER_0_init)
                  000046f0    0000002c     libclang_rt.builtins.a : floatsidf.S.obj (.text.__floatsidf)
                  0000471c    0000002c     libc.a : vsprintf.c.obj (.text.vsprintf)
                  00004748    00000028     libclang_rt.builtins.a : floatunsisf.S.obj (.text.__floatunsisf)
                  00004770    00000028     libc.a : boot_cortex_m.c.obj (.text:_c_int00_noargs)
                  00004798    00000026     driverlib.a : dl_i2c.o (.text.DL_I2C_setClockConfig)
                  000047be    00000002     --HOLE-- [fill = 0]
                  000047c0    00000024     gy62.o (.text.GY62_YawZero)
                  000047e4    00000024     libclang_rt.builtins.a : muldi3.S.obj (.text.__muldi3)
                  00004808    00000022     libc.a : memccpy.c.obj (.text.memccpy)
                  0000482a    00000002     --HOLE-- [fill = 0]
                  0000482c    00000020     driverlib.a : dl_uart.o (.text.DL_UART_transmitDataBlocking)
                  0000484c    0000001e     libclang_rt.builtins.a : ashldi3.S.obj (.text.__ashldi3)
                  0000486a    00000002     --HOLE-- [fill = 0]
                  0000486c    0000001c     driverlib.a : dl_timer.o (.text.DL_Timer_setCaptCompUpdateMethod)
                  00004888    0000001c                 : dl_timer.o (.text.DL_Timer_setClockConfig)
                  000048a4    0000001c     motor_cycle.o (.text.MOTOR_GetAbsEncoderLine)
                  000048c0    00000018     driverlib.a : dl_timer.o (.text.DL_Timer_setCaptureCompareOutCtl)
                  000048d8    00000018     libc.a : vsprintf.c.obj (.text._outs)
                  000048f0    00000016            : copy_zero_init.c.obj (.text:decompress:ZI:__TI_zero_init_nomemset)
                  00004906    00000002     --HOLE-- [fill = 0]
                  00004908    00000014     motor_cycle.o (.text.ISR_Set)
                  0000491c    00000014     motor_cycle.o (.text.MOTOR_SetAbsEncoderZero)
                  00004930    00000014     motor_cycle.o (.text.MOTOR_SetExpSpeed)
                  00004944    00000014     motor_cycle.o (.text.MOTOR_SetExpSpeedOffset)
                  00004958    00000014     libclang_rt.builtins.a : aeabi_uldivmod.S.obj (.text.__aeabi_uldivmod)
                  0000496c    00000014     libc.a : _printfi.c.obj (.text.strchr)
                  00004980    00000012     driverlib.a : dl_uart.o (.text.DL_UART_setClockConfig)
                  00004992    00000012     pid.o (.text.PID_Init)
                  000049a4    00000012     libc.a : copy_decompress_none.c.obj (.text:decompress:none)
                  000049b6    00000010     app.o (.text.APP_Init)
                  000049c6    00000002     --HOLE-- [fill = 0]
                  000049c8    00000010     driverlib.a : dl_timer.o (.text.DL_Timer_setCaptureCompareValue)
                  000049d8    00000010     app.o (.text.Delay_ms)
                  000049e8    00000010     photocell.o (.text.PHOTOCELL_ClearPid)
                  000049f8    00000010     yaw_cycle.o (.text.YAW_ClearPid)
                  00004a08    00000010     libc.a : wcslen.c.obj (.text.wcslen)
                  00004a18    0000000e     libclang_rt.builtins.a : aeabi_memset.S.obj (.text.__aeabi_memset)
                  00004a26    0000000e     libc.a : _printfi.c.obj (.text.strlen)
                  00004a34    0000000c     alert.o (.text.ALERT_SetAlert)
                  00004a40    0000000c     gy62.o (.text.GY62_GetYaw)
                  00004a4c    0000000c     motor_cycle.o (.text.ISR_Disable)
                  00004a58    0000000c     motor_cycle.o (.text.ISR_Enable)
                  00004a64    0000000c     motor_cycle.o (.text.MOTOR_DisablePid)
                  00004a70    0000000c     motor_cycle.o (.text.MOTOR_EnablePid)
                  00004a7c    0000000c     motor_cycle.o (.text.MOTOR_GetLeftAbsEncoder)
                  00004a88    0000000c     motor_cycle.o (.text.MOTOR_GetRightAbsEncoder)
                  00004a94    0000000c     process.o (.text.PROCESS_Get)
                  00004aa0    0000000c     process.o (.text.PROCESS_Set)
                  00004aac    0000000c     yaw_cycle.o (.text.YAW_SetExpYaw)
                  00004ab8    0000000c     libclang_rt.builtins.a : aeabi_memset.S.obj (.text.__aeabi_memclr)
                  00004ac4    0000000a     driverlib.a : dl_common.o (.text.DL_Common_delayCycles)
                  00004ace    0000000a     libc.a : _printfi.c.obj (.text.OUTLINED_FUNCTION_0)
                  00004ad8    00000010     libclang_rt.builtins.a : adddf3.S.obj (.tramp.__aeabi_dsub.1)
                  00004ae8    0000000a     libc.a : _printfi.c.obj (.text.OUTLINED_FUNCTION_1)
                  00004af2    0000000a     pid.o (.text.PID_Clear)
                  00004afc    0000000a     libc.a : vsprintf.c.obj (.text._outc)
                  00004b06    00000002     --HOLE-- [fill = 0]
                  00004b08    00000008            : aeabi_portable.c.obj (.text.__aeabi_errno_addr)
                  00004b10    00000008     libclang_rt.builtins.a : aeabi_memcpy.S.obj (.text.__aeabi_memcpy)
                  00004b18    00000004     pid.o (.text.PID_SetPid)
                  00004b1c    00000004     startup_mspm0g350x_ticlang.o (.text.Reset_Handler)
                  00004b20    00000004     libc.a : pre_init.c.obj (.text._system_pre_init)
                  00004b24    00000004            : exit.c.obj (.text:abort)

.cinit     0    00004f60    00000038     
                  00004f60    0000000f     (.cinit..data.load) [load image, compression = lzss]
                  00004f6f    00000001     --HOLE-- [fill = 0]
                  00004f70    0000000c     (__TI_handler_table)
                  00004f7c    00000008     (.cinit..bss.load) [load image, compression = zero_init]
                  00004f84    00000010     (__TI_cinit_table)
                  00004f94    00000004     --HOLE-- [fill = 0]

.rodata    0    00004b30    00000430     
                  00004b30    00000228     front.o (.rodata.F6x8)
                  00004d58    00000008     ti_msp_dl_config.o (.rodata.gMOTOR_PWMConfig)
                  00004d60    00000101     libc.a : aeabi_ctype.S.obj (.rodata:__aeabi_ctype_table_)
                  00004e61    00000003     ti_msp_dl_config.o (.rodata.gMOTOR_PWMClockConfig)
                  00004e64    00000028     ti_msp_dl_config.o (.rodata.gSYSPLLConfig)
                  00004e8c    0000001e     main.o (.rodata.str1.79551435545072341851)
                  00004eaa    00000002     ti_msp_dl_config.o (.rodata.gDEBUG_UARTClockConfig)
                  00004eac    00000014     ti_msp_dl_config.o (.rodata.gTICKER_TIMERTimerConfig)
                  00004ec0    00000014     ti_msp_dl_config.o (.rodata.gTIMER_0TimerConfig)
                  00004ed4    00000011     libc.a : _printfi.c.obj (.rodata.str1.11645776875810915891)
                  00004ee5    00000011            : _printfi.c.obj (.rodata.str1.44690500295887128011)
                  00004ef6    0000000c     main.o (.rodata.str1.176328792963337784071)
                  00004f02    0000000c     main.o (.rodata.str1.55841430354152434161)
                  00004f0e    0000000c     main.o (.rodata.str1.97993385775340092391)
                  00004f1a    0000000b     main.o (.rodata.str1.42969106790848045441)
                  00004f25    0000000b     main.o (.rodata.str1.52501554851255701521)
                  00004f30    0000000a     ti_msp_dl_config.o (.rodata.gDEBUG_UARTConfig)
                  00004f3a    0000000a     ti_msp_dl_config.o (.rodata.gGY62_UARTConfig)
                  00004f44    00000003     ti_msp_dl_config.o (.rodata.gMUX_QEIClockConfig)
                  00004f47    00000003     ti_msp_dl_config.o (.rodata.gTICKER_TIMERClockConfig)
                  00004f4a    00000003     ti_msp_dl_config.o (.rodata.gTIMER_0ClockConfig)
                  00004f4d    00000002     ti_msp_dl_config.o (.rodata.gGY62_UARTClockConfig)
                  00004f4f    00000002     ti_msp_dl_config.o (.rodata.gOLED_I2CClockConfig)
                  00004f51    0000000f     --HOLE-- [fill = 0]

.init_array 
*          0    00000000    00000000     UNINITIALIZED

.binit     0    00000000    00000000     

.bss       0    20200000    0000026e     UNINITIALIZED
                  20200000    000000bc     (.common:gMOTOR_PWMBackup)
                  202000bc    000000bc     (.common:gTICKER_TIMERBackup)
                  20200178    00000078     (.common:gMUX_QEIBackup)
                  202001f0    00000028     motor_cycle.o (.bss.left_pid)
                  20200218    00000028     motor_cycle.o (.bss.right_pid)
                  20200240    00000028     (.common:yaw_pid)
                  20200268    00000006     main.o (.bss.UART0_IRQHandler.buffer)

.data      0    20200270    0000008a     UNINITIALIZED
                  20200270    00000028     photocell.o (.data.gray_pid)
                  20200298    0000000b     gy62.o (.data.recive_buffer)
                  202002a3    0000000a     photocell.o (.data.last_state)
                  202002ad    00000001     motor_cycle.o (.data.CallBackCtrl)
                  202002ae    00000002     photocell.o (.data.ActGry)
                  202002b0    00000008     motor_cycle.o (.data.tick)
                  202002b8    00000004     alert.o (.data.ALERT_Proxy.tick)
                  202002bc    00000004     motor_cycle.o (.data.AbsMotorLeftPulse)
                  202002c0    00000004     motor_cycle.o (.data.AbsMotorRightPulse)
                  202002c4    00000004     yaw_cycle.o (.data.ExpYaw)
                  202002c8    00000004     gy62.o (.data.Pitch)
                  202002cc    00000004     gy62.o (.data.Roll)
                  202002d0    00000004     motor_cycle.o (.data.TickerISRCallbcak)
                  202002d4    00000004     gy62.o (.data.Yaw)
                  202002d8    00000004     libc.a : aeabi_portable.c.obj (.data.__aeabi_errno)
                  202002dc    00000002     motor_cycle.o (.data.ActMotorLeftPulse)
                  202002de    00000002     motor_cycle.o (.data.ActMotorRightPulse)
                  202002e0    00000002     photocell.o (.data.ExpGry)
                  202002e2    00000002     motor_cycle.o (.data.ExpMotorLeftPulse)
                  202002e4    00000002     motor_cycle.o (.data.ExpMotorLeftPulseOffset)
                  202002e6    00000002     motor_cycle.o (.data.ExpMotorRightPulse)
                  202002e8    00000002     motor_cycle.o (.data.ExpMotorRightPulseOffset)
                  202002ea    00000002     process.o (.data.SetSpeed)
                  202002ec    00000002     gy62.o (.data.UART2_IRQHandler.counter)
                  202002ee    00000002     alert.o (.data.counter)
                  202002f0    00000001     photocell.o (.data.GrayError)
                  202002f1    00000001     photocell.o (.data.GrayRes)
                  202002f2    00000001     photocell.o (.data.GrayToggle)
                  202002f3    00000001     main.o (.data.Key_Get.i)
                  202002f4    00000001     motor_cycle.o (.data.PointerUnsafe)
                  202002f5    00000001     process.o (.data.Start)
                  202002f6    00000001     motor_cycle.o (.data.TIMA0_IRQHandler.LR)
                  202002f7    00000001     main.o (.data.UART0_IRQHandler.counter)
                  202002f8    00000001     motor_cycle.o (.data.motor_enablepid)
                  202002f9    00000001     process.o (.data.process)

.stack     0    20207e00    00000200     UNINITIALIZED
                  20207e00    00000004     libc.a : boot_cortex_m.c.obj (.stack)
                  20207e04    000001fc     --HOLE--

__llvm_prf_cnts 
*          0    20200000    00000000     UNINITIALIZED

__llvm_prf_bits 
*          0    20200000    00000000     UNINITIALIZED

MODULE SUMMARY

       Module                         code    ro data   rw data
       ------                         ----    -------   -------
    .\
       ti_msp_dl_config.o             1272    126       496    
       main.o                         408     88        8      
       startup_mspm0g350x_ticlang.o   6       192       0      
    +--+------------------------------+-------+---------+---------+
       Total:                         1686    406       504    
                                                               
    .\APP\
       photocell.o                    2408    0         57     
       process.o                      1768    0         4      
       motor_cycle.o                  992     0         116    
       gy62.o                         372     0         25     
       pid.o                          206     0         0      
       print.o                        148     0         0      
       yaw_cycle.o                    88      0         44     
       alert.o                        80      0         6      
       app.o                          32      0         0      
    +--+------------------------------+-------+---------+---------+
       Total:                         6094    0         252    
                                                               
    .\Driver\
       lib_i2c.o                      400     0         0      
    +--+------------------------------+-------+---------+---------+
       Total:                         400     0         0      
                                                               
    .\Peri\OLED\
       oled.o                         1044    0         0      
       front.o                        0       552       0      
    +--+------------------------------+-------+---------+---------+
       Total:                         1044    552       0      
                                                               
    .\Peri\photocell8bits\
       photocell.o                    84      0         0      
    +--+------------------------------+-------+---------+---------+
       Total:                         84      0         0      
                                                               
    C:/ti/mspm0_sdk_2_01_00_03/source/ti/driverlib/lib/ticlang/m0p/mspm0g1x0x_g3x0x/driverlib.a
       dl_timer.o                     652     0         0      
       dl_sysctl_mspm0g1x0x_g3x0x.o   388     0         0      
       dl_uart.o                      122     0         0      
       dl_i2c.o                       98      0         0      
       dl_common.o                    10      0         0      
    +--+------------------------------+-------+---------+---------+
       Total:                         1270    0         0      
                                                               
    D:\ti\ccs1260\ccs\tools\compiler\ti-cgt-armllvm_3.2.1.LTS\lib\armv6m-ti-none-eabi/c/libc.a
       _printfi.c.obj                 4558    34        0      
       aeabi_ctype.S.obj              0       257       0      
       s_scalbn.c.obj                 216     0         0      
       memcpy16.S.obj                 154     0         0      
       copy_decompress_lzss.c.obj     120     0         0      
       memset16.S.obj                 98      0         0      
       s_frexp.c.obj                  92      0         0      
       _ltoa.c.obj                    88      0         0      
       vsprintf.c.obj                 78      0         0      
       atoi.c.obj                     64      0         0      
       autoinit.c.obj                 60      0         0      
       boot_cortex_m.c.obj            40      0         0      
       memccpy.c.obj                  34      0         0      
       copy_zero_init.c.obj           22      0         0      
       copy_decompress_none.c.obj     18      0         0      
       wcslen.c.obj                   16      0         0      
       aeabi_portable.c.obj           8       0         4      
       exit.c.obj                     4       0         0      
       pre_init.c.obj                 4       0         0      
    +--+------------------------------+-------+---------+---------+
       Total:                         5674    291       4      
                                                               
    D:\ti\ccs1260\ccs\tools\compiler\ti-cgt-armllvm_3.2.1.LTS\lib\clang/15.0.7/lib/armv6m-ti-none-eabi/libclang_rt.builtins.a
       adddf3.S.obj                   418     0         0      
       divdf3.S.obj                   268     0         0      
       muldf3.S.obj                   228     0         0      
       comparedf2.c.obj               220     0         0      
       addsf3.S.obj                   216     0         0      
       udivmoddi4.S.obj               162     0         0      
       mulsf3.S.obj                   140     0         0      
       divsf3.S.obj                   130     0         0      
       comparesf2.S.obj               118     0         0      
       aeabi_dcmp.S.obj               98      0         0      
       aeabi_fcmp.S.obj               98      0         0      
       aeabi_idivmod.S.obj            86      0         0      
       fixdfsi.S.obj                  74      0         0      
       aeabi_uidivmod.S.obj           64      0         0      
       extendsfdf2.S.obj              64      0         0      
       floatsisf.S.obj                60      0         0      
       muldsi3.S.obj                  58      0         0      
       fixsfsi.S.obj                  56      0         0      
       floatsidf.S.obj                44      0         0      
       floatunsisf.S.obj              40      0         0      
       muldi3.S.obj                   36      0         0      
       ashldi3.S.obj                  30      0         0      
       aeabi_memset.S.obj             26      0         0      
       aeabi_uldivmod.S.obj           20      0         0      
       aeabi_memcpy.S.obj             8       0         0      
       aeabi_div0.c.obj               4       0         0      
    +--+------------------------------+-------+---------+---------+
       Total:                         2766    0         0      
                                                               
       Stack:                         0       0         512    
       Linker Generated:              0       51        0      
    +--+------------------------------+-------+---------+---------+
       Grand Total:                   19018   1300      1272   


LINKER GENERATED COPY TABLES

__TI_cinit_table @ 00004f84 records: 2, size/record: 8, table size: 16
	.data: load addr=00004f60, load size=0000000f bytes, run addr=20200270, run size=0000008a bytes, compression=lzss
	.bss: load addr=00004f7c, load size=00000008 bytes, run addr=20200000, run size=0000026e bytes, compression=zero_init


LINKER GENERATED HANDLER TABLE

__TI_handler_table @ 00004f70 records: 3, size/record: 4, table size: 12
	index: 0, handler: __TI_decompress_lzss
	index: 1, handler: __TI_decompress_none
	index: 2, handler: __TI_zero_init


FAR CALL TRAMPOLINES

callee name               trampoline name
   callee addr  tramp addr   call addr  call info
--------------  -----------  ---------  ----------------
__aeabi_dsub              $Tramp$TT$L$PI$$__aeabi_dsub
   0000204d     00004ad8     00004ad6   libc.a : _printfi.c.obj (.text.OUTLINED_FUNCTION_0)

[1 trampolines]
[1 trampoline calls]


GLOBAL SYMBOLS: SORTED ALPHABETICALLY BY Name 

address   name                                 
-------   ----                                 
000021df  ADC0_IRQHandler                      
000021df  ADC1_IRQHandler                      
000021df  AES_IRQHandler                       
000042ed  ALERT_Proxy                          
00004a35  ALERT_SetAlert                       
000049b7  APP_Init                             
202002bc  AbsMotorLeftPulse                    
202002c0  AbsMotorRightPulse                   
202002ae  ActGry                               
202002dc  ActMotorLeftPulse                    
202002de  ActMotorRightPulse                   
00004b24  C$$EXIT                              
000021df  CANFD0_IRQHandler                    
000021df  DAC0_IRQHandler                      
00004ac5  DL_Common_delayCycles                
000044b9  DL_I2C_flushControllerTXFIFO         
00004799  DL_I2C_setClockConfig                
00002ac9  DL_SYSCTL_configSYSPLL               
00003c79  DL_SYSCTL_setHFCLKSourceHFXTParams   
00004331  DL_SYSCTL_switchMCLKfromSYSOSCtoHSCLK
00003955  DL_TimerA_initPWMMode                
00002f05  DL_Timer_initPWMMode                 
000028fd  DL_Timer_initTimerMode               
0000486d  DL_Timer_setCaptCompUpdateMethod     
000048c1  DL_Timer_setCaptureCompareOutCtl     
000049c9  DL_Timer_setCaptureCompareValue      
00004889  DL_Timer_setClockConfig              
0000425d  DL_UART_init                         
00004981  DL_UART_setClockConfig               
0000482d  DL_UART_transmitDataBlocking         
000021df  DMA_IRQHandler                       
000021df  Default_Handler                      
000049d9  Delay_ms                             
202002e0  ExpGry                               
202002e2  ExpMotorLeftPulse                    
202002e4  ExpMotorLeftPulseOffset              
202002e6  ExpMotorRightPulse                   
202002e8  ExpMotorRightPulseOffset             
00004b30  F6x8                                 
000021df  GROUP0_IRQHandler                    
000021df  GROUP1_IRQHandler                    
00004a41  GY62_GetYaw                          
00003b39  GY62_Init                            
000047c1  GY62_YawZero                         
202002f0  GrayError                            
202002f1  GrayRes                              
202002f2  GrayToggle                           
000021df  HardFault_Handler                    
000021df  I2C0_IRQHandler                      
000021df  I2C1_IRQHandler                      
00004a4d  ISR_Disable                          
00004a59  ISR_Enable                           
00004909  ISR_Set                              
000021e1  LIB_I2CTransmitMemPoll               
00004a65  MOTOR_DisablePid                     
00004a71  MOTOR_EnablePid                      
000048a5  MOTOR_GetAbsEncoderLine              
00004a7d  MOTOR_GetLeftAbsEncoder              
00004a89  MOTOR_GetRightAbsEncoder             
00003591  MOTOR_Init                           
0000491d  MOTOR_SetAbsEncoderZero              
00004931  MOTOR_SetExpSpeed                    
00004945  MOTOR_SetExpSpeedOffset              
00002ba5  MOTOR_SoftSpeed                      
000021df  NMI_Handler                          
00001189  Oled_Init                            
000043b9  Oled_Printf                          
00002fc9  Oled_ShowString                      
0000312d  PHOTOCELL_CheckUnWhite               
000031d5  PHOTOCELL_CheckWhite                 
000049e9  PHOTOCELL_ClearPid                   
000033c5  PHOTOCELL_Cycle                      
00000ac1  PHOTOCELL_FlushToggle                
00003e05  PHOTOCELL_GetError                   
00004375  PHOTOCELL_Init                       
00004af3  PID_Clear                            
0000307d  PID_Cuc                              
00004993  PID_Init                             
00004b19  PID_SetPid                           
0000327d  PROCESS_1                            
000016c9  PROCESS_2                            
00001e8d  PROCESS_3                            
000018dd  PROCESS_4                            
00004a95  PROCESS_Get                          
000042a5  PROCESS_Main                         
00004aa1  PROCESS_Set                          
000021df  PendSV_Handler                       
00004029  Photocell_ReadDigitalValue           
202002c8  Pitch                                
000021df  RTC_IRQHandler                       
00004b1d  Reset_Handler                        
202002cc  Roll                                 
000021df  SPI0_IRQHandler                      
000021df  SPI1_IRQHandler                      
000021df  SVC_Handler                          
000037c9  SYSCFG_DL_DEBUG_UART_init            
00002811  SYSCFG_DL_GPIO_init                  
0000384d  SYSCFG_DL_GY62_UART_init             
000036b1  SYSCFG_DL_MOTOR_PWM_init             
0000407d  SYSCFG_DL_MUX_QEI_init               
000040d1  SYSCFG_DL_OLED_I2C_init              
00003621  SYSCFG_DL_SYSCTL_init                
00004179  SYSCFG_DL_TICKER_TIMER_init          
000046c5  SYSCFG_DL_TIMER_0_init               
000041c5  SYSCFG_DL_init                       
000039d5  SYSCFG_DL_initPower                  
202002ea  SetSpeed                             
202002f5  Start                                
000021df  SysTick_Handler                      
00001cc9  TIMA0_IRQHandler                     
000021df  TIMA1_IRQHandler                     
000021df  TIMG0_IRQHandler                     
000021df  TIMG12_IRQHandler                    
000021df  TIMG6_IRQHandler                     
000021df  TIMG7_IRQHandler                     
000021df  TIMG8_IRQHandler                     
00003e65  UART0_IRQHandler                     
000021df  UART1_IRQHandler                     
00002c7d  UART2_IRQHandler                     
000021df  UART3_IRQHandler                     
000034fb  UART_Send                            
000049f9  YAW_ClearPid                         
000044f5  YAW_Cycle                            
00004aad  YAW_SetExpYaw                        
202002d4  Yaw                                  
20208000  __STACK_END                          
00000200  __STACK_SIZE                         
00000000  __TI_ATRegion0_region_sz             
00000000  __TI_ATRegion0_src_addr              
00000000  __TI_ATRegion0_trg_addr              
00000000  __TI_ATRegion1_region_sz             
00000000  __TI_ATRegion1_src_addr              
00000000  __TI_ATRegion1_trg_addr              
00000000  __TI_ATRegion2_region_sz             
00000000  __TI_ATRegion2_src_addr              
00000000  __TI_ATRegion2_trg_addr              
00004f84  __TI_CINIT_Base                      
00004f94  __TI_CINIT_Limit                     
00004f94  __TI_CINIT_Warm                      
00004f70  __TI_Handler_Table_Base              
00004f7c  __TI_Handler_Table_Limit             
000045a9  __TI_auto_init_nobinit_nopinit       
00003a51  __TI_decompress_lzss                 
000049a5  __TI_decompress_none                 
00003f21  __TI_ltoa                            
ffffffff  __TI_pprof_out_hndl                  
000000c1  __TI_printfi                         
ffffffff  __TI_prof_data_size                  
ffffffff  __TI_prof_data_start                 
00000000  __TI_static_base__                   
000048f1  __TI_zero_init_nomemset              
00002057  __adddf3                             
00002e37  __addsf3                             
00004d60  __aeabi_ctype_table_                 
00004d60  __aeabi_ctype_table_C                
00004211  __aeabi_d2iz                         
00002057  __aeabi_dadd                         
00003cdd  __aeabi_dcmpeq                       
00003d19  __aeabi_dcmpge                       
00003d2d  __aeabi_dcmpgt                       
00003d05  __aeabi_dcmple                       
00003cf1  __aeabi_dcmplt                       
00002705  __aeabi_ddiv                         
000029e5  __aeabi_dmul                         
0000204d  __aeabi_dsub                         
202002d8  __aeabi_errno                        
00004b09  __aeabi_errno_addr                   
00004439  __aeabi_f2d                          
0000465d  __aeabi_f2iz                         
00002e37  __aeabi_fadd                         
00003d41  __aeabi_fcmpeq                       
00003d7d  __aeabi_fcmpge                       
00003d91  __aeabi_fcmpgt                       
00003d69  __aeabi_fcmple                       
00003d55  __aeabi_fcmplt                       
000038d1  __aeabi_fdiv                         
0000373d  __aeabi_fmul                         
00002e2d  __aeabi_fsub                         
000046f1  __aeabi_i2d                          
00004531  __aeabi_i2f                          
00003fd1  __aeabi_idiv                         
0000312b  __aeabi_idiv0                        
00003fd1  __aeabi_idivmod                      
000033c3  __aeabi_ldiv0                        
0000484d  __aeabi_llsl                         
000047e5  __aeabi_lmul                         
00004ab9  __aeabi_memclr                       
00004ab9  __aeabi_memclr4                      
00004ab9  __aeabi_memclr8                      
00004b11  __aeabi_memcpy                       
00004b11  __aeabi_memcpy4                      
00004b11  __aeabi_memcpy8                      
00004a19  __aeabi_memset                       
00004a19  __aeabi_memset4                      
00004a19  __aeabi_memset8                      
00004749  __aeabi_ui2f                         
000043f9  __aeabi_uidiv                        
000043f9  __aeabi_uidivmod                     
00004959  __aeabi_uldivmod                     
0000484d  __ashldi3                            
ffffffff  __binit__                            
00003ba5  __cmpdf2                             
000045e5  __cmpsf2                             
00002705  __divdf3                             
000038d1  __divsf3                             
00003ba5  __eqdf2                              
000045e5  __eqsf2                              
00004439  __extendsfdf2                        
00004211  __fixdfsi                            
0000465d  __fixsfsi                            
000046f1  __floatsidf                          
00004531  __floatsisf                          
00004749  __floatunsisf                        
00003ac9  __gedf2                              
0000456d  __gesf2                              
00003ac9  __gtdf2                              
0000456d  __gtsf2                              
00003ba5  __ledf2                              
000045e5  __lesf2                              
00003ba5  __ltdf2                              
000045e5  __ltsf2                              
UNDEFED   __mpu_init                           
000029e5  __muldf3                             
000047e5  __muldi3                             
00004621  __muldsi3                            
0000373d  __mulsf3                             
00003ba5  __nedf2                              
000045e5  __nesf2                              
20207e00  __stack                              
20200000  __start___llvm_prf_bits              
20200000  __start___llvm_prf_cnts              
20200000  __stop___llvm_prf_bits               
20200000  __stop___llvm_prf_cnts               
0000204d  __subdf3                             
00002e2d  __subsf3                             
00003321  __udivmoddi4                         
00004771  _c_int00_noargs                      
UNDEFED   _system_post_cinit                   
00004b21  _system_pre_init                     
00004b25  abort                                
00004479  atoi                                 
ffffffff  binit                                
202002ee  counter                              
00003ec5  frexp                                
00003ec5  frexpl                               
20200000  gMOTOR_PWMBackup                     
20200178  gMUX_QEIBackup                       
202000bc  gTICKER_TIMERBackup                  
20200270  gray_pid                             
00000000  interruptVectors                     
202002a3  last_state                           
00002d55  ldexp                                
00002d55  ldexpl                               
000024ad  main                                 
00004809  memccpy                              
00003461  memcpy                               
00003da3  memset                               
20200298  recive_buffer                        
00002d55  scalbn                               
00002d55  scalbnl                              
0000471d  vsprintf                             
00004a09  wcslen                               
20200240  yaw_pid                              


GLOBAL SYMBOLS: SORTED BY Symbol Address 

address   name                                 
-------   ----                                 
00000000  __TI_ATRegion0_region_sz             
00000000  __TI_ATRegion0_src_addr              
00000000  __TI_ATRegion0_trg_addr              
00000000  __TI_ATRegion1_region_sz             
00000000  __TI_ATRegion1_src_addr              
00000000  __TI_ATRegion1_trg_addr              
00000000  __TI_ATRegion2_region_sz             
00000000  __TI_ATRegion2_src_addr              
00000000  __TI_ATRegion2_trg_addr              
00000000  __TI_static_base__                   
00000000  interruptVectors                     
000000c1  __TI_printfi                         
00000200  __STACK_SIZE                         
00000ac1  PHOTOCELL_FlushToggle                
00001189  Oled_Init                            
000016c9  PROCESS_2                            
000018dd  PROCESS_4                            
00001cc9  TIMA0_IRQHandler                     
00001e8d  PROCESS_3                            
0000204d  __aeabi_dsub                         
0000204d  __subdf3                             
00002057  __adddf3                             
00002057  __aeabi_dadd                         
000021df  ADC0_IRQHandler                      
000021df  ADC1_IRQHandler                      
000021df  AES_IRQHandler                       
000021df  CANFD0_IRQHandler                    
000021df  DAC0_IRQHandler                      
000021df  DMA_IRQHandler                       
000021df  Default_Handler                      
000021df  GROUP0_IRQHandler                    
000021df  GROUP1_IRQHandler                    
000021df  HardFault_Handler                    
000021df  I2C0_IRQHandler                      
000021df  I2C1_IRQHandler                      
000021df  NMI_Handler                          
000021df  PendSV_Handler                       
000021df  RTC_IRQHandler                       
000021df  SPI0_IRQHandler                      
000021df  SPI1_IRQHandler                      
000021df  SVC_Handler                          
000021df  SysTick_Handler                      
000021df  TIMA1_IRQHandler                     
000021df  TIMG0_IRQHandler                     
000021df  TIMG12_IRQHandler                    
000021df  TIMG6_IRQHandler                     
000021df  TIMG7_IRQHandler                     
000021df  TIMG8_IRQHandler                     
000021df  UART1_IRQHandler                     
000021df  UART3_IRQHandler                     
000021e1  LIB_I2CTransmitMemPoll               
000024ad  main                                 
00002705  __aeabi_ddiv                         
00002705  __divdf3                             
00002811  SYSCFG_DL_GPIO_init                  
000028fd  DL_Timer_initTimerMode               
000029e5  __aeabi_dmul                         
000029e5  __muldf3                             
00002ac9  DL_SYSCTL_configSYSPLL               
00002ba5  MOTOR_SoftSpeed                      
00002c7d  UART2_IRQHandler                     
00002d55  ldexp                                
00002d55  ldexpl                               
00002d55  scalbn                               
00002d55  scalbnl                              
00002e2d  __aeabi_fsub                         
00002e2d  __subsf3                             
00002e37  __addsf3                             
00002e37  __aeabi_fadd                         
00002f05  DL_Timer_initPWMMode                 
00002fc9  Oled_ShowString                      
0000307d  PID_Cuc                              
0000312b  __aeabi_idiv0                        
0000312d  PHOTOCELL_CheckUnWhite               
000031d5  PHOTOCELL_CheckWhite                 
0000327d  PROCESS_1                            
00003321  __udivmoddi4                         
000033c3  __aeabi_ldiv0                        
000033c5  PHOTOCELL_Cycle                      
00003461  memcpy                               
000034fb  UART_Send                            
00003591  MOTOR_Init                           
00003621  SYSCFG_DL_SYSCTL_init                
000036b1  SYSCFG_DL_MOTOR_PWM_init             
0000373d  __aeabi_fmul                         
0000373d  __mulsf3                             
000037c9  SYSCFG_DL_DEBUG_UART_init            
0000384d  SYSCFG_DL_GY62_UART_init             
000038d1  __aeabi_fdiv                         
000038d1  __divsf3                             
00003955  DL_TimerA_initPWMMode                
000039d5  SYSCFG_DL_initPower                  
00003a51  __TI_decompress_lzss                 
00003ac9  __gedf2                              
00003ac9  __gtdf2                              
00003b39  GY62_Init                            
00003ba5  __cmpdf2                             
00003ba5  __eqdf2                              
00003ba5  __ledf2                              
00003ba5  __ltdf2                              
00003ba5  __nedf2                              
00003c79  DL_SYSCTL_setHFCLKSourceHFXTParams   
00003cdd  __aeabi_dcmpeq                       
00003cf1  __aeabi_dcmplt                       
00003d05  __aeabi_dcmple                       
00003d19  __aeabi_dcmpge                       
00003d2d  __aeabi_dcmpgt                       
00003d41  __aeabi_fcmpeq                       
00003d55  __aeabi_fcmplt                       
00003d69  __aeabi_fcmple                       
00003d7d  __aeabi_fcmpge                       
00003d91  __aeabi_fcmpgt                       
00003da3  memset                               
00003e05  PHOTOCELL_GetError                   
00003e65  UART0_IRQHandler                     
00003ec5  frexp                                
00003ec5  frexpl                               
00003f21  __TI_ltoa                            
00003fd1  __aeabi_idiv                         
00003fd1  __aeabi_idivmod                      
00004029  Photocell_ReadDigitalValue           
0000407d  SYSCFG_DL_MUX_QEI_init               
000040d1  SYSCFG_DL_OLED_I2C_init              
00004179  SYSCFG_DL_TICKER_TIMER_init          
000041c5  SYSCFG_DL_init                       
00004211  __aeabi_d2iz                         
00004211  __fixdfsi                            
0000425d  DL_UART_init                         
000042a5  PROCESS_Main                         
000042ed  ALERT_Proxy                          
00004331  DL_SYSCTL_switchMCLKfromSYSOSCtoHSCLK
00004375  PHOTOCELL_Init                       
000043b9  Oled_Printf                          
000043f9  __aeabi_uidiv                        
000043f9  __aeabi_uidivmod                     
00004439  __aeabi_f2d                          
00004439  __extendsfdf2                        
00004479  atoi                                 
000044b9  DL_I2C_flushControllerTXFIFO         
000044f5  YAW_Cycle                            
00004531  __aeabi_i2f                          
00004531  __floatsisf                          
0000456d  __gesf2                              
0000456d  __gtsf2                              
000045a9  __TI_auto_init_nobinit_nopinit       
000045e5  __cmpsf2                             
000045e5  __eqsf2                              
000045e5  __lesf2                              
000045e5  __ltsf2                              
000045e5  __nesf2                              
00004621  __muldsi3                            
0000465d  __aeabi_f2iz                         
0000465d  __fixsfsi                            
000046c5  SYSCFG_DL_TIMER_0_init               
000046f1  __aeabi_i2d                          
000046f1  __floatsidf                          
0000471d  vsprintf                             
00004749  __aeabi_ui2f                         
00004749  __floatunsisf                        
00004771  _c_int00_noargs                      
00004799  DL_I2C_setClockConfig                
000047c1  GY62_YawZero                         
000047e5  __aeabi_lmul                         
000047e5  __muldi3                             
00004809  memccpy                              
0000482d  DL_UART_transmitDataBlocking         
0000484d  __aeabi_llsl                         
0000484d  __ashldi3                            
0000486d  DL_Timer_setCaptCompUpdateMethod     
00004889  DL_Timer_setClockConfig              
000048a5  MOTOR_GetAbsEncoderLine              
000048c1  DL_Timer_setCaptureCompareOutCtl     
000048f1  __TI_zero_init_nomemset              
00004909  ISR_Set                              
0000491d  MOTOR_SetAbsEncoderZero              
00004931  MOTOR_SetExpSpeed                    
00004945  MOTOR_SetExpSpeedOffset              
00004959  __aeabi_uldivmod                     
00004981  DL_UART_setClockConfig               
00004993  PID_Init                             
000049a5  __TI_decompress_none                 
000049b7  APP_Init                             
000049c9  DL_Timer_setCaptureCompareValue      
000049d9  Delay_ms                             
000049e9  PHOTOCELL_ClearPid                   
000049f9  YAW_ClearPid                         
00004a09  wcslen                               
00004a19  __aeabi_memset                       
00004a19  __aeabi_memset4                      
00004a19  __aeabi_memset8                      
00004a35  ALERT_SetAlert                       
00004a41  GY62_GetYaw                          
00004a4d  ISR_Disable                          
00004a59  ISR_Enable                           
00004a65  MOTOR_DisablePid                     
00004a71  MOTOR_EnablePid                      
00004a7d  MOTOR_GetLeftAbsEncoder              
00004a89  MOTOR_GetRightAbsEncoder             
00004a95  PROCESS_Get                          
00004aa1  PROCESS_Set                          
00004aad  YAW_SetExpYaw                        
00004ab9  __aeabi_memclr                       
00004ab9  __aeabi_memclr4                      
00004ab9  __aeabi_memclr8                      
00004ac5  DL_Common_delayCycles                
00004af3  PID_Clear                            
00004b09  __aeabi_errno_addr                   
00004b11  __aeabi_memcpy                       
00004b11  __aeabi_memcpy4                      
00004b11  __aeabi_memcpy8                      
00004b19  PID_SetPid                           
00004b1d  Reset_Handler                        
00004b21  _system_pre_init                     
00004b24  C$$EXIT                              
00004b25  abort                                
00004b30  F6x8                                 
00004d60  __aeabi_ctype_table_                 
00004d60  __aeabi_ctype_table_C                
00004f70  __TI_Handler_Table_Base              
00004f7c  __TI_Handler_Table_Limit             
00004f84  __TI_CINIT_Base                      
00004f94  __TI_CINIT_Limit                     
00004f94  __TI_CINIT_Warm                      
20200000  __start___llvm_prf_bits              
20200000  __start___llvm_prf_cnts              
20200000  __stop___llvm_prf_bits               
20200000  __stop___llvm_prf_cnts               
20200000  gMOTOR_PWMBackup                     
202000bc  gTICKER_TIMERBackup                  
20200178  gMUX_QEIBackup                       
20200240  yaw_pid                              
20200270  gray_pid                             
20200298  recive_buffer                        
202002a3  last_state                           
202002ae  ActGry                               
202002bc  AbsMotorLeftPulse                    
202002c0  AbsMotorRightPulse                   
202002c8  Pitch                                
202002cc  Roll                                 
202002d4  Yaw                                  
202002d8  __aeabi_errno                        
202002dc  ActMotorLeftPulse                    
202002de  ActMotorRightPulse                   
202002e0  ExpGry                               
202002e2  ExpMotorLeftPulse                    
202002e4  ExpMotorLeftPulseOffset              
202002e6  ExpMotorRightPulse                   
202002e8  ExpMotorRightPulseOffset             
202002ea  SetSpeed                             
202002ee  counter                              
202002f0  GrayError                            
202002f1  GrayRes                              
202002f2  GrayToggle                           
202002f5  Start                                
20207e00  __stack                              
20208000  __STACK_END                          
ffffffff  __TI_pprof_out_hndl                  
ffffffff  __TI_prof_data_size                  
ffffffff  __TI_prof_data_start                 
ffffffff  __binit__                            
ffffffff  binit                                
UNDEFED   __mpu_init                           
UNDEFED   _system_post_cinit                   

[263 symbols]
