<?xml version="1.0" encoding="ISO-8859-1" ?>
<link_info>
   <banner>TI ARM Clang Linker PC v3.2.1.LTS</banner>
   <copyright>Copyright (c) 1996-2018 Texas Instruments Incorporated</copyright>
   <link_time>0x66a8bc72</link_time>
   <link_errors>0x0</link_errors>
   <output_file>C:\Users\RATTAN\Desktop\ccs workspace\empty_LP_MSPM0G3507_nortos_ticlang\Debug\empty_LP_MSPM0G3507_nortos_ticlang.out</output_file>
   <entry_point>
      <name>_c_int00_noargs</name>
      <address>0x42d9</address>
   </entry_point>
   <input_file_list>
      <input_file id="fl-1">
         <path>C:\Users\RATTAN\Desktop\ccs workspace\empty_LP_MSPM0G3507_nortos_ticlang\Debug\.\</path>
         <kind>object</kind>
         <file>ti_msp_dl_config.o</file>
         <name>ti_msp_dl_config.o</name>
      </input_file>
      <input_file id="fl-2">
         <path>C:\Users\RATTAN\Desktop\ccs workspace\empty_LP_MSPM0G3507_nortos_ticlang\Debug\.\</path>
         <kind>object</kind>
         <file>startup_mspm0g350x_ticlang.o</file>
         <name>startup_mspm0g350x_ticlang.o</name>
      </input_file>
      <input_file id="fl-3">
         <path>C:\Users\RATTAN\Desktop\ccs workspace\empty_LP_MSPM0G3507_nortos_ticlang\Debug\.\</path>
         <kind>object</kind>
         <file>main.o</file>
         <name>main.o</name>
      </input_file>
      <input_file id="fl-4">
         <path>C:\Users\RATTAN\Desktop\ccs workspace\empty_LP_MSPM0G3507_nortos_ticlang\Debug\.\APP\</path>
         <kind>object</kind>
         <file>alert.o</file>
         <name>alert.o</name>
      </input_file>
      <input_file id="fl-5">
         <path>C:\Users\RATTAN\Desktop\ccs workspace\empty_LP_MSPM0G3507_nortos_ticlang\Debug\.\APP\</path>
         <kind>object</kind>
         <file>app.o</file>
         <name>app.o</name>
      </input_file>
      <input_file id="fl-6">
         <path>C:\Users\RATTAN\Desktop\ccs workspace\empty_LP_MSPM0G3507_nortos_ticlang\Debug\.\APP\</path>
         <kind>object</kind>
         <file>gy62.o</file>
         <name>gy62.o</name>
      </input_file>
      <input_file id="fl-7">
         <path>C:\Users\RATTAN\Desktop\ccs workspace\empty_LP_MSPM0G3507_nortos_ticlang\Debug\.\APP\</path>
         <kind>object</kind>
         <file>motor_cycle.o</file>
         <name>motor_cycle.o</name>
      </input_file>
      <input_file id="fl-8">
         <path>C:\Users\RATTAN\Desktop\ccs workspace\empty_LP_MSPM0G3507_nortos_ticlang\Debug\.\APP\</path>
         <kind>object</kind>
         <file>photocell.o</file>
         <name>photocell.o</name>
      </input_file>
      <input_file id="fl-9">
         <path>C:\Users\RATTAN\Desktop\ccs workspace\empty_LP_MSPM0G3507_nortos_ticlang\Debug\.\APP\</path>
         <kind>object</kind>
         <file>pid.o</file>
         <name>pid.o</name>
      </input_file>
      <input_file id="fl-a">
         <path>C:\Users\RATTAN\Desktop\ccs workspace\empty_LP_MSPM0G3507_nortos_ticlang\Debug\.\APP\</path>
         <kind>object</kind>
         <file>print.o</file>
         <name>print.o</name>
      </input_file>
      <input_file id="fl-b">
         <path>C:\Users\RATTAN\Desktop\ccs workspace\empty_LP_MSPM0G3507_nortos_ticlang\Debug\.\APP\</path>
         <kind>object</kind>
         <file>process.o</file>
         <name>process.o</name>
      </input_file>
      <input_file id="fl-c">
         <path>C:\Users\RATTAN\Desktop\ccs workspace\empty_LP_MSPM0G3507_nortos_ticlang\Debug\.\APP\</path>
         <kind>object</kind>
         <file>yaw_cycle.o</file>
         <name>yaw_cycle.o</name>
      </input_file>
      <input_file id="fl-d">
         <path>C:\Users\RATTAN\Desktop\ccs workspace\empty_LP_MSPM0G3507_nortos_ticlang\Debug\.\Driver\</path>
         <kind>object</kind>
         <file>lib_i2c.o</file>
         <name>lib_i2c.o</name>
      </input_file>
      <input_file id="fl-e">
         <path>C:\Users\RATTAN\Desktop\ccs workspace\empty_LP_MSPM0G3507_nortos_ticlang\Debug\.\Peri\OLED\</path>
         <kind>object</kind>
         <file>front.o</file>
         <name>front.o</name>
      </input_file>
      <input_file id="fl-f">
         <path>C:\Users\RATTAN\Desktop\ccs workspace\empty_LP_MSPM0G3507_nortos_ticlang\Debug\.\Peri\OLED\</path>
         <kind>object</kind>
         <file>oled.o</file>
         <name>oled.o</name>
      </input_file>
      <input_file id="fl-10">
         <path>C:\Users\RATTAN\Desktop\ccs workspace\empty_LP_MSPM0G3507_nortos_ticlang\Debug\.\Peri\TM1650\</path>
         <kind>object</kind>
         <file>tm1650.o</file>
         <name>tm1650.o</name>
      </input_file>
      <input_file id="fl-11">
         <path>C:\Users\RATTAN\Desktop\ccs workspace\empty_LP_MSPM0G3507_nortos_ticlang\Debug\.\Peri\photocell8bits\</path>
         <kind>object</kind>
         <file>photocell.o</file>
         <name>photocell.o</name>
      </input_file>
      <input_file id="fl-1e">
         <path>C:\Users\RATTAN\Desktop\ccs workspace\empty_LP_MSPM0G3507_nortos_ticlang\Debug\</path>
         <kind>object</kind>
         <file>&lt;internal&gt;</file>
         <name>&lt;internal&gt;</name>
      </input_file>
      <input_file id="fl-1f">
         <path>C:\ti\mspm0_sdk_2_01_00_03\source\ti\driverlib\lib\ticlang\m0p\mspm0g1x0x_g3x0x\</path>
         <kind>archive</kind>
         <file>driverlib.a</file>
         <name>dl_common.o</name>
      </input_file>
      <input_file id="fl-20">
         <path>C:\ti\mspm0_sdk_2_01_00_03\source\ti\driverlib\lib\ticlang\m0p\mspm0g1x0x_g3x0x\</path>
         <kind>archive</kind>
         <file>driverlib.a</file>
         <name>dl_i2c.o</name>
      </input_file>
      <input_file id="fl-21">
         <path>C:\ti\mspm0_sdk_2_01_00_03\source\ti\driverlib\lib\ticlang\m0p\mspm0g1x0x_g3x0x\</path>
         <kind>archive</kind>
         <file>driverlib.a</file>
         <name>dl_timer.o</name>
      </input_file>
      <input_file id="fl-22">
         <path>C:\ti\mspm0_sdk_2_01_00_03\source\ti\driverlib\lib\ticlang\m0p\mspm0g1x0x_g3x0x\</path>
         <kind>archive</kind>
         <file>driverlib.a</file>
         <name>dl_uart.o</name>
      </input_file>
      <input_file id="fl-23">
         <path>C:\ti\mspm0_sdk_2_01_00_03\source\ti\driverlib\lib\ticlang\m0p\mspm0g1x0x_g3x0x\</path>
         <kind>archive</kind>
         <file>driverlib.a</file>
         <name>dl_sysctl_mspm0g1x0x_g3x0x.o</name>
      </input_file>
      <input_file id="fl-32">
         <path>D:\ti\ccs1260\ccs\tools\compiler\ti-cgt-armllvm_3.2.1.LTS\lib\armv6m-ti-none-eabi\c\</path>
         <kind>archive</kind>
         <file>libc.a</file>
         <name>sprintf.c.obj</name>
      </input_file>
      <input_file id="fl-33">
         <path>D:\ti\ccs1260\ccs\tools\compiler\ti-cgt-armllvm_3.2.1.LTS\lib\armv6m-ti-none-eabi\c\</path>
         <kind>archive</kind>
         <file>libc.a</file>
         <name>vsprintf.c.obj</name>
      </input_file>
      <input_file id="fl-34">
         <path>D:\ti\ccs1260\ccs\tools\compiler\ti-cgt-armllvm_3.2.1.LTS\lib\armv6m-ti-none-eabi\c\</path>
         <kind>archive</kind>
         <file>libc.a</file>
         <name>copy_zero_init.c.obj</name>
      </input_file>
      <input_file id="fl-35">
         <path>D:\ti\ccs1260\ccs\tools\compiler\ti-cgt-armllvm_3.2.1.LTS\lib\armv6m-ti-none-eabi\c\</path>
         <kind>archive</kind>
         <file>libc.a</file>
         <name>copy_decompress_none.c.obj</name>
      </input_file>
      <input_file id="fl-36">
         <path>D:\ti\ccs1260\ccs\tools\compiler\ti-cgt-armllvm_3.2.1.LTS\lib\armv6m-ti-none-eabi\c\</path>
         <kind>archive</kind>
         <file>libc.a</file>
         <name>copy_decompress_lzss.c.obj</name>
      </input_file>
      <input_file id="fl-37">
         <path>D:\ti\ccs1260\ccs\tools\compiler\ti-cgt-armllvm_3.2.1.LTS\lib\armv6m-ti-none-eabi\c\</path>
         <kind>archive</kind>
         <file>libc.a</file>
         <name>boot_cortex_m.c.obj</name>
      </input_file>
      <input_file id="fl-38">
         <path>D:\ti\ccs1260\ccs\tools\compiler\ti-cgt-armllvm_3.2.1.LTS\lib\armv6m-ti-none-eabi\c\</path>
         <kind>archive</kind>
         <file>libc.a</file>
         <name>mathacl_init.c.obj</name>
      </input_file>
      <input_file id="fl-39">
         <path>D:\ti\ccs1260\ccs\tools\compiler\ti-cgt-armllvm_3.2.1.LTS\lib\armv6m-ti-none-eabi\c\</path>
         <kind>archive</kind>
         <file>libc.a</file>
         <name>_printfi.c.obj</name>
      </input_file>
      <input_file id="fl-3a">
         <path>D:\ti\ccs1260\ccs\tools\compiler\ti-cgt-armllvm_3.2.1.LTS\lib\armv6m-ti-none-eabi\c\</path>
         <kind>archive</kind>
         <file>libc.a</file>
         <name>s_frexp.c.obj</name>
      </input_file>
      <input_file id="fl-3b">
         <path>D:\ti\ccs1260\ccs\tools\compiler\ti-cgt-armllvm_3.2.1.LTS\lib\armv6m-ti-none-eabi\c\</path>
         <kind>archive</kind>
         <file>libc.a</file>
         <name>s_scalbn.c.obj</name>
      </input_file>
      <input_file id="fl-3c">
         <path>D:\ti\ccs1260\ccs\tools\compiler\ti-cgt-armllvm_3.2.1.LTS\lib\armv6m-ti-none-eabi\c\</path>
         <kind>archive</kind>
         <file>libc.a</file>
         <name>aeabi_portable.c.obj</name>
      </input_file>
      <input_file id="fl-3d">
         <path>D:\ti\ccs1260\ccs\tools\compiler\ti-cgt-armllvm_3.2.1.LTS\lib\armv6m-ti-none-eabi\c\</path>
         <kind>archive</kind>
         <file>libc.a</file>
         <name>exit.c.obj</name>
      </input_file>
      <input_file id="fl-3e">
         <path>D:\ti\ccs1260\ccs\tools\compiler\ti-cgt-armllvm_3.2.1.LTS\lib\armv6m-ti-none-eabi\c\</path>
         <kind>archive</kind>
         <file>libc.a</file>
         <name>_lock.c.obj</name>
      </input_file>
      <input_file id="fl-3f">
         <path>D:\ti\ccs1260\ccs\tools\compiler\ti-cgt-armllvm_3.2.1.LTS\lib\armv6m-ti-none-eabi\c\</path>
         <kind>archive</kind>
         <file>libc.a</file>
         <name>_ltoa.c.obj</name>
      </input_file>
      <input_file id="fl-40">
         <path>D:\ti\ccs1260\ccs\tools\compiler\ti-cgt-armllvm_3.2.1.LTS\lib\armv6m-ti-none-eabi\c\</path>
         <kind>archive</kind>
         <file>libc.a</file>
         <name>args_main.c.obj</name>
      </input_file>
      <input_file id="fl-41">
         <path>D:\ti\ccs1260\ccs\tools\compiler\ti-cgt-armllvm_3.2.1.LTS\lib\armv6m-ti-none-eabi\c\</path>
         <kind>archive</kind>
         <file>libc.a</file>
         <name>assert.c.obj</name>
      </input_file>
      <input_file id="fl-42">
         <path>D:\ti\ccs1260\ccs\tools\compiler\ti-cgt-armllvm_3.2.1.LTS\lib\armv6m-ti-none-eabi\c\</path>
         <kind>archive</kind>
         <file>libc.a</file>
         <name>atoi.c.obj</name>
      </input_file>
      <input_file id="fl-43">
         <path>D:\ti\ccs1260\ccs\tools\compiler\ti-cgt-armllvm_3.2.1.LTS\lib\armv6m-ti-none-eabi\c\</path>
         <kind>archive</kind>
         <file>libc.a</file>
         <name>defs.c.obj</name>
      </input_file>
      <input_file id="fl-44">
         <path>D:\ti\ccs1260\ccs\tools\compiler\ti-cgt-armllvm_3.2.1.LTS\lib\armv6m-ti-none-eabi\c\</path>
         <kind>archive</kind>
         <file>libc.a</file>
         <name>memccpy.c.obj</name>
      </input_file>
      <input_file id="fl-45">
         <path>D:\ti\ccs1260\ccs\tools\compiler\ti-cgt-armllvm_3.2.1.LTS\lib\armv6m-ti-none-eabi\c\</path>
         <kind>archive</kind>
         <file>libc.a</file>
         <name>memory.c.obj</name>
      </input_file>
      <input_file id="fl-46">
         <path>D:\ti\ccs1260\ccs\tools\compiler\ti-cgt-armllvm_3.2.1.LTS\lib\armv6m-ti-none-eabi\c\</path>
         <kind>archive</kind>
         <file>libc.a</file>
         <name>autoinit.c.obj</name>
      </input_file>
      <input_file id="fl-47">
         <path>D:\ti\ccs1260\ccs\tools\compiler\ti-cgt-armllvm_3.2.1.LTS\lib\armv6m-ti-none-eabi\c\</path>
         <kind>archive</kind>
         <file>libc.a</file>
         <name>pre_init.c.obj</name>
      </input_file>
      <input_file id="fl-48">
         <path>D:\ti\ccs1260\ccs\tools\compiler\ti-cgt-armllvm_3.2.1.LTS\lib\armv6m-ti-none-eabi\c\</path>
         <kind>archive</kind>
         <file>libc.a</file>
         <name>cpy_tbl.c.obj</name>
      </input_file>
      <input_file id="fl-49">
         <path>D:\ti\ccs1260\ccs\tools\compiler\ti-cgt-armllvm_3.2.1.LTS\lib\armv6m-ti-none-eabi\c\</path>
         <kind>archive</kind>
         <file>libc.a</file>
         <name>wcslen.c.obj</name>
      </input_file>
      <input_file id="fl-4a">
         <path>D:\ti\ccs1260\ccs\tools\compiler\ti-cgt-armllvm_3.2.1.LTS\lib\armv6m-ti-none-eabi\c\</path>
         <kind>archive</kind>
         <file>libc.a</file>
         <name>fflush.c.obj</name>
      </input_file>
      <input_file id="fl-4b">
         <path>D:\ti\ccs1260\ccs\tools\compiler\ti-cgt-armllvm_3.2.1.LTS\lib\armv6m-ti-none-eabi\c\</path>
         <kind>archive</kind>
         <file>libc.a</file>
         <name>fputs.c.obj</name>
      </input_file>
      <input_file id="fl-4c">
         <path>D:\ti\ccs1260\ccs\tools\compiler\ti-cgt-armllvm_3.2.1.LTS\lib\armv6m-ti-none-eabi\c\</path>
         <kind>archive</kind>
         <file>libc.a</file>
         <name>_io_perm.c.obj</name>
      </input_file>
      <input_file id="fl-4d">
         <path>D:\ti\ccs1260\ccs\tools\compiler\ti-cgt-armllvm_3.2.1.LTS\lib\armv6m-ti-none-eabi\c\</path>
         <kind>archive</kind>
         <file>libc.a</file>
         <name>setvbuf.c.obj</name>
      </input_file>
      <input_file id="fl-4e">
         <path>D:\ti\ccs1260\ccs\tools\compiler\ti-cgt-armllvm_3.2.1.LTS\lib\armv6m-ti-none-eabi\c\</path>
         <kind>archive</kind>
         <file>libc.a</file>
         <name>aeabi_ctype.S.obj</name>
      </input_file>
      <input_file id="fl-4f">
         <path>D:\ti\ccs1260\ccs\tools\compiler\ti-cgt-armllvm_3.2.1.LTS\lib\armv6m-ti-none-eabi\c\</path>
         <kind>archive</kind>
         <file>libc.a</file>
         <name>fopen.c.obj</name>
      </input_file>
      <input_file id="fl-50">
         <path>D:\ti\ccs1260\ccs\tools\compiler\ti-cgt-armllvm_3.2.1.LTS\lib\armv6m-ti-none-eabi\c\</path>
         <kind>archive</kind>
         <file>libc.a</file>
         <name>fseek.c.obj</name>
      </input_file>
      <input_file id="fl-51">
         <path>D:\ti\ccs1260\ccs\tools\compiler\ti-cgt-armllvm_3.2.1.LTS\lib\armv6m-ti-none-eabi\c\</path>
         <kind>archive</kind>
         <file>libc.a</file>
         <name>fclose.c.obj</name>
      </input_file>
      <input_file id="fl-b7">
         <path>D:\ti\ccs1260\ccs\tools\compiler\ti-cgt-armllvm_3.2.1.LTS\lib\armv6m-ti-none-eabi\c\</path>
         <kind>archive</kind>
         <file>libsysbm.a</file>
         <name>write.c.obj</name>
      </input_file>
      <input_file id="fl-b8">
         <path>D:\ti\ccs1260\ccs\tools\compiler\ti-cgt-armllvm_3.2.1.LTS\lib\armv6m-ti-none-eabi\c\</path>
         <kind>archive</kind>
         <file>libsysbm.a</file>
         <name>host_device.c.obj</name>
      </input_file>
      <input_file id="fl-b9">
         <path>D:\ti\ccs1260\ccs\tools\compiler\ti-cgt-armllvm_3.2.1.LTS\lib\armv6m-ti-none-eabi\c\</path>
         <kind>archive</kind>
         <file>libsysbm.a</file>
         <name>remove.c.obj</name>
      </input_file>
      <input_file id="fl-ba">
         <path>D:\ti\ccs1260\ccs\tools\compiler\ti-cgt-armllvm_3.2.1.LTS\lib\armv6m-ti-none-eabi\c\</path>
         <kind>archive</kind>
         <file>libsysbm.a</file>
         <name>open.c.obj</name>
      </input_file>
      <input_file id="fl-bb">
         <path>D:\ti\ccs1260\ccs\tools\compiler\ti-cgt-armllvm_3.2.1.LTS\lib\armv6m-ti-none-eabi\c\</path>
         <kind>archive</kind>
         <file>libsysbm.a</file>
         <name>lseek.c.obj</name>
      </input_file>
      <input_file id="fl-bc">
         <path>D:\ti\ccs1260\ccs\tools\compiler\ti-cgt-armllvm_3.2.1.LTS\lib\armv6m-ti-none-eabi\c\</path>
         <kind>archive</kind>
         <file>libsysbm.a</file>
         <name>close.c.obj</name>
      </input_file>
      <input_file id="fl-bd">
         <path>D:\ti\ccs1260\ccs\tools\compiler\ti-cgt-armllvm_3.2.1.LTS\lib\armv6m-ti-none-eabi\c\</path>
         <kind>archive</kind>
         <file>libsysbm.a</file>
         <name>unlink.c.obj</name>
      </input_file>
      <input_file id="fl-be">
         <path>D:\ti\ccs1260\ccs\tools\compiler\ti-cgt-armllvm_3.2.1.LTS\lib\armv6m-ti-none-eabi\c\</path>
         <kind>archive</kind>
         <file>libsysbm.a</file>
         <name>hostclose.c.obj</name>
      </input_file>
      <input_file id="fl-bf">
         <path>D:\ti\ccs1260\ccs\tools\compiler\ti-cgt-armllvm_3.2.1.LTS\lib\armv6m-ti-none-eabi\c\</path>
         <kind>archive</kind>
         <file>libsysbm.a</file>
         <name>hostlseek.c.obj</name>
      </input_file>
      <input_file id="fl-c0">
         <path>D:\ti\ccs1260\ccs\tools\compiler\ti-cgt-armllvm_3.2.1.LTS\lib\armv6m-ti-none-eabi\c\</path>
         <kind>archive</kind>
         <file>libsysbm.a</file>
         <name>hostopen.c.obj</name>
      </input_file>
      <input_file id="fl-c1">
         <path>D:\ti\ccs1260\ccs\tools\compiler\ti-cgt-armllvm_3.2.1.LTS\lib\armv6m-ti-none-eabi\c\</path>
         <kind>archive</kind>
         <file>libsysbm.a</file>
         <name>hostread.c.obj</name>
      </input_file>
      <input_file id="fl-c2">
         <path>D:\ti\ccs1260\ccs\tools\compiler\ti-cgt-armllvm_3.2.1.LTS\lib\armv6m-ti-none-eabi\c\</path>
         <kind>archive</kind>
         <file>libsysbm.a</file>
         <name>hostrename.c.obj</name>
      </input_file>
      <input_file id="fl-c3">
         <path>D:\ti\ccs1260\ccs\tools\compiler\ti-cgt-armllvm_3.2.1.LTS\lib\armv6m-ti-none-eabi\c\</path>
         <kind>archive</kind>
         <file>libsysbm.a</file>
         <name>hostunlink.c.obj</name>
      </input_file>
      <input_file id="fl-c4">
         <path>D:\ti\ccs1260\ccs\tools\compiler\ti-cgt-armllvm_3.2.1.LTS\lib\armv6m-ti-none-eabi\c\</path>
         <kind>archive</kind>
         <file>libsysbm.a</file>
         <name>hostwrite.c.obj</name>
      </input_file>
      <input_file id="fl-c5">
         <path>D:\ti\ccs1260\ccs\tools\compiler\ti-cgt-armllvm_3.2.1.LTS\lib\armv6m-ti-none-eabi\c\</path>
         <kind>archive</kind>
         <file>libsysbm.a</file>
         <name>trgmsg.c.obj</name>
      </input_file>
      <input_file id="fl-c6">
         <path>D:\ti\ccs1260\ccs\tools\compiler\ti-cgt-armllvm_3.2.1.LTS\lib\clang\15.0.7\lib\armv6m-ti-none-eabi\</path>
         <kind>archive</kind>
         <file>libclang_rt.builtins.a</file>
         <name>addsf3.S.obj</name>
      </input_file>
      <input_file id="fl-c7">
         <path>D:\ti\ccs1260\ccs\tools\compiler\ti-cgt-armllvm_3.2.1.LTS\lib\clang\15.0.7\lib\armv6m-ti-none-eabi\</path>
         <kind>archive</kind>
         <file>libclang_rt.builtins.a</file>
         <name>adddf3.S.obj</name>
      </input_file>
      <input_file id="fl-c8">
         <path>D:\ti\ccs1260\ccs\tools\compiler\ti-cgt-armllvm_3.2.1.LTS\lib\clang\15.0.7\lib\armv6m-ti-none-eabi\</path>
         <kind>archive</kind>
         <file>libclang_rt.builtins.a</file>
         <name>muldf3.S.obj</name>
      </input_file>
      <input_file id="fl-c9">
         <path>D:\ti\ccs1260\ccs\tools\compiler\ti-cgt-armllvm_3.2.1.LTS\lib\clang\15.0.7\lib\armv6m-ti-none-eabi\</path>
         <kind>archive</kind>
         <file>libclang_rt.builtins.a</file>
         <name>muldsi3.S.obj</name>
      </input_file>
      <input_file id="fl-ca">
         <path>D:\ti\ccs1260\ccs\tools\compiler\ti-cgt-armllvm_3.2.1.LTS\lib\clang\15.0.7\lib\armv6m-ti-none-eabi\</path>
         <kind>archive</kind>
         <file>libclang_rt.builtins.a</file>
         <name>mulsf3.S.obj</name>
      </input_file>
      <input_file id="fl-cb">
         <path>D:\ti\ccs1260\ccs\tools\compiler\ti-cgt-armllvm_3.2.1.LTS\lib\clang\15.0.7\lib\armv6m-ti-none-eabi\</path>
         <kind>archive</kind>
         <file>libclang_rt.builtins.a</file>
         <name>divdf3.S.obj</name>
      </input_file>
      <input_file id="fl-cc">
         <path>D:\ti\ccs1260\ccs\tools\compiler\ti-cgt-armllvm_3.2.1.LTS\lib\clang\15.0.7\lib\armv6m-ti-none-eabi\</path>
         <kind>archive</kind>
         <file>libclang_rt.builtins.a</file>
         <name>extendsfdf2.S.obj</name>
      </input_file>
      <input_file id="fl-cd">
         <path>D:\ti\ccs1260\ccs\tools\compiler\ti-cgt-armllvm_3.2.1.LTS\lib\clang\15.0.7\lib\armv6m-ti-none-eabi\</path>
         <kind>archive</kind>
         <file>libclang_rt.builtins.a</file>
         <name>fixdfsi.S.obj</name>
      </input_file>
      <input_file id="fl-ce">
         <path>D:\ti\ccs1260\ccs\tools\compiler\ti-cgt-armllvm_3.2.1.LTS\lib\clang\15.0.7\lib\armv6m-ti-none-eabi\</path>
         <kind>archive</kind>
         <file>libclang_rt.builtins.a</file>
         <name>fixsfsi.S.obj</name>
      </input_file>
      <input_file id="fl-cf">
         <path>D:\ti\ccs1260\ccs\tools\compiler\ti-cgt-armllvm_3.2.1.LTS\lib\clang\15.0.7\lib\armv6m-ti-none-eabi\</path>
         <kind>archive</kind>
         <file>libclang_rt.builtins.a</file>
         <name>floatsidf.S.obj</name>
      </input_file>
      <input_file id="fl-d0">
         <path>D:\ti\ccs1260\ccs\tools\compiler\ti-cgt-armllvm_3.2.1.LTS\lib\clang\15.0.7\lib\armv6m-ti-none-eabi\</path>
         <kind>archive</kind>
         <file>libclang_rt.builtins.a</file>
         <name>floatsisf.S.obj</name>
      </input_file>
      <input_file id="fl-d1">
         <path>D:\ti\ccs1260\ccs\tools\compiler\ti-cgt-armllvm_3.2.1.LTS\lib\clang\15.0.7\lib\armv6m-ti-none-eabi\</path>
         <kind>archive</kind>
         <file>libclang_rt.builtins.a</file>
         <name>floatunsidf.S.obj</name>
      </input_file>
      <input_file id="fl-d2">
         <path>D:\ti\ccs1260\ccs\tools\compiler\ti-cgt-armllvm_3.2.1.LTS\lib\clang\15.0.7\lib\armv6m-ti-none-eabi\</path>
         <kind>archive</kind>
         <file>libclang_rt.builtins.a</file>
         <name>floatunsisf.S.obj</name>
      </input_file>
      <input_file id="fl-d3">
         <path>D:\ti\ccs1260\ccs\tools\compiler\ti-cgt-armllvm_3.2.1.LTS\lib\clang\15.0.7\lib\armv6m-ti-none-eabi\</path>
         <kind>archive</kind>
         <file>libclang_rt.builtins.a</file>
         <name>muldi3.S.obj</name>
      </input_file>
      <input_file id="fl-d4">
         <path>D:\ti\ccs1260\ccs\tools\compiler\ti-cgt-armllvm_3.2.1.LTS\lib\clang\15.0.7\lib\armv6m-ti-none-eabi\</path>
         <kind>archive</kind>
         <file>libclang_rt.builtins.a</file>
         <name>aeabi_dcmp.S.obj</name>
      </input_file>
      <input_file id="fl-d5">
         <path>D:\ti\ccs1260\ccs\tools\compiler\ti-cgt-armllvm_3.2.1.LTS\lib\clang\15.0.7\lib\armv6m-ti-none-eabi\</path>
         <kind>archive</kind>
         <file>libclang_rt.builtins.a</file>
         <name>aeabi_fcmp.S.obj</name>
      </input_file>
      <input_file id="fl-d6">
         <path>D:\ti\ccs1260\ccs\tools\compiler\ti-cgt-armllvm_3.2.1.LTS\lib\clang\15.0.7\lib\armv6m-ti-none-eabi\</path>
         <kind>archive</kind>
         <file>libclang_rt.builtins.a</file>
         <name>aeabi_idivmod.S.obj</name>
      </input_file>
      <input_file id="fl-d7">
         <path>D:\ti\ccs1260\ccs\tools\compiler\ti-cgt-armllvm_3.2.1.LTS\lib\clang\15.0.7\lib\armv6m-ti-none-eabi\</path>
         <kind>archive</kind>
         <file>libclang_rt.builtins.a</file>
         <name>aeabi_memcpy.S.obj</name>
      </input_file>
      <input_file id="fl-d8">
         <path>D:\ti\ccs1260\ccs\tools\compiler\ti-cgt-armllvm_3.2.1.LTS\lib\clang\15.0.7\lib\armv6m-ti-none-eabi\</path>
         <kind>archive</kind>
         <file>libclang_rt.builtins.a</file>
         <name>aeabi_memset.S.obj</name>
      </input_file>
      <input_file id="fl-d9">
         <path>D:\ti\ccs1260\ccs\tools\compiler\ti-cgt-armllvm_3.2.1.LTS\lib\clang\15.0.7\lib\armv6m-ti-none-eabi\</path>
         <kind>archive</kind>
         <file>libclang_rt.builtins.a</file>
         <name>aeabi_uidivmod.S.obj</name>
      </input_file>
      <input_file id="fl-da">
         <path>D:\ti\ccs1260\ccs\tools\compiler\ti-cgt-armllvm_3.2.1.LTS\lib\clang\15.0.7\lib\armv6m-ti-none-eabi\</path>
         <kind>archive</kind>
         <file>libclang_rt.builtins.a</file>
         <name>aeabi_uldivmod.S.obj</name>
      </input_file>
      <input_file id="fl-db">
         <path>D:\ti\ccs1260\ccs\tools\compiler\ti-cgt-armllvm_3.2.1.LTS\lib\clang\15.0.7\lib\armv6m-ti-none-eabi\</path>
         <kind>archive</kind>
         <file>libclang_rt.builtins.a</file>
         <name>comparesf2.S.obj</name>
      </input_file>
      <input_file id="fl-dc">
         <path>D:\ti\ccs1260\ccs\tools\compiler\ti-cgt-armllvm_3.2.1.LTS\lib\clang\15.0.7\lib\armv6m-ti-none-eabi\</path>
         <kind>archive</kind>
         <file>libclang_rt.builtins.a</file>
         <name>udivmoddi4.S.obj</name>
      </input_file>
      <input_file id="fl-dd">
         <path>D:\ti\ccs1260\ccs\tools\compiler\ti-cgt-armllvm_3.2.1.LTS\lib\clang\15.0.7\lib\armv6m-ti-none-eabi\</path>
         <kind>archive</kind>
         <file>libclang_rt.builtins.a</file>
         <name>ashldi3.S.obj</name>
      </input_file>
      <input_file id="fl-de">
         <path>D:\ti\ccs1260\ccs\tools\compiler\ti-cgt-armllvm_3.2.1.LTS\lib\clang\15.0.7\lib\armv6m-ti-none-eabi\</path>
         <kind>archive</kind>
         <file>libclang_rt.builtins.a</file>
         <name>comparedf2.c.obj</name>
      </input_file>
      <input_file id="fl-df">
         <path>D:\ti\ccs1260\ccs\tools\compiler\ti-cgt-armllvm_3.2.1.LTS\lib\clang\15.0.7\lib\armv6m-ti-none-eabi\</path>
         <kind>archive</kind>
         <file>libclang_rt.builtins.a</file>
         <name>aeabi_div0.c.obj</name>
      </input_file>
      <input_file id="fl-e0">
         <path>D:\ti\ccs1260\ccs\tools\compiler\ti-cgt-armllvm_3.2.1.LTS\lib\armv6m-ti-none-eabi\c\</path>
         <kind>archive</kind>
         <file>libc.a</file>
         <name>getdevice.c.obj</name>
      </input_file>
      <input_file id="fl-e1">
         <path>D:\ti\ccs1260\ccs\tools\compiler\ti-cgt-armllvm_3.2.1.LTS\lib\armv6m-ti-none-eabi\c\</path>
         <kind>archive</kind>
         <file>libc.a</file>
         <name>memcpy16.S.obj</name>
      </input_file>
      <input_file id="fl-e2">
         <path>D:\ti\ccs1260\ccs\tools\compiler\ti-cgt-armllvm_3.2.1.LTS\lib\armv6m-ti-none-eabi\c\</path>
         <kind>archive</kind>
         <file>libc.a</file>
         <name>memset16.S.obj</name>
      </input_file>
   </input_file_list>
   <object_component_list>
      <object_component id="oc-18">
         <name>.intvecs</name>
         <load_address>0x0</load_address>
         <readonly>true</readonly>
         <run_address>0x0</run_address>
         <size>0xc0</size>
         <alignment>0x4</alignment>
         <input_file_ref idref="fl-2"/>
      </object_component>
      <object_component id="oc-17f">
         <name>.text:__TI_printfi</name>
         <load_address>0xc0</load_address>
         <readonly>true</readonly>
         <executable>true</executable>
         <run_address>0xc0</run_address>
         <size>0xa00</size>
         <alignment>0x4</alignment>
         <input_file_ref idref="fl-39"/>
      </object_component>
      <object_component id="oc-f6">
         <name>.text.Oled_Init</name>
         <load_address>0xac0</load_address>
         <readonly>true</readonly>
         <executable>true</executable>
         <run_address>0xac0</run_address>
         <size>0x320</size>
         <alignment>0x4</alignment>
         <input_file_ref idref="fl-f"/>
      </object_component>
      <object_component id="oc-165">
         <name>.text.PROCESS_4</name>
         <load_address>0xde0</load_address>
         <readonly>true</readonly>
         <executable>true</executable>
         <run_address>0xde0</run_address>
         <size>0x2a4</size>
         <alignment>0x4</alignment>
         <input_file_ref idref="fl-b"/>
      </object_component>
      <object_component id="oc-164">
         <name>.text.PROCESS_3</name>
         <load_address>0x1084</load_address>
         <readonly>true</readonly>
         <executable>true</executable>
         <run_address>0x1084</run_address>
         <size>0x260</size>
         <alignment>0x4</alignment>
         <input_file_ref idref="fl-b"/>
      </object_component>
      <object_component id="oc-163">
         <name>.text.PROCESS_2</name>
         <load_address>0x12e4</load_address>
         <readonly>true</readonly>
         <executable>true</executable>
         <run_address>0x12e4</run_address>
         <size>0x244</size>
         <alignment>0x4</alignment>
         <input_file_ref idref="fl-b"/>
      </object_component>
      <object_component id="oc-210">
         <name>.text._pconv_a</name>
         <load_address>0x1528</load_address>
         <readonly>true</readonly>
         <executable>true</executable>
         <run_address>0x1528</run_address>
         <size>0x220</size>
         <alignment>0x4</alignment>
         <input_file_ref idref="fl-39"/>
      </object_component>
      <object_component id="oc-213">
         <name>.text._pconv_g</name>
         <load_address>0x1748</load_address>
         <readonly>true</readonly>
         <executable>true</executable>
         <run_address>0x1748</run_address>
         <size>0x1dc</size>
         <alignment>0x4</alignment>
         <input_file_ref idref="fl-39"/>
      </object_component>
      <object_component id="oc-274">
         <name>.text.LIB_I2CReciveMemPoll</name>
         <load_address>0x1924</load_address>
         <readonly>true</readonly>
         <executable>true</executable>
         <run_address>0x1924</run_address>
         <size>0x1bc</size>
         <alignment>0x4</alignment>
         <input_file_ref idref="fl-d"/>
      </object_component>
      <object_component id="oc-26d">
         <name>.text.adddf3_subdf3</name>
         <load_address>0x1ae0</load_address>
         <readonly>true</readonly>
         <executable>true</executable>
         <run_address>0x1ae0</run_address>
         <size>0x192</size>
         <alignment>0x4</alignment>
         <input_file_ref idref="fl-c7"/>
      </object_component>
      <object_component id="oc-33">
         <name>.text.Default_Handler</name>
         <load_address>0x1c72</load_address>
         <readonly>true</readonly>
         <executable>true</executable>
         <run_address>0x1c72</run_address>
         <size>0x2</size>
         <alignment>0x2</alignment>
         <input_file_ref idref="fl-2"/>
      </object_component>
      <object_component id="oc-12d">
         <name>.text.LIB_I2CTransmitMemPoll</name>
         <load_address>0x1c74</load_address>
         <readonly>true</readonly>
         <executable>true</executable>
         <run_address>0x1c74</run_address>
         <size>0x190</size>
         <alignment>0x4</alignment>
         <input_file_ref idref="fl-d"/>
      </object_component>
      <object_component id="oc-3f">
         <name>.text.TIMA0_IRQHandler</name>
         <load_address>0x1e04</load_address>
         <readonly>true</readonly>
         <executable>true</executable>
         <run_address>0x1e04</run_address>
         <size>0x18c</size>
         <alignment>0x4</alignment>
         <input_file_ref idref="fl-7"/>
      </object_component>
      <object_component id="oc-1bf">
         <name>.text.PHOTOCELL_FlushToggle</name>
         <load_address>0x1f90</load_address>
         <readonly>true</readonly>
         <executable>true</executable>
         <run_address>0x1f90</run_address>
         <size>0x16c</size>
         <alignment>0x4</alignment>
         <input_file_ref idref="fl-8"/>
      </object_component>
      <object_component id="oc-162">
         <name>.text.PROCESS_1</name>
         <load_address>0x20fc</load_address>
         <readonly>true</readonly>
         <executable>true</executable>
         <run_address>0x20fc</run_address>
         <size>0x140</size>
         <alignment>0x4</alignment>
         <input_file_ref idref="fl-b"/>
      </object_component>
      <object_component id="oc-26c">
         <name>.text.fcvt</name>
         <load_address>0x223c</load_address>
         <readonly>true</readonly>
         <executable>true</executable>
         <run_address>0x223c</run_address>
         <size>0x13c</size>
         <alignment>0x4</alignment>
         <input_file_ref idref="fl-39"/>
      </object_component>
      <object_component id="oc-211">
         <name>.text._pconv_e</name>
         <load_address>0x2378</load_address>
         <readonly>true</readonly>
         <executable>true</executable>
         <run_address>0x2378</run_address>
         <size>0x120</size>
         <alignment>0x4</alignment>
         <input_file_ref idref="fl-39"/>
      </object_component>
      <object_component id="oc-268">
         <name>.text.__divdf3</name>
         <load_address>0x2498</load_address>
         <readonly>true</readonly>
         <executable>true</executable>
         <run_address>0x2498</run_address>
         <size>0x10c</size>
         <alignment>0x4</alignment>
         <input_file_ref idref="fl-cb"/>
      </object_component>
      <object_component id="oc-b4">
         <name>.text.main</name>
         <load_address>0x25a4</load_address>
         <readonly>true</readonly>
         <executable>true</executable>
         <run_address>0x25a4</run_address>
         <size>0x108</size>
         <alignment>0x4</alignment>
         <input_file_ref idref="fl-3"/>
      </object_component>
      <object_component id="oc-1a1">
         <name>.text.DL_Timer_initTimerMode</name>
         <load_address>0x26ac</load_address>
         <readonly>true</readonly>
         <executable>true</executable>
         <run_address>0x26ac</run_address>
         <size>0xe8</size>
         <alignment>0x4</alignment>
         <input_file_ref idref="fl-21"/>
      </object_component>
      <object_component id="oc-1ce">
         <name>.text.__muldf3</name>
         <load_address>0x2794</load_address>
         <readonly>true</readonly>
         <executable>true</executable>
         <run_address>0x2794</run_address>
         <size>0xe4</size>
         <alignment>0x4</alignment>
         <input_file_ref idref="fl-c8"/>
      </object_component>
      <object_component id="oc-197">
         <name>.text.DL_SYSCTL_configSYSPLL</name>
         <load_address>0x2878</load_address>
         <readonly>true</readonly>
         <executable>true</executable>
         <run_address>0x2878</run_address>
         <size>0xdc</size>
         <alignment>0x4</alignment>
         <input_file_ref idref="fl-23"/>
      </object_component>
      <object_component id="oc-34">
         <name>.text.UART2_IRQHandler</name>
         <load_address>0x2954</load_address>
         <readonly>true</readonly>
         <executable>true</executable>
         <run_address>0x2954</run_address>
         <size>0xd8</size>
         <alignment>0x4</alignment>
         <input_file_ref idref="fl-6"/>
      </object_component>
      <object_component id="oc-256">
         <name>.text.scalbn</name>
         <load_address>0x2a2c</load_address>
         <readonly>true</readonly>
         <executable>true</executable>
         <run_address>0x2a2c</run_address>
         <size>0xd8</size>
         <alignment>0x4</alignment>
         <input_file_ref idref="fl-3b"/>
      </object_component>
      <object_component id="oc-ce">
         <name>.text</name>
         <load_address>0x2b04</load_address>
         <readonly>true</readonly>
         <executable>true</executable>
         <run_address>0x2b04</run_address>
         <size>0xd8</size>
         <alignment>0x4</alignment>
         <input_file_ref idref="fl-c6"/>
      </object_component>
      <object_component id="oc-21e">
         <name>.text.DL_Timer_initPWMMode</name>
         <load_address>0x2bdc</load_address>
         <readonly>true</readonly>
         <executable>true</executable>
         <run_address>0x2bdc</run_address>
         <size>0xc4</size>
         <alignment>0x4</alignment>
         <input_file_ref idref="fl-21"/>
      </object_component>
      <object_component id="oc-cb">
         <name>.text.Oled_ShowString</name>
         <load_address>0x2ca0</load_address>
         <readonly>true</readonly>
         <executable>true</executable>
         <run_address>0x2ca0</run_address>
         <size>0xb4</size>
         <alignment>0x4</alignment>
         <input_file_ref idref="fl-f"/>
      </object_component>
      <object_component id="oc-1de">
         <name>.text.PHOTOCELL_Cycle</name>
         <load_address>0x2d54</load_address>
         <readonly>true</readonly>
         <executable>true</executable>
         <run_address>0x2d54</run_address>
         <size>0xb4</size>
         <alignment>0x4</alignment>
         <input_file_ref idref="fl-8"/>
      </object_component>
      <object_component id="oc-145">
         <name>.text.SYSCFG_DL_GPIO_init</name>
         <load_address>0x2e08</load_address>
         <readonly>true</readonly>
         <executable>true</executable>
         <run_address>0x2e08</run_address>
         <size>0xb4</size>
         <alignment>0x4</alignment>
         <input_file_ref idref="fl-1"/>
      </object_component>
      <object_component id="oc-81">
         <name>.text.PID_Cuc</name>
         <load_address>0x2ebc</load_address>
         <readonly>true</readonly>
         <executable>true</executable>
         <run_address>0x2ebc</run_address>
         <size>0xae</size>
         <alignment>0x2</alignment>
         <input_file_ref idref="fl-9"/>
      </object_component>
      <object_component id="oc-216">
         <name>.text.__aeabi_idiv0</name>
         <load_address>0x2f6a</load_address>
         <readonly>true</readonly>
         <executable>true</executable>
         <run_address>0x2f6a</run_address>
         <size>0x2</size>
         <alignment>0x2</alignment>
         <input_file_ref idref="fl-df"/>
      </object_component>
      <object_component id="oc-245">
         <name>.text</name>
         <load_address>0x2f6c</load_address>
         <readonly>true</readonly>
         <executable>true</executable>
         <run_address>0x2f6c</run_address>
         <size>0xa2</size>
         <alignment>0x4</alignment>
         <input_file_ref idref="fl-dc"/>
      </object_component>
      <object_component id="oc-e5">
         <name>.text:memcpy</name>
         <load_address>0x300e</load_address>
         <readonly>true</readonly>
         <executable>true</executable>
         <run_address>0x300e</run_address>
         <size>0x9a</size>
         <alignment>0x1</alignment>
         <input_file_ref idref="fl-e1"/>
      </object_component>
      <object_component id="oc-1b6">
         <name>.text.UART_Send</name>
         <load_address>0x30a8</load_address>
         <readonly>true</readonly>
         <executable>true</executable>
         <run_address>0x30a8</run_address>
         <size>0x94</size>
         <alignment>0x2</alignment>
         <input_file_ref idref="fl-a"/>
      </object_component>
      <object_component id="oc-146">
         <name>.text.SYSCFG_DL_SYSCTL_init</name>
         <load_address>0x313c</load_address>
         <readonly>true</readonly>
         <executable>true</executable>
         <run_address>0x313c</run_address>
         <size>0x90</size>
         <alignment>0x4</alignment>
         <input_file_ref idref="fl-1"/>
      </object_component>
      <object_component id="oc-157">
         <name>.text.MOTOR_Init</name>
         <load_address>0x31cc</load_address>
         <readonly>true</readonly>
         <executable>true</executable>
         <run_address>0x31cc</run_address>
         <size>0x8c</size>
         <alignment>0x4</alignment>
         <input_file_ref idref="fl-7"/>
      </object_component>
      <object_component id="oc-148">
         <name>.text.SYSCFG_DL_MOTOR_PWM_init</name>
         <load_address>0x3258</load_address>
         <readonly>true</readonly>
         <executable>true</executable>
         <run_address>0x3258</run_address>
         <size>0x8c</size>
         <alignment>0x4</alignment>
         <input_file_ref idref="fl-1"/>
      </object_component>
      <object_component id="oc-6b">
         <name>.text.__mulsf3</name>
         <load_address>0x32e4</load_address>
         <readonly>true</readonly>
         <executable>true</executable>
         <run_address>0x32e4</run_address>
         <size>0x8c</size>
         <alignment>0x4</alignment>
         <input_file_ref idref="fl-ca"/>
      </object_component>
      <object_component id="oc-144">
         <name>.text.SYSCFG_DL_initPower</name>
         <load_address>0x3370</load_address>
         <readonly>true</readonly>
         <executable>true</executable>
         <run_address>0x3370</run_address>
         <size>0x88</size>
         <alignment>0x4</alignment>
         <input_file_ref idref="fl-1"/>
      </object_component>
      <object_component id="oc-14e">
         <name>.text.SYSCFG_DL_DEBUG_UART_init</name>
         <load_address>0x33f8</load_address>
         <readonly>true</readonly>
         <executable>true</executable>
         <run_address>0x33f8</run_address>
         <size>0x84</size>
         <alignment>0x4</alignment>
         <input_file_ref idref="fl-1"/>
      </object_component>
      <object_component id="oc-14f">
         <name>.text.SYSCFG_DL_GY62_UART_init</name>
         <load_address>0x347c</load_address>
         <readonly>true</readonly>
         <executable>true</executable>
         <run_address>0x347c</run_address>
         <size>0x84</size>
         <alignment>0x4</alignment>
         <input_file_ref idref="fl-1"/>
      </object_component>
      <object_component id="oc-19b">
         <name>.text.DL_TimerA_initPWMMode</name>
         <load_address>0x3500</load_address>
         <readonly>true</readonly>
         <executable>true</executable>
         <run_address>0x3500</run_address>
         <size>0x80</size>
         <alignment>0x4</alignment>
         <input_file_ref idref="fl-21"/>
      </object_component>
      <object_component id="oc-1c">
         <name>.text:decompress:lzss</name>
         <load_address>0x3580</load_address>
         <readonly>true</readonly>
         <executable>true</executable>
         <run_address>0x3580</run_address>
         <size>0x78</size>
         <alignment>0x4</alignment>
         <input_file_ref idref="fl-36"/>
      </object_component>
      <object_component id="oc-250">
         <name>.text.__gedf2</name>
         <load_address>0x35f8</load_address>
         <readonly>true</readonly>
         <executable>true</executable>
         <run_address>0x35f8</run_address>
         <size>0x70</size>
         <alignment>0x4</alignment>
         <input_file_ref idref="fl-de"/>
      </object_component>
      <object_component id="oc-24a">
         <name>.text.__ledf2</name>
         <load_address>0x3668</load_address>
         <readonly>true</readonly>
         <executable>true</executable>
         <run_address>0x3668</run_address>
         <size>0x6c</size>
         <alignment>0x4</alignment>
         <input_file_ref idref="fl-de"/>
      </object_component>
      <object_component id="oc-1d6">
         <name>.text.PHOTOCELL_GetError</name>
         <load_address>0x36d4</load_address>
         <readonly>true</readonly>
         <executable>true</executable>
         <run_address>0x36d4</run_address>
         <size>0x68</size>
         <alignment>0x4</alignment>
         <input_file_ref idref="fl-8"/>
      </object_component>
      <object_component id="oc-266">
         <name>.text._mcpy</name>
         <load_address>0x373c</load_address>
         <readonly>true</readonly>
         <executable>true</executable>
         <run_address>0x373c</run_address>
         <size>0x66</size>
         <alignment>0x2</alignment>
         <input_file_ref idref="fl-39"/>
      </object_component>
      <object_component id="oc-277">
         <name>.text.__aeabi_ldiv0</name>
         <load_address>0x37a2</load_address>
         <readonly>true</readonly>
         <executable>true</executable>
         <run_address>0x37a2</run_address>
         <size>0x2</size>
         <alignment>0x2</alignment>
         <input_file_ref idref="fl-df"/>
      </object_component>
      <object_component id="oc-191">
         <name>.text.DL_SYSCTL_setHFCLKSourceHFXTParams</name>
         <load_address>0x37a4</load_address>
         <readonly>true</readonly>
         <executable>true</executable>
         <run_address>0x37a4</run_address>
         <size>0x64</size>
         <alignment>0x4</alignment>
         <input_file_ref idref="fl-23"/>
      </object_component>
      <object_component id="oc-158">
         <name>.text.GY62_Init</name>
         <load_address>0x3808</load_address>
         <readonly>true</readonly>
         <executable>true</executable>
         <run_address>0x3808</run_address>
         <size>0x64</size>
         <alignment>0x4</alignment>
         <input_file_ref idref="fl-6"/>
      </object_component>
      <object_component id="oc-20c">
         <name>.text.__aeabi_dcmp</name>
         <load_address>0x386c</load_address>
         <readonly>true</readonly>
         <executable>true</executable>
         <run_address>0x386c</run_address>
         <size>0x62</size>
         <alignment>0x4</alignment>
         <input_file_ref idref="fl-d4"/>
      </object_component>
      <object_component id="oc-d2">
         <name>.text.__aeabi_fcmp</name>
         <load_address>0x38d0</load_address>
         <readonly>true</readonly>
         <executable>true</executable>
         <run_address>0x38d0</run_address>
         <size>0x62</size>
         <alignment>0x4</alignment>
         <input_file_ref idref="fl-d5"/>
      </object_component>
      <object_component id="oc-143">
         <name>.text:memset</name>
         <load_address>0x3932</load_address>
         <readonly>true</readonly>
         <executable>true</executable>
         <run_address>0x3932</run_address>
         <size>0x62</size>
         <alignment>0x1</alignment>
         <input_file_ref idref="fl-e2"/>
      </object_component>
      <object_component id="oc-3a">
         <name>.text.UART0_IRQHandler</name>
         <load_address>0x3994</load_address>
         <readonly>true</readonly>
         <executable>true</executable>
         <run_address>0x3994</run_address>
         <size>0x60</size>
         <alignment>0x4</alignment>
         <input_file_ref idref="fl-3"/>
      </object_component>
      <object_component id="oc-252">
         <name>.text.frexp</name>
         <load_address>0x39f4</load_address>
         <readonly>true</readonly>
         <executable>true</executable>
         <run_address>0x39f4</run_address>
         <size>0x5c</size>
         <alignment>0x4</alignment>
         <input_file_ref idref="fl-3a"/>
      </object_component>
      <object_component id="oc-25a">
         <name>.text.__TI_ltoa</name>
         <load_address>0x3a50</load_address>
         <readonly>true</readonly>
         <executable>true</executable>
         <run_address>0x3a50</run_address>
         <size>0x58</size>
         <alignment>0x2</alignment>
         <input_file_ref idref="fl-3f"/>
      </object_component>
      <object_component id="oc-212">
         <name>.text._pconv_f</name>
         <load_address>0x3aa8</load_address>
         <readonly>true</readonly>
         <executable>true</executable>
         <run_address>0x3aa8</run_address>
         <size>0x58</size>
         <alignment>0x2</alignment>
         <input_file_ref idref="fl-39"/>
      </object_component>
      <object_component id="oc-285">
         <name>.text.__aeabi_idivmod</name>
         <load_address>0x3b00</load_address>
         <readonly>true</readonly>
         <executable>true</executable>
         <run_address>0x3b00</run_address>
         <size>0x56</size>
         <alignment>0x4</alignment>
         <input_file_ref idref="fl-d6"/>
      </object_component>
      <object_component id="oc-149">
         <name>.text.SYSCFG_DL_MUX_QEI_init</name>
         <load_address>0x3b58</load_address>
         <readonly>true</readonly>
         <executable>true</executable>
         <run_address>0x3b58</run_address>
         <size>0x54</size>
         <alignment>0x4</alignment>
         <input_file_ref idref="fl-1"/>
      </object_component>
      <object_component id="oc-14c">
         <name>.text.SYSCFG_DL_OLED_I2C_init</name>
         <load_address>0x3bac</load_address>
         <readonly>true</readonly>
         <executable>true</executable>
         <run_address>0x3bac</run_address>
         <size>0x54</size>
         <alignment>0x4</alignment>
         <input_file_ref idref="fl-1"/>
      </object_component>
      <object_component id="oc-14d">
         <name>.text.SYSCFG_DL_PHOTOCELL_init</name>
         <load_address>0x3c00</load_address>
         <readonly>true</readonly>
         <executable>true</executable>
         <run_address>0x3c00</run_address>
         <size>0x54</size>
         <alignment>0x4</alignment>
         <input_file_ref idref="fl-1"/>
      </object_component>
      <object_component id="oc-264">
         <name>.text._ecpy</name>
         <load_address>0x3c54</load_address>
         <readonly>true</readonly>
         <executable>true</executable>
         <run_address>0x3c54</run_address>
         <size>0x52</size>
         <alignment>0x2</alignment>
         <input_file_ref idref="fl-39"/>
      </object_component>
      <object_component id="oc-ea">
         <name>.text.SYSCFG_DL_init</name>
         <load_address>0x3ca8</load_address>
         <readonly>true</readonly>
         <executable>true</executable>
         <run_address>0x3ca8</run_address>
         <size>0x50</size>
         <alignment>0x4</alignment>
         <input_file_ref idref="fl-1"/>
      </object_component>
      <object_component id="oc-14a">
         <name>.text.SYSCFG_DL_TICKER_TIMER_init</name>
         <load_address>0x3cf8</load_address>
         <readonly>true</readonly>
         <executable>true</executable>
         <run_address>0x3cf8</run_address>
         <size>0x4c</size>
         <alignment>0x4</alignment>
         <input_file_ref idref="fl-1"/>
      </object_component>
      <object_component id="oc-1d2">
         <name>.text.__fixdfsi</name>
         <load_address>0x3d44</load_address>
         <readonly>true</readonly>
         <executable>true</executable>
         <run_address>0x3d44</run_address>
         <size>0x4a</size>
         <alignment>0x4</alignment>
         <input_file_ref idref="fl-cd"/>
      </object_component>
      <object_component id="oc-1af">
         <name>.text.DL_UART_init</name>
         <load_address>0x3d90</load_address>
         <readonly>true</readonly>
         <executable>true</executable>
         <run_address>0x3d90</run_address>
         <size>0x48</size>
         <alignment>0x4</alignment>
         <input_file_ref idref="fl-22"/>
      </object_component>
      <object_component id="oc-159">
         <name>.text.PHOTOCELL_Init</name>
         <load_address>0x3dd8</load_address>
         <readonly>true</readonly>
         <executable>true</executable>
         <run_address>0x3dd8</run_address>
         <size>0x48</size>
         <alignment>0x4</alignment>
         <input_file_ref idref="fl-8"/>
      </object_component>
      <object_component id="oc-102">
         <name>.text.PROCESS_Main</name>
         <load_address>0x3e20</load_address>
         <readonly>true</readonly>
         <executable>true</executable>
         <run_address>0x3e20</run_address>
         <size>0x48</size>
         <alignment>0x4</alignment>
         <input_file_ref idref="fl-b"/>
      </object_component>
      <object_component id="oc-91">
         <name>.text.ALERT_Proxy</name>
         <load_address>0x3e68</load_address>
         <readonly>true</readonly>
         <executable>true</executable>
         <run_address>0x3e68</run_address>
         <size>0x44</size>
         <alignment>0x4</alignment>
         <input_file_ref idref="fl-4"/>
      </object_component>
      <object_component id="oc-198">
         <name>.text.DL_SYSCTL_switchMCLKfromSYSOSCtoHSCLK</name>
         <load_address>0x3eac</load_address>
         <readonly>true</readonly>
         <executable>true</executable>
         <run_address>0x3eac</run_address>
         <size>0x44</size>
         <alignment>0x4</alignment>
         <input_file_ref idref="fl-23"/>
      </object_component>
      <object_component id="oc-76">
         <name>.text.Oled_Printf</name>
         <load_address>0x3ef0</load_address>
         <readonly>true</readonly>
         <executable>true</executable>
         <run_address>0x3ef0</run_address>
         <size>0x40</size>
         <alignment>0x2</alignment>
         <input_file_ref idref="fl-f"/>
      </object_component>
      <object_component id="oc-186">
         <name>.text.__aeabi_uidivmod</name>
         <load_address>0x3f30</load_address>
         <readonly>true</readonly>
         <executable>true</executable>
         <run_address>0x3f30</run_address>
         <size>0x40</size>
         <alignment>0x4</alignment>
         <input_file_ref idref="fl-d9"/>
      </object_component>
      <object_component id="oc-fd">
         <name>.text.__extendsfdf2</name>
         <load_address>0x3f70</load_address>
         <readonly>true</readonly>
         <executable>true</executable>
         <run_address>0x3f70</run_address>
         <size>0x40</size>
         <alignment>0x4</alignment>
         <input_file_ref idref="fl-cc"/>
      </object_component>
      <object_component id="oc-1f6">
         <name>.text.atoi</name>
         <load_address>0x3fb0</load_address>
         <readonly>true</readonly>
         <executable>true</executable>
         <run_address>0x3fb0</run_address>
         <size>0x40</size>
         <alignment>0x4</alignment>
         <input_file_ref idref="fl-42"/>
      </object_component>
      <object_component id="oc-180">
         <name>.text.DL_I2C_flushControllerTXFIFO</name>
         <load_address>0x3ff0</load_address>
         <readonly>true</readonly>
         <executable>true</executable>
         <run_address>0x3ff0</run_address>
         <size>0x3c</size>
         <alignment>0x4</alignment>
         <input_file_ref idref="fl-20"/>
      </object_component>
      <object_component id="oc-1da">
         <name>.text.YAW_Cycle</name>
         <load_address>0x402c</load_address>
         <readonly>true</readonly>
         <executable>true</executable>
         <run_address>0x402c</run_address>
         <size>0x3c</size>
         <alignment>0x4</alignment>
         <input_file_ref idref="fl-c"/>
      </object_component>
      <object_component id="oc-67">
         <name>.text.__floatsisf</name>
         <load_address>0x4068</load_address>
         <readonly>true</readonly>
         <executable>true</executable>
         <run_address>0x4068</run_address>
         <size>0x3c</size>
         <alignment>0x4</alignment>
         <input_file_ref idref="fl-d0"/>
      </object_component>
      <object_component id="oc-13b">
         <name>.text.__gtsf2</name>
         <load_address>0x40a4</load_address>
         <readonly>true</readonly>
         <executable>true</executable>
         <run_address>0x40a4</run_address>
         <size>0x3c</size>
         <alignment>0x4</alignment>
         <input_file_ref idref="fl-db"/>
      </object_component>
      <object_component id="oc-115">
         <name>.text:__TI_auto_init_nobinit_nopinit</name>
         <load_address>0x40e0</load_address>
         <readonly>true</readonly>
         <executable>true</executable>
         <run_address>0x40e0</run_address>
         <size>0x3c</size>
         <alignment>0x4</alignment>
         <input_file_ref idref="fl-46"/>
      </object_component>
      <object_component id="oc-136">
         <name>.text.__eqsf2</name>
         <load_address>0x411c</load_address>
         <readonly>true</readonly>
         <executable>true</executable>
         <run_address>0x411c</run_address>
         <size>0x3a</size>
         <alignment>0x4</alignment>
         <input_file_ref idref="fl-db"/>
      </object_component>
      <object_component id="oc-c0">
         <name>.text.__muldsi3</name>
         <load_address>0x4158</load_address>
         <readonly>true</readonly>
         <executable>true</executable>
         <run_address>0x4158</run_address>
         <size>0x3a</size>
         <alignment>0x4</alignment>
         <input_file_ref idref="fl-c9"/>
      </object_component>
      <object_component id="oc-87">
         <name>.text.__fixsfsi</name>
         <load_address>0x4194</load_address>
         <readonly>true</readonly>
         <executable>true</executable>
         <run_address>0x4194</run_address>
         <size>0x38</size>
         <alignment>0x4</alignment>
         <input_file_ref idref="fl-ce"/>
      </object_component>
      <object_component id="oc-28f">
         <name>.text.DL_I2C_flushControllerRXFIFO</name>
         <load_address>0x41cc</load_address>
         <readonly>true</readonly>
         <executable>true</executable>
         <run_address>0x41cc</run_address>
         <size>0x30</size>
         <alignment>0x4</alignment>
         <input_file_ref idref="fl-20"/>
      </object_component>
      <object_component id="oc-265">
         <name>.text._fcpy</name>
         <load_address>0x41fc</load_address>
         <readonly>true</readonly>
         <executable>true</executable>
         <run_address>0x41fc</run_address>
         <size>0x30</size>
         <alignment>0x2</alignment>
         <input_file_ref idref="fl-39"/>
      </object_component>
      <object_component id="oc-14b">
         <name>.text.SYSCFG_DL_TIMER_0_init</name>
         <load_address>0x422c</load_address>
         <readonly>true</readonly>
         <executable>true</executable>
         <run_address>0x422c</run_address>
         <size>0x2c</size>
         <alignment>0x4</alignment>
         <input_file_ref idref="fl-1"/>
      </object_component>
      <object_component id="oc-25e">
         <name>.text.__floatsidf</name>
         <load_address>0x4258</load_address>
         <readonly>true</readonly>
         <executable>true</executable>
         <run_address>0x4258</run_address>
         <size>0x2c</size>
         <alignment>0x4</alignment>
         <input_file_ref idref="fl-cf"/>
      </object_component>
      <object_component id="oc-c5">
         <name>.text.vsprintf</name>
         <load_address>0x4284</load_address>
         <readonly>true</readonly>
         <executable>true</executable>
         <run_address>0x4284</run_address>
         <size>0x2c</size>
         <alignment>0x4</alignment>
         <input_file_ref idref="fl-33"/>
      </object_component>
      <object_component id="oc-1e0">
         <name>.text.__floatunsisf</name>
         <load_address>0x42b0</load_address>
         <readonly>true</readonly>
         <executable>true</executable>
         <run_address>0x42b0</run_address>
         <size>0x28</size>
         <alignment>0x4</alignment>
         <input_file_ref idref="fl-d2"/>
      </object_component>
      <object_component id="oc-60">
         <name>.text:_c_int00_noargs</name>
         <load_address>0x42d8</load_address>
         <readonly>true</readonly>
         <executable>true</executable>
         <run_address>0x42d8</run_address>
         <size>0x28</size>
         <alignment>0x4</alignment>
         <input_file_ref idref="fl-37"/>
      </object_component>
      <object_component id="oc-1a6">
         <name>.text.DL_I2C_setClockConfig</name>
         <load_address>0x4300</load_address>
         <readonly>true</readonly>
         <executable>true</executable>
         <run_address>0x4300</run_address>
         <size>0x26</size>
         <alignment>0x2</alignment>
         <input_file_ref idref="fl-20"/>
      </object_component>
      <object_component id="oc-1c1">
         <name>.text.GY62_YawZero</name>
         <load_address>0x4328</load_address>
         <readonly>true</readonly>
         <executable>true</executable>
         <run_address>0x4328</run_address>
         <size>0x24</size>
         <alignment>0x4</alignment>
         <input_file_ref idref="fl-6"/>
      </object_component>
      <object_component id="oc-226">
         <name>.text.Photocell_ReadDigitalValue</name>
         <load_address>0x434c</load_address>
         <readonly>true</readonly>
         <executable>true</executable>
         <run_address>0x434c</run_address>
         <size>0x24</size>
         <alignment>0x4</alignment>
         <input_file_ref idref="fl-11"/>
      </object_component>
      <object_component id="oc-1ca">
         <name>.text.__floatunsidf</name>
         <load_address>0x4370</load_address>
         <readonly>true</readonly>
         <executable>true</executable>
         <run_address>0x4370</run_address>
         <size>0x24</size>
         <alignment>0x4</alignment>
         <input_file_ref idref="fl-d1"/>
      </object_component>
      <object_component id="oc-203">
         <name>.text.__muldi3</name>
         <load_address>0x4394</load_address>
         <readonly>true</readonly>
         <executable>true</executable>
         <run_address>0x4394</run_address>
         <size>0x24</size>
         <alignment>0x4</alignment>
         <input_file_ref idref="fl-d3"/>
      </object_component>
      <object_component id="oc-1ef">
         <name>.text.memccpy</name>
         <load_address>0x43b8</load_address>
         <readonly>true</readonly>
         <executable>true</executable>
         <run_address>0x43b8</run_address>
         <size>0x22</size>
         <alignment>0x2</alignment>
         <input_file_ref idref="fl-44"/>
      </object_component>
      <object_component id="oc-221">
         <name>.text.DL_UART_transmitDataBlocking</name>
         <load_address>0x43dc</load_address>
         <readonly>true</readonly>
         <executable>true</executable>
         <run_address>0x43dc</run_address>
         <size>0x20</size>
         <alignment>0x4</alignment>
         <input_file_ref idref="fl-22"/>
      </object_component>
      <object_component id="oc-278">
         <name>.text.__ashldi3</name>
         <load_address>0x43fc</load_address>
         <readonly>true</readonly>
         <executable>true</executable>
         <run_address>0x43fc</run_address>
         <size>0x1e</size>
         <alignment>0x4</alignment>
         <input_file_ref idref="fl-dd"/>
      </object_component>
      <object_component id="oc-19d">
         <name>.text.DL_Timer_setCaptCompUpdateMethod</name>
         <load_address>0x441c</load_address>
         <readonly>true</readonly>
         <executable>true</executable>
         <run_address>0x441c</run_address>
         <size>0x1c</size>
         <alignment>0x4</alignment>
         <input_file_ref idref="fl-21"/>
      </object_component>
      <object_component id="oc-19a">
         <name>.text.DL_Timer_setClockConfig</name>
         <load_address>0x4438</load_address>
         <readonly>true</readonly>
         <executable>true</executable>
         <run_address>0x4438</run_address>
         <size>0x1c</size>
         <alignment>0x4</alignment>
         <input_file_ref idref="fl-21"/>
      </object_component>
      <object_component id="oc-19c">
         <name>.text.DL_Timer_setCaptureCompareOutCtl</name>
         <load_address>0x4454</load_address>
         <readonly>true</readonly>
         <executable>true</executable>
         <run_address>0x4454</run_address>
         <size>0x18</size>
         <alignment>0x4</alignment>
         <input_file_ref idref="fl-21"/>
      </object_component>
      <object_component id="oc-129">
         <name>.text._outs</name>
         <load_address>0x446c</load_address>
         <readonly>true</readonly>
         <executable>true</executable>
         <run_address>0x446c</run_address>
         <size>0x18</size>
         <alignment>0x2</alignment>
         <input_file_ref idref="fl-33"/>
      </object_component>
      <object_component id="oc-57">
         <name>.text:decompress:ZI:__TI_zero_init_nomemset</name>
         <load_address>0x4484</load_address>
         <readonly>true</readonly>
         <executable>true</executable>
         <run_address>0x4484</run_address>
         <size>0x16</size>
         <alignment>0x2</alignment>
         <input_file_ref idref="fl-34"/>
      </object_component>
      <object_component id="oc-1c8">
         <name>.text.ISR_Set</name>
         <load_address>0x449c</load_address>
         <readonly>true</readonly>
         <executable>true</executable>
         <run_address>0x449c</run_address>
         <size>0x14</size>
         <alignment>0x4</alignment>
         <input_file_ref idref="fl-7"/>
      </object_component>
      <object_component id="oc-1c2">
         <name>.text.MOTOR_SetExpSpeed</name>
         <load_address>0x44b0</load_address>
         <readonly>true</readonly>
         <executable>true</executable>
         <run_address>0x44b0</run_address>
         <size>0x14</size>
         <alignment>0x4</alignment>
         <input_file_ref idref="fl-7"/>
      </object_component>
      <object_component id="oc-1d8">
         <name>.text.MOTOR_SetExpSpeedOffset</name>
         <load_address>0x44c4</load_address>
         <readonly>true</readonly>
         <executable>true</executable>
         <run_address>0x44c4</run_address>
         <size>0x14</size>
         <alignment>0x4</alignment>
         <input_file_ref idref="fl-7"/>
      </object_component>
      <object_component id="oc-208">
         <name>.text.__aeabi_uldivmod</name>
         <load_address>0x44d8</load_address>
         <readonly>true</readonly>
         <executable>true</executable>
         <run_address>0x44d8</run_address>
         <size>0x14</size>
         <alignment>0x4</alignment>
         <input_file_ref idref="fl-da"/>
      </object_component>
      <object_component id="oc-263">
         <name>.text.strchr</name>
         <load_address>0x44ec</load_address>
         <readonly>true</readonly>
         <executable>true</executable>
         <run_address>0x44ec</run_address>
         <size>0x14</size>
         <alignment>0x2</alignment>
         <input_file_ref idref="fl-39"/>
      </object_component>
      <object_component id="oc-1a9">
         <name>.text.DL_UART_setClockConfig</name>
         <load_address>0x4500</load_address>
         <readonly>true</readonly>
         <executable>true</executable>
         <run_address>0x4500</run_address>
         <size>0x12</size>
         <alignment>0x2</alignment>
         <input_file_ref idref="fl-22"/>
      </object_component>
      <object_component id="oc-1b4">
         <name>.text.PID_Init</name>
         <load_address>0x4512</load_address>
         <readonly>true</readonly>
         <executable>true</executable>
         <run_address>0x4512</run_address>
         <size>0x12</size>
         <alignment>0x2</alignment>
         <input_file_ref idref="fl-9"/>
      </object_component>
      <object_component id="oc-20">
         <name>.text:decompress:none</name>
         <load_address>0x4524</load_address>
         <readonly>true</readonly>
         <executable>true</executable>
         <run_address>0x4524</run_address>
         <size>0x12</size>
         <alignment>0x2</alignment>
         <input_file_ref idref="fl-35"/>
      </object_component>
      <object_component id="oc-f5">
         <name>.text.APP_Init</name>
         <load_address>0x4536</load_address>
         <readonly>true</readonly>
         <executable>true</executable>
         <run_address>0x4536</run_address>
         <size>0x10</size>
         <alignment>0x2</alignment>
         <input_file_ref idref="fl-5"/>
      </object_component>
      <object_component id="oc-8b">
         <name>.text.DL_Timer_setCaptureCompareValue</name>
         <load_address>0x4548</load_address>
         <readonly>true</readonly>
         <executable>true</executable>
         <run_address>0x4548</run_address>
         <size>0x10</size>
         <alignment>0x4</alignment>
         <input_file_ref idref="fl-21"/>
      </object_component>
      <object_component id="oc-ef">
         <name>.text.Delay_ms</name>
         <load_address>0x4558</load_address>
         <readonly>true</readonly>
         <executable>true</executable>
         <run_address>0x4558</run_address>
         <size>0x10</size>
         <alignment>0x4</alignment>
         <input_file_ref idref="fl-5"/>
      </object_component>
      <object_component id="oc-1dd">
         <name>.text.PHOTOCELL_ClearPid</name>
         <load_address>0x4568</load_address>
         <readonly>true</readonly>
         <executable>true</executable>
         <run_address>0x4568</run_address>
         <size>0x10</size>
         <alignment>0x4</alignment>
         <input_file_ref idref="fl-8"/>
      </object_component>
      <object_component id="oc-1c7">
         <name>.text.YAW_ClearPid</name>
         <load_address>0x4578</load_address>
         <readonly>true</readonly>
         <executable>true</executable>
         <run_address>0x4578</run_address>
         <size>0x10</size>
         <alignment>0x4</alignment>
         <input_file_ref idref="fl-c"/>
      </object_component>
      <object_component id="oc-1fa">
         <name>.text.wcslen</name>
         <load_address>0x4588</load_address>
         <readonly>true</readonly>
         <executable>true</executable>
         <run_address>0x4588</run_address>
         <size>0x10</size>
         <alignment>0x2</alignment>
         <input_file_ref idref="fl-49"/>
      </object_component>
      <object_component id="oc-1ee">
         <name>.text.__aeabi_memset</name>
         <load_address>0x4598</load_address>
         <readonly>true</readonly>
         <executable>true</executable>
         <run_address>0x4598</run_address>
         <size>0xe</size>
         <alignment>0x4</alignment>
         <input_file_ref idref="fl-d8"/>
      </object_component>
      <object_component id="oc-1ed">
         <name>.text.strlen</name>
         <load_address>0x45a6</load_address>
         <readonly>true</readonly>
         <executable>true</executable>
         <run_address>0x45a6</run_address>
         <size>0xe</size>
         <alignment>0x2</alignment>
         <input_file_ref idref="fl-39"/>
      </object_component>
      <object_component id="oc-1d9">
         <name>.text.ALERT_SetAlert</name>
         <load_address>0x45b4</load_address>
         <readonly>true</readonly>
         <executable>true</executable>
         <run_address>0x45b4</run_address>
         <size>0xc</size>
         <alignment>0x4</alignment>
         <input_file_ref idref="fl-4"/>
      </object_component>
      <object_component id="oc-fc">
         <name>.text.GY62_GetYaw</name>
         <load_address>0x45c0</load_address>
         <readonly>true</readonly>
         <executable>true</executable>
         <run_address>0x45c0</run_address>
         <size>0xc</size>
         <alignment>0x4</alignment>
         <input_file_ref idref="fl-6"/>
      </object_component>
      <object_component id="oc-1d7">
         <name>.text.ISR_Disable</name>
         <load_address>0x45cc</load_address>
         <readonly>true</readonly>
         <executable>true</executable>
         <run_address>0x45cc</run_address>
         <size>0xc</size>
         <alignment>0x4</alignment>
         <input_file_ref idref="fl-7"/>
      </object_component>
      <object_component id="oc-1c9">
         <name>.text.ISR_Enable</name>
         <load_address>0x45d8</load_address>
         <readonly>true</readonly>
         <executable>true</executable>
         <run_address>0x45d8</run_address>
         <size>0xc</size>
         <alignment>0x4</alignment>
         <input_file_ref idref="fl-7"/>
      </object_component>
      <object_component id="oc-1c0">
         <name>.text.PHOTOCELL_GetToggle</name>
         <load_address>0x45e4</load_address>
         <readonly>true</readonly>
         <executable>true</executable>
         <run_address>0x45e4</run_address>
         <size>0xc</size>
         <alignment>0x4</alignment>
         <input_file_ref idref="fl-8"/>
      </object_component>
      <object_component id="oc-101">
         <name>.text.PROCESS_Get</name>
         <load_address>0x45f0</load_address>
         <readonly>true</readonly>
         <executable>true</executable>
         <run_address>0x45f0</run_address>
         <size>0xc</size>
         <alignment>0x4</alignment>
         <input_file_ref idref="fl-b"/>
      </object_component>
      <object_component id="oc-f7">
         <name>.text.PROCESS_Set</name>
         <load_address>0x45fc</load_address>
         <readonly>true</readonly>
         <executable>true</executable>
         <run_address>0x45fc</run_address>
         <size>0xc</size>
         <alignment>0x4</alignment>
         <input_file_ref idref="fl-b"/>
      </object_component>
      <object_component id="oc-1c3">
         <name>.text.YAW_SetExpYaw</name>
         <load_address>0x4608</load_address>
         <readonly>true</readonly>
         <executable>true</executable>
         <run_address>0x4608</run_address>
         <size>0xc</size>
         <alignment>0x4</alignment>
         <input_file_ref idref="fl-c"/>
      </object_component>
      <object_component id="oc-ab">
         <name>.text.__aeabi_memclr</name>
         <load_address>0x4614</load_address>
         <readonly>true</readonly>
         <executable>true</executable>
         <run_address>0x4614</run_address>
         <size>0xc</size>
         <alignment>0x4</alignment>
         <input_file_ref idref="fl-d8"/>
      </object_component>
      <object_component id="oc-103">
         <name>.text.DL_Common_delayCycles</name>
         <load_address>0x4620</load_address>
         <readonly>true</readonly>
         <executable>true</executable>
         <run_address>0x4620</run_address>
         <size>0xa</size>
         <alignment>0x2</alignment>
         <input_file_ref idref="fl-1f"/>
      </object_component>
      <object_component id="oc-262">
         <name>.text.OUTLINED_FUNCTION_0</name>
         <load_address>0x462a</load_address>
         <readonly>true</readonly>
         <executable>true</executable>
         <run_address>0x462a</run_address>
         <size>0xa</size>
         <alignment>0x2</alignment>
         <input_file_ref idref="fl-39"/>
      </object_component>
      <object_component id="oc-2d9">
         <name>.tramp.__aeabi_dsub.1</name>
         <load_address>0x4634</load_address>
         <readonly>true</readonly>
         <executable>true</executable>
         <run_address>0x4634</run_address>
         <size>0x10</size>
         <alignment>0x4</alignment>
         <input_file_ref idref="fl-c7"/>
      </object_component>
      <object_component id="oc-267">
         <name>.text.OUTLINED_FUNCTION_1</name>
         <load_address>0x4644</load_address>
         <readonly>true</readonly>
         <executable>true</executable>
         <run_address>0x4644</run_address>
         <size>0xa</size>
         <alignment>0x2</alignment>
         <input_file_ref idref="fl-39"/>
      </object_component>
      <object_component id="oc-22f">
         <name>.text.PID_Clear</name>
         <load_address>0x464e</load_address>
         <readonly>true</readonly>
         <executable>true</executable>
         <run_address>0x464e</run_address>
         <size>0xa</size>
         <alignment>0x2</alignment>
         <input_file_ref idref="fl-9"/>
      </object_component>
      <object_component id="oc-12a">
         <name>.text._outc</name>
         <load_address>0x4658</load_address>
         <readonly>true</readonly>
         <executable>true</executable>
         <run_address>0x4658</run_address>
         <size>0xa</size>
         <alignment>0x2</alignment>
         <input_file_ref idref="fl-33"/>
      </object_component>
      <object_component id="oc-1fe">
         <name>.text.__aeabi_errno_addr</name>
         <load_address>0x4664</load_address>
         <readonly>true</readonly>
         <executable>true</executable>
         <run_address>0x4664</run_address>
         <size>0x8</size>
         <alignment>0x4</alignment>
         <input_file_ref idref="fl-3c"/>
      </object_component>
      <object_component id="oc-50">
         <name>.text.__aeabi_memcpy</name>
         <load_address>0x466c</load_address>
         <readonly>true</readonly>
         <executable>true</executable>
         <run_address>0x466c</run_address>
         <size>0x8</size>
         <alignment>0x4</alignment>
         <input_file_ref idref="fl-d7"/>
      </object_component>
      <object_component id="oc-1b5">
         <name>.text.PID_SetPid</name>
         <load_address>0x4674</load_address>
         <readonly>true</readonly>
         <executable>true</executable>
         <run_address>0x4674</run_address>
         <size>0x4</size>
         <alignment>0x2</alignment>
         <input_file_ref idref="fl-9"/>
      </object_component>
      <object_component id="oc-2f">
         <name>.text.Reset_Handler</name>
         <load_address>0x4678</load_address>
         <readonly>true</readonly>
         <executable>true</executable>
         <run_address>0x4678</run_address>
         <size>0x4</size>
         <alignment>0x2</alignment>
         <input_file_ref idref="fl-2"/>
      </object_component>
      <object_component id="oc-b0">
         <name>.text._system_pre_init</name>
         <load_address>0x467c</load_address>
         <readonly>true</readonly>
         <executable>true</executable>
         <run_address>0x467c</run_address>
         <size>0x4</size>
         <alignment>0x2</alignment>
         <input_file_ref idref="fl-47"/>
      </object_component>
      <object_component id="oc-10e">
         <name>.text:abort</name>
         <load_address>0x4680</load_address>
         <readonly>true</readonly>
         <executable>true</executable>
         <run_address>0x4680</run_address>
         <size>0x4</size>
         <alignment>0x2</alignment>
         <input_file_ref idref="fl-3d"/>
      </object_component>
      <object_component id="oc-2d5">
         <name>.cinit..data.load</name>
         <load_address>0x4aa0</load_address>
         <readonly>true</readonly>
         <run_address>0x4aa0</run_address>
         <size>0x11</size>
         <alignment>0x1</alignment>
      </object_component>
      <object_component id="oc-2d3">
         <name>__TI_handler_table</name>
         <load_address>0x4ab4</load_address>
         <readonly>true</readonly>
         <run_address>0x4ab4</run_address>
         <size>0xc</size>
         <alignment>0x4</alignment>
      </object_component>
      <object_component id="oc-2d6">
         <name>.cinit..bss.load</name>
         <load_address>0x4ac0</load_address>
         <readonly>true</readonly>
         <run_address>0x4ac0</run_address>
         <size>0x8</size>
         <alignment>0x4</alignment>
      </object_component>
      <object_component id="oc-2d4">
         <name>__TI_cinit_table</name>
         <load_address>0x4ac8</load_address>
         <readonly>true</readonly>
         <run_address>0x4ac8</run_address>
         <size>0x10</size>
         <alignment>0x4</alignment>
      </object_component>
      <object_component id="oc-133">
         <name>.rodata.F6x8</name>
         <load_address>0x4690</load_address>
         <readonly>true</readonly>
         <run_address>0x4690</run_address>
         <size>0x228</size>
         <alignment>0x1</alignment>
         <input_file_ref idref="fl-e"/>
      </object_component>
      <object_component id="oc-19f">
         <name>.rodata.gMOTOR_PWMConfig</name>
         <load_address>0x48b8</load_address>
         <readonly>true</readonly>
         <run_address>0x48b8</run_address>
         <size>0x8</size>
         <alignment>0x4</alignment>
         <input_file_ref idref="fl-1"/>
      </object_component>
      <object_component id="oc-239">
         <name>.rodata:__aeabi_ctype_table_</name>
[...]
      <symbol id="sm-1f1">
         <name>__TI_ATRegion0_trg_addr</name>
         <value>0x0</value>
      </symbol>
      <symbol id="sm-1f2">
         <name>__TI_ATRegion0_region_sz</name>
         <value>0x0</value>
      </symbol>
      <symbol id="sm-1f3">
         <name>__TI_ATRegion1_src_addr</name>
         <value>0x0</value>
      </symbol>
      <symbol id="sm-1f4">
         <name>__TI_ATRegion1_trg_addr</name>
         <value>0x0</value>
      </symbol>
      <symbol id="sm-1f5">
         <name>__TI_ATRegion1_region_sz</name>
         <value>0x0</value>
      </symbol>
      <symbol id="sm-1f6">
         <name>__TI_ATRegion2_src_addr</name>
         <value>0x0</value>
      </symbol>
      <symbol id="sm-1f7">
         <name>__TI_ATRegion2_trg_addr</name>
         <value>0x0</value>
      </symbol>
      <symbol id="sm-1f8">
         <name>__TI_ATRegion2_region_sz</name>
         <value>0x0</value>
      </symbol>
      <symbol id="sm-201">
         <name>DL_Common_delayCycles</name>
         <value>0x4621</value>
         <object_component_ref idref="oc-103"/>
      </symbol>
      <symbol id="sm-211">
         <name>DL_I2C_setClockConfig</name>
         <value>0x4301</value>
         <object_component_ref idref="oc-1a6"/>
      </symbol>
      <symbol id="sm-212">
         <name>DL_I2C_flushControllerTXFIFO</name>
         <value>0x3ff1</value>
         <object_component_ref idref="oc-180"/>
      </symbol>
      <symbol id="sm-213">
         <name>DL_I2C_flushControllerRXFIFO</name>
         <value>0x41cd</value>
         <object_component_ref idref="oc-28f"/>
      </symbol>
      <symbol id="sm-232">
         <name>DL_Timer_setClockConfig</name>
         <value>0x4439</value>
         <object_component_ref idref="oc-19a"/>
      </symbol>
      <symbol id="sm-233">
         <name>DL_Timer_initTimerMode</name>
         <value>0x26ad</value>
         <object_component_ref idref="oc-1a1"/>
      </symbol>
      <symbol id="sm-234">
         <name>DL_Timer_setCaptureCompareValue</name>
         <value>0x4549</value>
         <object_component_ref idref="oc-8b"/>
      </symbol>
      <symbol id="sm-235">
         <name>DL_Timer_initPWMMode</name>
         <value>0x2bdd</value>
         <object_component_ref idref="oc-21e"/>
      </symbol>
      <symbol id="sm-236">
         <name>DL_Timer_setCaptureCompareOutCtl</name>
         <value>0x4455</value>
         <object_component_ref idref="oc-19c"/>
      </symbol>
      <symbol id="sm-237">
         <name>DL_Timer_setCaptCompUpdateMethod</name>
         <value>0x441d</value>
         <object_component_ref idref="oc-19d"/>
      </symbol>
      <symbol id="sm-238">
         <name>DL_TimerA_initPWMMode</name>
         <value>0x3501</value>
         <object_component_ref idref="oc-19b"/>
      </symbol>
      <symbol id="sm-248">
         <name>DL_UART_init</name>
         <value>0x3d91</value>
         <object_component_ref idref="oc-1af"/>
      </symbol>
      <symbol id="sm-249">
         <name>DL_UART_setClockConfig</name>
         <value>0x4501</value>
         <object_component_ref idref="oc-1a9"/>
      </symbol>
      <symbol id="sm-24a">
         <name>DL_UART_transmitDataBlocking</name>
         <value>0x43dd</value>
         <object_component_ref idref="oc-221"/>
      </symbol>
      <symbol id="sm-25b">
         <name>DL_SYSCTL_configSYSPLL</name>
         <value>0x2879</value>
         <object_component_ref idref="oc-197"/>
      </symbol>
      <symbol id="sm-25c">
         <name>DL_SYSCTL_switchMCLKfromSYSOSCtoHSCLK</name>
         <value>0x3ead</value>
         <object_component_ref idref="oc-198"/>
      </symbol>
      <symbol id="sm-25d">
         <name>DL_SYSCTL_setHFCLKSourceHFXTParams</name>
         <value>0x37a5</value>
         <object_component_ref idref="oc-191"/>
      </symbol>
      <symbol id="sm-26f">
         <name>vsprintf</name>
         <value>0x4285</value>
         <object_component_ref idref="oc-c5"/>
      </symbol>
      <symbol id="sm-279">
         <name>__TI_zero_init_nomemset</name>
         <value>0x4485</value>
         <object_component_ref idref="oc-57"/>
      </symbol>
      <symbol id="sm-282">
         <name>__TI_decompress_none</name>
         <value>0x4525</value>
         <object_component_ref idref="oc-20"/>
      </symbol>
      <symbol id="sm-28d">
         <name>__TI_decompress_lzss</name>
         <value>0x3581</value>
         <object_component_ref idref="oc-1c"/>
      </symbol>
      <symbol id="sm-298">
         <name>_c_int00_noargs</name>
         <value>0x42d9</value>
         <object_component_ref idref="oc-60"/>
      </symbol>
      <symbol id="sm-299">
         <name>__stack</name>
         <value>0x20207e00</value>
         <object_component_ref idref="oc-1a"/>
      </symbol>
      <symbol id="sm-2e3">
         <name>__TI_printfi</name>
         <value>0xc1</value>
         <object_component_ref idref="oc-17f"/>
      </symbol>
      <symbol id="sm-2ed">
         <name>frexp</name>
         <value>0x39f5</value>
         <object_component_ref idref="oc-252"/>
      </symbol>
      <symbol id="sm-2ee">
         <name>frexpl</name>
         <value>0x39f5</value>
         <object_component_ref idref="oc-252"/>
      </symbol>
      <symbol id="sm-2f8">
         <name>scalbn</name>
         <value>0x2a2d</value>
         <object_component_ref idref="oc-256"/>
      </symbol>
      <symbol id="sm-2f9">
         <name>ldexp</name>
         <value>0x2a2d</value>
         <object_component_ref idref="oc-256"/>
      </symbol>
      <symbol id="sm-2fa">
         <name>scalbnl</name>
         <value>0x2a2d</value>
         <object_component_ref idref="oc-256"/>
      </symbol>
      <symbol id="sm-2fb">
         <name>ldexpl</name>
         <value>0x2a2d</value>
         <object_component_ref idref="oc-256"/>
      </symbol>
      <symbol id="sm-306">
         <name>__aeabi_errno_addr</name>
         <value>0x4665</value>
         <object_component_ref idref="oc-1fe"/>
      </symbol>
      <symbol id="sm-307">
         <name>__aeabi_errno</name>
         <value>0x202002cc</value>
         <object_component_ref idref="oc-240"/>
      </symbol>
      <symbol id="sm-311">
         <name>abort</name>
         <value>0x4681</value>
         <object_component_ref idref="oc-10e"/>
      </symbol>
      <symbol id="sm-312">
         <name>C$$EXIT</name>
         <value>0x4680</value>
         <object_component_ref idref="oc-10e"/>
      </symbol>
      <symbol id="sm-31c">
         <name>__TI_ltoa</name>
         <value>0x3a51</value>
         <object_component_ref idref="oc-25a"/>
      </symbol>
      <symbol id="sm-328">
         <name>atoi</name>
         <value>0x3fb1</value>
         <object_component_ref idref="oc-1f6"/>
      </symbol>
      <symbol id="sm-332">
         <name>memccpy</name>
         <value>0x43b9</value>
         <object_component_ref idref="oc-1ef"/>
      </symbol>
      <symbol id="sm-33e">
         <name>__TI_auto_init_nobinit_nopinit</name>
         <value>0x40e1</value>
         <object_component_ref idref="oc-115"/>
      </symbol>
      <symbol id="sm-346">
         <name>_system_pre_init</name>
         <value>0x467d</value>
         <object_component_ref idref="oc-b0"/>
      </symbol>
      <symbol id="sm-350">
         <name>wcslen</name>
         <value>0x4589</value>
         <object_component_ref idref="oc-1fa"/>
      </symbol>
      <symbol id="sm-355">
         <name>__aeabi_ctype_table_</name>
         <value>0x48c0</value>
         <object_component_ref idref="oc-239"/>
      </symbol>
      <symbol id="sm-356">
         <name>__aeabi_ctype_table_C</name>
         <value>0x48c0</value>
         <object_component_ref idref="oc-239"/>
      </symbol>
      <symbol id="sm-36e">
         <name>__aeabi_fadd</name>
         <value>0x2b0f</value>
         <object_component_ref idref="oc-ce"/>
      </symbol>
      <symbol id="sm-36f">
         <name>__addsf3</name>
         <value>0x2b0f</value>
         <object_component_ref idref="oc-ce"/>
      </symbol>
      <symbol id="sm-370">
         <name>__aeabi_fsub</name>
         <value>0x2b05</value>
         <object_component_ref idref="oc-ce"/>
      </symbol>
      <symbol id="sm-371">
         <name>__subsf3</name>
         <value>0x2b05</value>
         <object_component_ref idref="oc-ce"/>
      </symbol>
      <symbol id="sm-377">
         <name>__aeabi_dadd</name>
         <value>0x1aeb</value>
         <object_component_ref idref="oc-26d"/>
      </symbol>
      <symbol id="sm-378">
         <name>__adddf3</name>
         <value>0x1aeb</value>
         <object_component_ref idref="oc-26d"/>
      </symbol>
      <symbol id="sm-379">
         <name>__aeabi_dsub</name>
         <value>0x1ae1</value>
         <object_component_ref idref="oc-26d"/>
      </symbol>
      <symbol id="sm-37a">
         <name>__subdf3</name>
         <value>0x1ae1</value>
         <object_component_ref idref="oc-26d"/>
      </symbol>
      <symbol id="sm-383">
         <name>__aeabi_dmul</name>
         <value>0x2795</value>
         <object_component_ref idref="oc-1ce"/>
      </symbol>
      <symbol id="sm-384">
         <name>__muldf3</name>
         <value>0x2795</value>
         <object_component_ref idref="oc-1ce"/>
      </symbol>
      <symbol id="sm-38a">
         <name>__muldsi3</name>
         <value>0x4159</value>
         <object_component_ref idref="oc-c0"/>
      </symbol>
      <symbol id="sm-390">
         <name>__aeabi_fmul</name>
         <value>0x32e5</value>
         <object_component_ref idref="oc-6b"/>
      </symbol>
      <symbol id="sm-391">
         <name>__mulsf3</name>
         <value>0x32e5</value>
         <object_component_ref idref="oc-6b"/>
      </symbol>
      <symbol id="sm-397">
         <name>__aeabi_ddiv</name>
         <value>0x2499</value>
         <object_component_ref idref="oc-268"/>
      </symbol>
      <symbol id="sm-398">
         <name>__divdf3</name>
         <value>0x2499</value>
         <object_component_ref idref="oc-268"/>
      </symbol>
      <symbol id="sm-39e">
         <name>__aeabi_f2d</name>
         <value>0x3f71</value>
         <object_component_ref idref="oc-fd"/>
      </symbol>
      <symbol id="sm-39f">
         <name>__extendsfdf2</name>
         <value>0x3f71</value>
         <object_component_ref idref="oc-fd"/>
      </symbol>
      <symbol id="sm-3a5">
         <name>__aeabi_d2iz</name>
         <value>0x3d45</value>
         <object_component_ref idref="oc-1d2"/>
      </symbol>
      <symbol id="sm-3a6">
         <name>__fixdfsi</name>
         <value>0x3d45</value>
         <object_component_ref idref="oc-1d2"/>
      </symbol>
      <symbol id="sm-3ac">
         <name>__aeabi_f2iz</name>
         <value>0x4195</value>
         <object_component_ref idref="oc-87"/>
      </symbol>
      <symbol id="sm-3ad">
         <name>__fixsfsi</name>
         <value>0x4195</value>
         <object_component_ref idref="oc-87"/>
      </symbol>
      <symbol id="sm-3b3">
         <name>__aeabi_i2d</name>
         <value>0x4259</value>
         <object_component_ref idref="oc-25e"/>
      </symbol>
      <symbol id="sm-3b4">
         <name>__floatsidf</name>
         <value>0x4259</value>
         <object_component_ref idref="oc-25e"/>
      </symbol>
      <symbol id="sm-3ba">
         <name>__aeabi_i2f</name>
         <value>0x4069</value>
         <object_component_ref idref="oc-67"/>
      </symbol>
      <symbol id="sm-3bb">
         <name>__floatsisf</name>
         <value>0x4069</value>
         <object_component_ref idref="oc-67"/>
      </symbol>
      <symbol id="sm-3c1">
         <name>__aeabi_ui2d</name>
         <value>0x4371</value>
         <object_component_ref idref="oc-1ca"/>
      </symbol>
      <symbol id="sm-3c2">
         <name>__floatunsidf</name>
         <value>0x4371</value>
         <object_component_ref idref="oc-1ca"/>
      </symbol>
      <symbol id="sm-3c8">
         <name>__aeabi_ui2f</name>
         <value>0x42b1</value>
         <object_component_ref idref="oc-1e0"/>
      </symbol>
      <symbol id="sm-3c9">
         <name>__floatunsisf</name>
         <value>0x42b1</value>
         <object_component_ref idref="oc-1e0"/>
      </symbol>
      <symbol id="sm-3cf">
         <name>__aeabi_lmul</name>
         <value>0x4395</value>
         <object_component_ref idref="oc-203"/>
      </symbol>
      <symbol id="sm-3d0">
         <name>__muldi3</name>
         <value>0x4395</value>
         <object_component_ref idref="oc-203"/>
      </symbol>
      <symbol id="sm-3d6">
         <name>__aeabi_dcmpeq</name>
         <value>0x386d</value>
         <object_component_ref idref="oc-20c"/>
      </symbol>
      <symbol id="sm-3d7">
         <name>__aeabi_dcmplt</name>
         <value>0x3881</value>
         <object_component_ref idref="oc-20c"/>
      </symbol>
      <symbol id="sm-3d8">
         <name>__aeabi_dcmple</name>
         <value>0x3895</value>
         <object_component_ref idref="oc-20c"/>
      </symbol>
      <symbol id="sm-3d9">
         <name>__aeabi_dcmpge</name>
         <value>0x38a9</value>
         <object_component_ref idref="oc-20c"/>
      </symbol>
      <symbol id="sm-3da">
         <name>__aeabi_dcmpgt</name>
         <value>0x38bd</value>
         <object_component_ref idref="oc-20c"/>
      </symbol>
      <symbol id="sm-3e0">
         <name>__aeabi_fcmpeq</name>
         <value>0x38d1</value>
         <object_component_ref idref="oc-d2"/>
      </symbol>
      <symbol id="sm-3e1">
         <name>__aeabi_fcmplt</name>
         <value>0x38e5</value>
         <object_component_ref idref="oc-d2"/>
      </symbol>
      <symbol id="sm-3e2">
         <name>__aeabi_fcmple</name>
         <value>0x38f9</value>
         <object_component_ref idref="oc-d2"/>
      </symbol>
      <symbol id="sm-3e3">
         <name>__aeabi_fcmpge</name>
         <value>0x390d</value>
         <object_component_ref idref="oc-d2"/>
      </symbol>
      <symbol id="sm-3e4">
         <name>__aeabi_fcmpgt</name>
         <value>0x3921</value>
         <object_component_ref idref="oc-d2"/>
      </symbol>
      <symbol id="sm-3ea">
         <name>__aeabi_idiv</name>
         <value>0x3b01</value>
         <object_component_ref idref="oc-285"/>
      </symbol>
      <symbol id="sm-3eb">
         <name>__aeabi_idivmod</name>
         <value>0x3b01</value>
         <object_component_ref idref="oc-285"/>
      </symbol>
      <symbol id="sm-3f1">
         <name>__aeabi_memcpy</name>
         <value>0x466d</value>
         <object_component_ref idref="oc-50"/>
      </symbol>
      <symbol id="sm-3f2">
         <name>__aeabi_memcpy4</name>
         <value>0x466d</value>
         <object_component_ref idref="oc-50"/>
      </symbol>
      <symbol id="sm-3f3">
         <name>__aeabi_memcpy8</name>
         <value>0x466d</value>
         <object_component_ref idref="oc-50"/>
      </symbol>
      <symbol id="sm-3fc">
         <name>__aeabi_memset</name>
         <value>0x4599</value>
         <object_component_ref idref="oc-1ee"/>
      </symbol>
      <symbol id="sm-3fd">
         <name>__aeabi_memset4</name>
         <value>0x4599</value>
         <object_component_ref idref="oc-1ee"/>
      </symbol>
      <symbol id="sm-3fe">
         <name>__aeabi_memset8</name>
         <value>0x4599</value>
         <object_component_ref idref="oc-1ee"/>
      </symbol>
      <symbol id="sm-3ff">
         <name>__aeabi_memclr</name>
         <value>0x4615</value>
         <object_component_ref idref="oc-ab"/>
      </symbol>
      <symbol id="sm-400">
         <name>__aeabi_memclr4</name>
         <value>0x4615</value>
         <object_component_ref idref="oc-ab"/>
      </symbol>
      <symbol id="sm-401">
         <name>__aeabi_memclr8</name>
         <value>0x4615</value>
         <object_component_ref idref="oc-ab"/>
      </symbol>
      <symbol id="sm-407">
         <name>__aeabi_uidiv</name>
         <value>0x3f31</value>
         <object_component_ref idref="oc-186"/>
      </symbol>
      <symbol id="sm-408">
         <name>__aeabi_uidivmod</name>
         <value>0x3f31</value>
         <object_component_ref idref="oc-186"/>
      </symbol>
      <symbol id="sm-40e">
         <name>__aeabi_uldivmod</name>
         <value>0x44d9</value>
         <object_component_ref idref="oc-208"/>
      </symbol>
      <symbol id="sm-417">
         <name>__eqsf2</name>
         <value>0x411d</value>
         <object_component_ref idref="oc-136"/>
      </symbol>
      <symbol id="sm-418">
         <name>__lesf2</name>
         <value>0x411d</value>
         <object_component_ref idref="oc-136"/>
      </symbol>
      <symbol id="sm-419">
         <name>__ltsf2</name>
         <value>0x411d</value>
         <object_component_ref idref="oc-136"/>
      </symbol>
      <symbol id="sm-41a">
         <name>__nesf2</name>
         <value>0x411d</value>
         <object_component_ref idref="oc-136"/>
      </symbol>
      <symbol id="sm-41b">
         <name>__cmpsf2</name>
         <value>0x411d</value>
         <object_component_ref idref="oc-136"/>
      </symbol>
      <symbol id="sm-41c">
         <name>__gtsf2</name>
         <value>0x40a5</value>
         <object_component_ref idref="oc-13b"/>
      </symbol>
      <symbol id="sm-41d">
         <name>__gesf2</name>
         <value>0x40a5</value>
         <object_component_ref idref="oc-13b"/>
      </symbol>
      <symbol id="sm-423">
         <name>__udivmoddi4</name>
         <value>0x2f6d</value>
         <object_component_ref idref="oc-245"/>
      </symbol>
      <symbol id="sm-429">
         <name>__aeabi_llsl</name>
         <value>0x43fd</value>
         <object_component_ref idref="oc-278"/>
      </symbol>
      <symbol id="sm-42a">
         <name>__ashldi3</name>
         <value>0x43fd</value>
         <object_component_ref idref="oc-278"/>
      </symbol>
      <symbol id="sm-438">
         <name>__ledf2</name>
         <value>0x3669</value>
         <object_component_ref idref="oc-24a"/>
      </symbol>
      <symbol id="sm-439">
         <name>__gedf2</name>
         <value>0x35f9</value>
         <object_component_ref idref="oc-250"/>
      </symbol>
      <symbol id="sm-43a">
         <name>__cmpdf2</name>
         <value>0x3669</value>
         <object_component_ref idref="oc-24a"/>
      </symbol>
      <symbol id="sm-43b">
         <name>__eqdf2</name>
         <value>0x3669</value>
         <object_component_ref idref="oc-24a"/>
      </symbol>
      <symbol id="sm-43c">
         <name>__ltdf2</name>
         <value>0x3669</value>
         <object_component_ref idref="oc-24a"/>
      </symbol>
      <symbol id="sm-43d">
         <name>__nedf2</name>
         <value>0x3669</value>
         <object_component_ref idref="oc-24a"/>
      </symbol>
      <symbol id="sm-43e">
         <name>__gtdf2</name>
         <value>0x35f9</value>
         <object_component_ref idref="oc-250"/>
      </symbol>
      <symbol id="sm-44a">
         <name>__aeabi_idiv0</name>
         <value>0x2f6b</value>
         <object_component_ref idref="oc-216"/>
      </symbol>
      <symbol id="sm-44b">
         <name>__aeabi_ldiv0</name>
         <value>0x37a3</value>
         <object_component_ref idref="oc-277"/>
      </symbol>
      <symbol id="sm-465">
         <name>memcpy</name>
         <value>0x300f</value>
         <object_component_ref idref="oc-e5"/>
      </symbol>
      <symbol id="sm-474">
         <name>memset</name>
         <value>0x3933</value>
         <object_component_ref idref="oc-143"/>
      </symbol>
      <symbol id="sm-475">
         <name>__TI_static_base__</name>
         <value>0x0</value>
      </symbol>
      <symbol id="sm-479">
         <name>__mpu_init</name>
         <value>0x0</value>
      </symbol>
      <symbol id="sm-47a">
         <name>_system_post_cinit</name>
         <value>0x0</value>
      </symbol>
   </symbol_table>
   <title>Link successful</title>
</link_info>
